Archive member included to satisfy reference by file (symbol)

/Applications/ArmGNUToolchain/14.3.rel1/arm-none-eabi/bin/../lib/gcc/arm-none-eabi/14.3.1/../../../../arm-none-eabi/lib/thumb/v8-m.main+fp/softfp/libm.a(libm_a-wf_sqrt.o)
                              CMakeFiles/grblHAL.dir/grbl/gcode.c.o (sqrtf)
/Applications/ArmGNUToolchain/14.3.rel1/arm-none-eabi/bin/../lib/gcc/arm-none-eabi/14.3.1/../../../../arm-none-eabi/lib/thumb/v8-m.main+fp/softfp/libm.a(libm_a-ef_sqrt.o)
                              /Applications/ArmGNUToolchain/14.3.rel1/arm-none-eabi/bin/../lib/gcc/arm-none-eabi/14.3.1/../../../../arm-none-eabi/lib/thumb/v8-m.main+fp/softfp/libm.a(libm_a-wf_sqrt.o) (__ieee754_sqrtf)
/Applications/ArmGNUToolchain/14.3.rel1/arm-none-eabi/bin/../lib/gcc/arm-none-eabi/14.3.1/../../../../arm-none-eabi/lib/thumb/v8-m.main+fp/softfp/libm.a(libm_a-sf_lround.o)
                              CMakeFiles/grblHAL.dir/grbl/gcode.c.o (lroundf)
/Applications/ArmGNUToolchain/14.3.rel1/arm-none-eabi/bin/../lib/gcc/arm-none-eabi/14.3.1/thumb/v8-m.main+fp/softfp/libgcc.a(_arm_addsubdf3.o)
                              CMakeFiles/grblHAL.dir/grbl/motion_control.c.o (__aeabi_f2d)
/Applications/ArmGNUToolchain/14.3.rel1/arm-none-eabi/bin/../lib/gcc/arm-none-eabi/14.3.1/thumb/v8-m.main+fp/softfp/libgcc.a(_aeabi_ldivmod.o)
                              CMakeFiles/grblHAL.dir/Users/lukasnoll/.pico-sdk/sdk/2.1.1/src/common/pico_time/time.c.o (__aeabi_ldivmod)
/Applications/ArmGNUToolchain/14.3.rel1/arm-none-eabi/bin/../lib/gcc/arm-none-eabi/14.3.1/thumb/v8-m.main+fp/softfp/libgcc.a(_aeabi_uldivmod.o)
                              CMakeFiles/grblHAL.dir/grbl/stepper2.c.o (__aeabi_uldivmod)
/Applications/ArmGNUToolchain/14.3.rel1/arm-none-eabi/bin/../lib/gcc/arm-none-eabi/14.3.1/thumb/v8-m.main+fp/softfp/libgcc.a(_popcountsi2.o)
                              CMakeFiles/grblHAL.dir/littlefs/lfs.c.o (__popcountsi2)
/Applications/ArmGNUToolchain/14.3.rel1/arm-none-eabi/bin/../lib/gcc/arm-none-eabi/14.3.1/thumb/v8-m.main+fp/softfp/libgcc.a(_udivmoddi4.o)
                              /Applications/ArmGNUToolchain/14.3.rel1/arm-none-eabi/bin/../lib/gcc/arm-none-eabi/14.3.1/thumb/v8-m.main+fp/softfp/libgcc.a(_aeabi_ldivmod.o) (__udivmoddi4)
/Applications/ArmGNUToolchain/14.3.rel1/arm-none-eabi/bin/../lib/gcc/arm-none-eabi/14.3.1/thumb/v8-m.main+fp/softfp/libgcc.a(_dvmd_tls.o)
                              /Applications/ArmGNUToolchain/14.3.rel1/arm-none-eabi/bin/../lib/gcc/arm-none-eabi/14.3.1/thumb/v8-m.main+fp/softfp/libgcc.a(_aeabi_ldivmod.o) (__aeabi_ldiv0)
/Applications/ArmGNUToolchain/14.3.rel1/arm-none-eabi/bin/../lib/gcc/arm-none-eabi/14.3.1/../../../../arm-none-eabi/lib/thumb/v8-m.main+fp/softfp/libg.a(libc_a-atoi.o)
                              CMakeFiles/grblHAL.dir/grbl/strutils.c.o (atoi)
/Applications/ArmGNUToolchain/14.3.rel1/arm-none-eabi/bin/../lib/gcc/arm-none-eabi/14.3.1/../../../../arm-none-eabi/lib/thumb/v8-m.main+fp/softfp/libg.a(libc_a-calloc.o)
                              CMakeFiles/grblHAL.dir/Users/lukasnoll/.pico-sdk/sdk/2.1.1/src/rp2_common/pico_malloc/malloc.c.o (calloc)
/Applications/ArmGNUToolchain/14.3.rel1/arm-none-eabi/bin/../lib/gcc/arm-none-eabi/14.3.1/../../../../arm-none-eabi/lib/thumb/v8-m.main+fp/softfp/libg.a(libc_a-callocr.o)
                              /Applications/ArmGNUToolchain/14.3.rel1/arm-none-eabi/bin/../lib/gcc/arm-none-eabi/14.3.1/../../../../arm-none-eabi/lib/thumb/v8-m.main+fp/softfp/libg.a(libc_a-calloc.o) (_calloc_r)
/Applications/ArmGNUToolchain/14.3.rel1/arm-none-eabi/bin/../lib/gcc/arm-none-eabi/14.3.1/../../../../arm-none-eabi/lib/thumb/v8-m.main+fp/softfp/libg.a(libc_a-qsort.o)
                              CMakeFiles/grblHAL.dir/grbl/report.c.o (qsort)
/Applications/ArmGNUToolchain/14.3.rel1/arm-none-eabi/bin/../lib/gcc/arm-none-eabi/14.3.1/../../../../arm-none-eabi/lib/thumb/v8-m.main+fp/softfp/libg.a(libc_a-malloc.o)
                              CMakeFiles/grblHAL.dir/Users/lukasnoll/.pico-sdk/sdk/2.1.1/src/rp2_common/pico_malloc/malloc.c.o (malloc)
/Applications/ArmGNUToolchain/14.3.rel1/arm-none-eabi/bin/../lib/gcc/arm-none-eabi/14.3.1/../../../../arm-none-eabi/lib/thumb/v8-m.main+fp/softfp/libg.a(libc_a-mallocr.o)
                              /Applications/ArmGNUToolchain/14.3.rel1/arm-none-eabi/bin/../lib/gcc/arm-none-eabi/14.3.1/../../../../arm-none-eabi/lib/thumb/v8-m.main+fp/softfp/libg.a(libc_a-callocr.o) (_malloc_r)
/Applications/ArmGNUToolchain/14.3.rel1/arm-none-eabi/bin/../lib/gcc/arm-none-eabi/14.3.1/../../../../arm-none-eabi/lib/thumb/v8-m.main+fp/softfp/libg.a(libc_a-mlock.o)
                              /Applications/ArmGNUToolchain/14.3.rel1/arm-none-eabi/bin/../lib/gcc/arm-none-eabi/14.3.1/../../../../arm-none-eabi/lib/thumb/v8-m.main+fp/softfp/libg.a(libc_a-mallocr.o) (__malloc_lock)
[...]
Memory Configuration

Name             Origin             Length             Attributes
FLASH            0x10000000         0x00400000         xr
RAM              0x20000000         0x00080000         xrw
SCRATCH_X        0x20080000         0x00001000         xrw
SCRATCH_Y        0x20081000         0x00001000         xrw
*default*        0x00000000         0xffffffff

Linker script and memory map

LOAD /Applications/ArmGNUToolchain/14.3.rel1/arm-none-eabi/bin/../lib/gcc/arm-none-eabi/14.3.1/thumb/v8-m.main+fp/softfp/crti.o
LOAD /Applications/ArmGNUToolchain/14.3.rel1/arm-none-eabi/bin/../lib/gcc/arm-none-eabi/14.3.1/thumb/v8-m.main+fp/softfp/crtbegin.o
LOAD /Applications/ArmGNUToolchain/14.3.rel1/arm-none-eabi/bin/../lib/gcc/arm-none-eabi/14.3.1/../../../../arm-none-eabi/lib/thumb/v8-m.main+fp/softfp/crt0.o

.flash_begin    0x10000000        0x0
                0x10000000                        __flash_binary_start = .

.text           0x10000000    0x277f0
                0x10000000                        __logical_binary_start = .
 *(.vectors)
 .vectors       0x10000000      0x124 CMakeFiles/grblHAL.dir/Users/lukasnoll/.pico-sdk/sdk/2.1.1/src/rp2_common/pico_crt0/crt0.S.o
                0x10000000                __vectors
                0x10000000                __VECTOR_TABLE
                0x10000110                isr_invalid
                0x10000110                __default_isrs_start
                0x10000112                isr_nmi
                0x10000114                isr_hardfault
                0x10000116                isr_svcall
                0x10000118                isr_pendsv
                0x1000011c                isr_irq31
                0x1000011c                isr_irq5
                0x1000011c                isr_irq11
                0x1000011c                isr_irq23
                0x1000011c                isr_irq48
                0x1000011c                isr_irq35
                0x1000011c                isr_irq18
                0x1000011c                isr_irq50
                0x1000011c                isr_irq40
                0x1000011c                isr_irq28
                0x1000011c                isr_irq19
                0x1000011c                isr_irq36
                0x1000011c                isr_irq41
                0x1000011c                isr_irq0
                0x1000011c                isr_irq6
                0x1000011c                isr_irq37
                0x1000011c                isr_irq42
                0x1000011c                isr_irq22
                0x1000011c                isr_irq17
                0x1000011c                isr_irq38
                0x1000011c                isr_irq14
                0x1000011c                isr_irq2
                0x1000011c                isr_irq10
                0x1000011c                isr_irq8
                0x1000011c                isr_irq24
                0x1000011c                isr_irq46
                0x1000011c                isr_irq1
                0x1000011c                isr_irq47
                0x1000011c                isr_irq51
                0x1000011c                isr_irq7
                0x1000011c                isr_irq21
                0x1000011c                isr_irq39
                0x1000011c                isr_irq20
                0x1000011c                isr_irq15
                0x1000011c                isr_irq25
                0x1000011c                isr_irq34
                0x1000011c                isr_irq9
                0x1000011c                __unhandled_user_irq
                0x1000011c                isr_irq49
                0x1000011c                isr_irq13
                0x1000011c                isr_irq43
                0x1000011c                isr_irq45
                0x1000011c                isr_irq27
                0x1000011c                isr_irq32
                0x1000011c                isr_irq30
                0x1000011c                isr_irq4
                0x1000011c                isr_irq16
                0x1000011c                isr_irq44
                0x1000011c                isr_irq29
                0x1000011c                isr_irq26
                0x1000011c                __default_isrs_end
                0x1000011c                isr_irq33
                0x1000011c                isr_irq3
                0x1000011c                isr_irq12
                0x10000122                unhandled_user_irq_num_in_r0
 *(.binary_info_header)
 .binary_info_header
                0x10000124       0x14 CMakeFiles/grblHAL.dir/Users/lukasnoll/.pico-sdk/sdk/2.1.1/src/rp2_common/pico_crt0/crt0.S.o
                0x10000138                        __binary_info_header_end = .
 *(.embedded_block)
 .embedded_block
                0x10000138       0x14 CMakeFiles/grblHAL.dir/Users/lukasnoll/.pico-sdk/sdk/2.1.1/src/rp2_common/pico_crt0/crt0.S.o
                0x1000014c                        __embedded_block_end = .
 *(.reset)
 .reset         0x1000014c       0xa0 CMakeFiles/grblHAL.dir/Users/lukasnoll/.pico-sdk/sdk/2.1.1/src/rp2_common/pico_crt0/crt0.S.o
                0x1000014c                _entry_point
 *(.init)
 .init          0x100001ec        0x4 /Applications/ArmGNUToolchain/14.3.rel1/arm-none-eabi/bin/../lib/gcc/arm-none-eabi/14.3.1/thumb/v8-m.main+fp/softfp/crti.o
                0x100001ec                _init
 SORT_BY_NAME(REVERSE(*libgcc.a:cmse_nonsecure_call.o))()
 *(EXCLUDE_FILE(*libm.a: *libc.a:*lib_a-mem*.o *libgcc.a:) .text*)
 .text.register_tm_clones
                0x100001f0       0x28 /Applications/ArmGNUToolchain/14.3.rel1/arm-none-eabi/bin/../lib/gcc/arm-none-eabi/14.3.1/thumb/v8-m.main+fp/softfp/crtbegin.o
 .text.frame_dummy
                0x10000218       0x24 /Applications/ArmGNUToolchain/14.3.rel1/arm-none-eabi/bin/../lib/gcc/arm-none-eabi/14.3.1/thumb/v8-m.main+fp/softfp/crtbegin.o
 .text.startup.main
                0x1000023c        0xc CMakeFiles/grblHAL.dir/main.c.o
                0x1000023c                main
 .text.delay_callback
                0x10000248        0xc CMakeFiles/grblHAL.dir/driver.c.o
 .text.stepperEnable
                0x10000254       0x18 CMakeFiles/grblHAL.dir/driver.c.o
 .text.limitsGetState
                0x1000026c       0x48 CMakeFiles/grblHAL.dir/driver.c.o
 .text.spindleGetPWM
                0x100002b4        0x8 CMakeFiles/grblHAL.dir/driver.c.o
 .text.spindleGetState
                0x100002bc       0x3c CMakeFiles/grblHAL.dir/driver.c.o
 .text.coolantSetState
                0x100002f8       0x18 CMakeFiles/grblHAL.dir/driver.c.o
 .text.coolantGetState
                0x10000310       0x2c CMakeFiles/grblHAL.dir/driver.c.o
 .text.bitsSetAtomic
                0x1000033c        0xc CMakeFiles/grblHAL.dir/driver.c.o
 .text.bitsClearAtomic
                0x10000348       0x14 CMakeFiles/grblHAL.dir/driver.c.o
 .text.valueSetAtomic
                0x1000035c        0xc CMakeFiles/grblHAL.dir/driver.c.o
 .text.getElapsedTicks
                0x10000368        0xc CMakeFiles/grblHAL.dir/driver.c.o
 .text.enumeratePins
                0x10000374       0xe0 CMakeFiles/grblHAL.dir/driver.c.o
 .text.setPeriphPinDescription
                0x10000454       0x3c CMakeFiles/grblHAL.dir/driver.c.o
                0x10000454                setPeriphPinDescription
 .text.spindleConfig
                0x10000490       0xd8 CMakeFiles/grblHAL.dir/driver.c.o
                0x10000490                spindleConfig
 .text.registerPeriphPin
                0x10000568       0x44 CMakeFiles/grblHAL.dir/driver.c.o
                0x10000568                registerPeriphPin
 .text.get_free_mem
                0x100005ac       0x24 CMakeFiles/grblHAL.dir/driver.c.o
                0x100005ac                get_free_mem
 .text.enter_uf2
                0x100005d0       0x24 CMakeFiles/grblHAL.dir/driver.c.o
                0x100005d0                enter_uf2
 .text.getElapsedMicros
                0x100005f4        0x4 CMakeFiles/grblHAL.dir/driver.c.o
 .text.driver_setup
                0x100005f8       0xbc CMakeFiles/grblHAL.dir/driver.c.o
 .text.aux_ctrl_claim_out_port
                0x100006b4       0x58 CMakeFiles/grblHAL.dir/driver.c.o
 .text.motor_iterator
                0x1000070c       0x28 CMakeFiles/grblHAL.dir/driver.c.o
 .text.stepperGoIdle
                0x10000734       0x64 CMakeFiles/grblHAL.dir/driver.c.o
 .text.onReportOptions
                0x10000798       0x14 CMakeFiles/grblHAL.dir/driver.c.o
 .text.stepperWakeUp
                0x100007ac       0x88 CMakeFiles/grblHAL.dir/driver.c.o
 .text.driver_delay
                0x10000834       0x98 CMakeFiles/grblHAL.dir/driver.c.o
 .text.spindleSetState
                0x100008cc       0x54 CMakeFiles/grblHAL.dir/driver.c.o
 .text.spindleSetStateVariable
                0x10000920       0xe4 CMakeFiles/grblHAL.dir/driver.c.o
 .text.limitsEnable
                0x10000a04      0x1b8 CMakeFiles/grblHAL.dir/driver.c.o
 .text.pin_debounce
                0x10000bbc      0x104 CMakeFiles/grblHAL.dir/driver.c.o
                0x10000bbc                pin_debounce
 .text.pinEnableIRQ
                0x10000cc0       0x58 CMakeFiles/grblHAL.dir/driver.c.o
                0x10000cc0                pinEnableIRQ
 .text.settings_changed
                0x10000d18      0x418 CMakeFiles/grblHAL.dir/driver.c.o
                0x10000d18                settings_changed
 .text.driver_init
                0x10001130      0x8fc CMakeFiles/grblHAL.dir/driver.c.o
                0x10001130                driver_init
 .text.serialRxCount
                0x10001a2c       0x1c CMakeFiles/grblHAL.dir/serial.c.o
 .text.serialRxFree
                0x10001a48       0x24 CMakeFiles/grblHAL.dir/serial.c.o
 .text.serialGetC
                0x10001a6c       0x24 CMakeFiles/grblHAL.dir/serial.c.o
 .text.serialTxFlush
                0x10001a90       0x18 CMakeFiles/grblHAL.dir/serial.c.o
 .text.serialRxFlush
                0x10001aa8       0x2c CMakeFiles/grblHAL.dir/serial.c.o
 .text.serialPutC
                0x10001ad4       0x54 CMakeFiles/grblHAL.dir/serial.c.o
 .text.serialTxCount
                0x10001b28       0x2c CMakeFiles/grblHAL.dir/serial.c.o
 .text.serialDisable
                0x10001b54       0x18 CMakeFiles/grblHAL.dir/serial.c.o
 .text.serialEnqueueRtCommand
                0x10001b6c        0xc CMakeFiles/grblHAL.dir/serial.c.o
 .text.serialSetRtHandler
                0x10001b78       0x10 CMakeFiles/grblHAL.dir/serial.c.o
 .text.serialSetFormat
                0x10001b88       0x2c CMakeFiles/grblHAL.dir/serial.c.o
 .text.serialSetBaudRate
                0x10001bb4       0x14 CMakeFiles/grblHAL.dir/serial.c.o
 .text.serialSuspendInput
                0x10001bc8        0xc CMakeFiles/grblHAL.dir/serial.c.o
 .text.uart_interrupt_handler
                0x10001bd4       0xa0 CMakeFiles/grblHAL.dir/serial.c.o
 .text.serialInit
                0x10001c74       0x98 CMakeFiles/grblHAL.dir/serial.c.o
 .text.serialWriteS
                0x10001d0c       0x70 CMakeFiles/grblHAL.dir/serial.c.o
 .text.serialWrite
                0x10001d7c       0x78 CMakeFiles/grblHAL.dir/serial.c.o
 .text.serialRegisterStreams
                0x10001df4       0x30 CMakeFiles/grblHAL.dir/serial.c.o
                0x10001df4                serialRegisterStreams
 .text.usb_serialRxCount
                0x10001e24       0x1c CMakeFiles/grblHAL.dir/usb_serial.c.o
 .text.usb_serialRxFree
                0x10001e40       0x20 CMakeFiles/grblHAL.dir/usb_serial.c.o
 .text.usb_serialRxFlush
                0x10001e60        0xc CMakeFiles/grblHAL.dir/usb_serial.c.o
 .text.usb_serialRxCancel
                0x10001e6c       0x20 CMakeFiles/grblHAL.dir/usb_serial.c.o
 .text.usb_serialGetC
                0x10001e8c       0x24 CMakeFiles/grblHAL.dir/usb_serial.c.o
 .text.usbEnqueueRtCommand
                0x10001eb0        0xc CMakeFiles/grblHAL.dir/usb_serial.c.o
 .text.usb_serialSetRtHandler
                0x10001ebc       0x10 CMakeFiles/grblHAL.dir/usb_serial.c.o
 .text.timer_task
                0x10001ecc       0x10 CMakeFiles/grblHAL.dir/usb_serial.c.o
 .text.usb_serialSuspendInput
                0x10001edc        0xc CMakeFiles/grblHAL.dir/usb_serial.c.o
 .text.usb_is_connected
                0x10001ee8        0x8 CMakeFiles/grblHAL.dir/usb_serial.c.o
 .text.low_priority_worker_irq
                0x10001ef0       0x28 CMakeFiles/grblHAL.dir/usb_serial.c.o
 .text.usb_out_chars.part.0
                0x10001f18       0xc4 CMakeFiles/grblHAL.dir/usb_serial.c.o
 .text.usb_serialPutC
                0x10001fdc       0x48 CMakeFiles/grblHAL.dir/usb_serial.c.o
 .text.execute_realtime
                0x10002024      0x13c CMakeFiles/grblHAL.dir/usb_serial.c.o
 .text._usb_write
                0x10002160       0x94 CMakeFiles/grblHAL.dir/usb_serial.c.o
                0x10002160                _usb_write
 .text.usb_serialWrite
                0x100021f4       0x54 CMakeFiles/grblHAL.dir/usb_serial.c.o
 .text.usb_serialWriteS
                0x10002248       0x94 CMakeFiles/grblHAL.dir/usb_serial.c.o
 .text.usb_serialInit
                0x100022dc       0x9c CMakeFiles/grblHAL.dir/usb_serial.c.o
                0x100022dc                usb_serialInit
 .text.tud_descriptor_device_cb
                0x10002378        0x8 CMakeFiles/grblHAL.dir/stdio_usb_descriptors.c.o
                0x10002378                tud_descriptor_device_cb
 .text.tud_descriptor_configuration_cb
                0x10002380        0x8 CMakeFiles/grblHAL.dir/stdio_usb_descriptors.c.o
                0x10002380                tud_descriptor_configuration_cb
 .text.tud_descriptor_string_cb
                0x10002388       0x74 CMakeFiles/grblHAL.dir/stdio_usb_descriptors.c.o
                0x10002388                tud_descriptor_string_cb
 .text.memcpy_from_flash
                0x100023fc       0x1c CMakeFiles/grblHAL.dir/flash.c.o
                0x100023fc                memcpy_from_flash
 .text.memcpy_to_flash
                0x10002418       0x5c CMakeFiles/grblHAL.dir/flash.c.o
                0x10002418                memcpy_to_flash
 .text.digital_out_state
                0x10002474       0x40 CMakeFiles/grblHAL.dir/ioports.c.o
 .text.digital_in_state
                0x100024b4       0x3c CMakeFiles/grblHAL.dir/ioports.c.o
 .text.get_pin_info
                0x100024f0       0xfc CMakeFiles/grblHAL.dir/ioports.c.o
 .text.digital_out_cfg
                0x100025ec       0x74 CMakeFiles/grblHAL.dir/ioports.c.o
 .text.digital_in_cfg
                0x10002660       0x98 CMakeFiles/grblHAL.dir/ioports.c.o
 .text.wait_on_input
                0x100026f8      0x154 CMakeFiles/grblHAL.dir/ioports.c.o
 .text.digital_out
                0x1000284c       0x24 CMakeFiles/grblHAL.dir/ioports.c.o
 .text.set_pin_description
                0x10002870       0x40 CMakeFiles/grblHAL.dir/ioports.c.o
 .text.register_interrupt_handler
                0x100028b0       0x88 CMakeFiles/grblHAL.dir/ioports.c.o
 .text.set_function
                0x10002938       0x30 CMakeFiles/grblHAL.dir/ioports.c.o
 .text.ioports_event
                0x10002968       0x44 CMakeFiles/grblHAL.dir/ioports.c.o
                0x10002968                ioports_event
 .text.ioports_init
                0x100029ac       0x4c CMakeFiles/grblHAL.dir/ioports.c.o
                0x100029ac                ioports_init
 .text.pwm_get_value
                0x100029f8       0x28 CMakeFiles/grblHAL.dir/ioports_analog.c.o
 .text.set_function
                0x10002a20       0x1c CMakeFiles/grblHAL.dir/ioports_analog.c.o
 .text.init_pwm
                0x10002a3c      0x150 CMakeFiles/grblHAL.dir/ioports_analog.c.o
 .text.set_pin_description
                0x10002b8c       0x38 CMakeFiles/grblHAL.dir/ioports_analog.c.o
 .text.get_pin_info
                0x10002bc4       0xb4 CMakeFiles/grblHAL.dir/ioports_analog.c.o
 .text.analog_out
                0x10002c78       0x98 CMakeFiles/grblHAL.dir/ioports_analog.c.o
 .text.ioports_init_analog
                0x10002d10      0x104 CMakeFiles/grblHAL.dir/ioports_analog.c.o
                0x10002d10                ioports_init_analog
 .text.dummy_bool_handler
                0x10002e14        0x4 CMakeFiles/grblHAL.dir/grbl/grbllib.c.o
                0x10002e14                dummy_bool_handler
 .text.dummy_irq_claim
                0x10002e18        0x4 CMakeFiles/grblHAL.dir/grbl/grbllib.c.o
 .text.output_welcome_message
                0x10002e1c       0x14 CMakeFiles/grblHAL.dir/grbl/grbllib.c.o
 .text.settings_changed
                0x10002e30       0x28 CMakeFiles/grblHAL.dir/grbl/grbllib.c.o
 .text.atc_get_state
                0x10002e58       0x10 CMakeFiles/grblHAL.dir/grbl/grbllib.c.o
 .text.task_execute
                0x10002e68      0x104 CMakeFiles/grblHAL.dir/grbl/grbllib.c.o
 .text.reset_handler
                0x10002f6c       0x14 CMakeFiles/grblHAL.dir/grbl/grbllib.c.o
                0x10002f6c                reset_handler
 .text.report_driver_error
                0x10002f80       0x64 CMakeFiles/grblHAL.dir/grbl/grbllib.c.o
 .text.onProbeToolsetter
                0x10002fe4       0x24 CMakeFiles/grblHAL.dir/grbl/grbllib.c.o
 .text.tool_changed
                0x10003008       0x24 CMakeFiles/grblHAL.dir/grbl/grbllib.c.o
 .text.board_ports_init
                0x1000302c        0x4 CMakeFiles/grblHAL.dir/grbl/grbllib.c.o
                0x1000302c                board_ports_init
 .text.auto_realtime_report
                0x10003030       0x4c CMakeFiles/grblHAL.dir/grbl/grbllib.c.o
 .text.realtime_report_check
                0x1000307c       0x28 CMakeFiles/grblHAL.dir/grbl/grbllib.c.o
 .text.onLinestateChanged
                0x100030a4       0x84 CMakeFiles/grblHAL.dir/grbl/grbllib.c.o
 .text.task_delete
                0x10003128       0x58 CMakeFiles/grblHAL.dir/grbl/grbllib.c.o
                0x10003128                task_delete
 .text.grbl_enter
                0x10003180      0x4dc CMakeFiles/grblHAL.dir/grbl/grbllib.c.o
                0x10003180                grbl_enter
 .text.task_execute_on_startup
                0x1000365c       0x48 CMakeFiles/grblHAL.dir/grbl/grbllib.c.o
                0x1000365c                task_execute_on_startup
 .text.coolant_restore
                0x100036a4       0x5c CMakeFiles/grblHAL.dir/grbl/coolant_control.c.o
                0x100036a4                coolant_restore
 .text.coolant_set_state_synced
                0x10003700       0x70 CMakeFiles/grblHAL.dir/grbl/coolant_control.c.o
                0x10003700                coolant_set_state_synced
 .text.xbar_fn_to_axismask
                0x10003770       0xd4 CMakeFiles/grblHAL.dir/grbl/crossbar.c.o
                0x10003770                xbar_fn_to_axismask
 .text.xbar_set_homing_source
                0x10003844       0x58 CMakeFiles/grblHAL.dir/grbl/crossbar.c.o
                0x10003844                xbar_set_homing_source
 .text.xbar_get_homing_source
                0x1000389c       0x10 CMakeFiles/grblHAL.dir/grbl/crossbar.c.o
                0x1000389c                xbar_get_homing_source
 .text.xbar_get_homing_source_from_cycle
                0x100038ac       0x5c CMakeFiles/grblHAL.dir/grbl/crossbar.c.o
                0x100038ac                xbar_get_homing_source_from_cycle
 .text.xbar_fn_to_pinname
                0x10003908       0x44 CMakeFiles/grblHAL.dir/grbl/crossbar.c.o
                0x10003908                xbar_fn_to_pinname
 .text.xbar_fn_to_signals_mask
                0x1000394c       0x10 CMakeFiles/grblHAL.dir/grbl/crossbar.c.o
                0x1000394c                xbar_fn_to_signals_mask
 .text.modbus_crc16x
                0x1000395c       0xac CMakeFiles/grblHAL.dir/grbl/crc.c.o
                0x1000395c                modbus_crc16x
 .text.ram_get_byte
                0x10003a08        0xc CMakeFiles/grblHAL.dir/grbl/nvs_buffer.c.o
 .text.ram_put_byte
                0x10003a14       0x3c CMakeFiles/grblHAL.dir/grbl/nvs_buffer.c.o
 .text.memcpy_from_ram
                0x10003a50       0xf4 CMakeFiles/grblHAL.dir/grbl/nvs_buffer.c.o
 .text.memcpy_to_ram
                0x10003b44      0x218 CMakeFiles/grblHAL.dir/grbl/nvs_buffer.c.o
 .text.nvs_buffer_sync_physical.part.0
                0x10003d5c      0x1a8 CMakeFiles/grblHAL.dir/grbl/nvs_buffer.c.o
 .text.nvs_buffer_alloc
                0x10003f04       0x64 CMakeFiles/grblHAL.dir/grbl/nvs_buffer.c.o
                0x10003f04                nvs_buffer_alloc
 .text.nvs_buffer_free
                0x10003f68       0x28 CMakeFiles/grblHAL.dir/grbl/nvs_buffer.c.o
                0x10003f68                nvs_buffer_free
 .text.nvs_buffer_init
                0x10003f90      0x14c CMakeFiles/grblHAL.dir/grbl/nvs_buffer.c.o
                0x10003f90                nvs_buffer_init
 .text.nvs_buffer_sync_physical
                0x100040dc       0x10 CMakeFiles/grblHAL.dir/grbl/nvs_buffer.c.o
                0x100040dc                nvs_buffer_sync_physical
 .text.nvs_buffer_get_physical
                0x100040ec       0x1c CMakeFiles/grblHAL.dir/grbl/nvs_buffer.c.o
                0x100040ec                nvs_buffer_get_physical
 .text.init_sync_motion
                0x10004108       0xb0 CMakeFiles/grblHAL.dir/grbl/gcode.c.o
 .text.add_offset
                0x100041b8       0x40 CMakeFiles/grblHAL.dir/grbl/gcode.c.o
 .text.tool_get_pending
                0x100041f8       0x40 CMakeFiles/grblHAL.dir/grbl/gcode.c.o
 .text.add_output_command.constprop.0.isra.0
                0x10004238       0x34 CMakeFiles/grblHAL.dir/grbl/gcode.c.o
 .text.gc_coord_system_to_str
                0x1000426c       0x58 CMakeFiles/grblHAL.dir/grbl/gcode.c.o
                0x1000426c                gc_coord_system_to_str
 .text.gc_get_scaling
                0x100042c4        0x8 CMakeFiles/grblHAL.dir/grbl/gcode.c.o
                0x100042c4                gc_get_scaling
 .text.gc_get_g51_state
                0x100042cc       0x88 CMakeFiles/grblHAL.dir/grbl/gcode.c.o
                0x100042cc                gc_get_g51_state
 .text.gc_get_offset
                0x10004354       0x70 CMakeFiles/grblHAL.dir/grbl/gcode.c.o
                0x10004354                gc_get_offset
 .text.gc_set_tool_offset
                0x100043c4      0x13c CMakeFiles/grblHAL.dir/grbl/gcode.c.o
                0x100043c4                gc_set_tool_offset
 .text.gc_get_plane_data
                0x10004500       0x30 CMakeFiles/grblHAL.dir/grbl/gcode.c.o
                0x10004500                gc_get_plane_data
 .text.gc_init  0x10004530      0x2b4 CMakeFiles/grblHAL.dir/grbl/gcode.c.o
                0x10004530                gc_init
 .text.gc_spindle_get
                0x100047e4        0x8 CMakeFiles/grblHAL.dir/grbl/gcode.c.o
                0x100047e4                gc_spindle_get
 .text.gc_spindle_off
                0x100047ec       0x20 CMakeFiles/grblHAL.dir/grbl/gcode.c.o
                0x100047ec                gc_spindle_off
 .text.gc_coolant
                0x1000480c       0x20 CMakeFiles/grblHAL.dir/grbl/gcode.c.o
                0x1000480c                gc_coolant
 .text.gc_clear_output_commands
                0x1000482c       0x18 CMakeFiles/grblHAL.dir/grbl/gcode.c.o
                0x1000482c                gc_clear_output_commands
 .text.gc_output_message
                0x10004844       0x38 CMakeFiles/grblHAL.dir/grbl/gcode.c.o
                0x10004844                gc_output_message
 .text.gc_get_g65_arguments
                0x1000487c        0xc CMakeFiles/grblHAL.dir/grbl/gcode.c.o
                0x1000487c                gc_get_g65_arguments
 .text.gc_modal_state_restore
                0x10004888       0x78 CMakeFiles/grblHAL.dir/grbl/gcode.c.o
                0x10004888                gc_modal_state_restore
 .text.gc_normalize_block
                0x10004900      0x188 CMakeFiles/grblHAL.dir/grbl/gcode.c.o
                0x10004900                gc_normalize_block
 .text.gc_execute_block
                0x10004a88     0x4720 CMakeFiles/grblHAL.dir/grbl/gcode.c.o
                0x10004a88                gc_execute_block
 .text.check_travel_limits
                0x100091a8       0xfc CMakeFiles/grblHAL.dir/grbl/machine_limits.c.o
 .text.apply_travel_limits
                0x100092a4      0x2fc CMakeFiles/grblHAL.dir/grbl/machine_limits.c.o
 .text.check_arc_travel_limits
                0x100095a0      0x634 CMakeFiles/grblHAL.dir/grbl/machine_limits.c.o
 .text.limits_pull_off
                0x10009bd4      0x1e8 CMakeFiles/grblHAL.dir/grbl/machine_limits.c.o
 .text.get_homing_rate
                0x10009dbc       0x3c CMakeFiles/grblHAL.dir/grbl/machine_limits.c.o
 .text.limits_set_work_envelope
                0x10009df8      0x39c CMakeFiles/grblHAL.dir/grbl/machine_limits.c.o
                0x10009df8                limits_set_work_envelope
 .text.limits_set_machine_positions
                0x1000a194      0x130 CMakeFiles/grblHAL.dir/grbl/machine_limits.c.o
                0x1000a194                limits_set_machine_positions
 .text.homing_cycle
                0x1000a2c4      0x9cc CMakeFiles/grblHAL.dir/grbl/machine_limits.c.o
 .text.limits_homing_pulloff
                0x1000ac90       0x30 CMakeFiles/grblHAL.dir/grbl/machine_limits.c.o
                0x1000ac90                limits_homing_pulloff
 .text.limits_go_home
                0x1000acc0      0x43c CMakeFiles/grblHAL.dir/grbl/machine_limits.c.o
                0x1000acc0                limits_go_home
 .text.limits_soft_check
                0x1000b0fc       0x80 CMakeFiles/grblHAL.dir/grbl/machine_limits.c.o
                0x1000b0fc                limits_soft_check
 .text.limits_set_homing_axes
                0x1000b17c       0x3c CMakeFiles/grblHAL.dir/grbl/machine_limits.c.o
                0x1000b17c                limits_set_homing_axes
 .text.limits_homing_required
                0x1000b1b8       0x3c CMakeFiles/grblHAL.dir/grbl/machine_limits.c.o
                0x1000b1b8                limits_homing_required
 .text.limits_init
                0x1000b1f4       0x40 CMakeFiles/grblHAL.dir/grbl/machine_limits.c.o
                0x1000b1f4                limits_init
 .text.message_get
                0x1000b234       0x28 CMakeFiles/grblHAL.dir/grbl/messages.c.o
                0x1000b234                message_get
 .text.mc_line  0x1000b25c       0x80 CMakeFiles/grblHAL.dir/grbl/motion_control.c.o
                0x1000b25c                mc_line
 *fill*         0x1000b2dc        0x4 
 .text.mc_arc   0x1000b2e0     0x1b78 CMakeFiles/grblHAL.dir/grbl/motion_control.c.o
                0x1000b2e0                mc_arc
 .text.mc_cubic_b_spline
                0x1000ce58      0x2ac CMakeFiles/grblHAL.dir/grbl/motion_control.c.o
                0x1000ce58                mc_cubic_b_spline
 .text.mc_canned_drill
                0x1000d104      0x398 CMakeFiles/grblHAL.dir/grbl/motion_control.c.o
                0x1000d104                mc_canned_drill
 .text.mc_thread
                0x1000d49c      0x474 CMakeFiles/grblHAL.dir/grbl/motion_control.c.o
                0x1000d49c                mc_thread
 .text.mc_jog_execute
                0x1000d910       0xa0 CMakeFiles/grblHAL.dir/grbl/motion_control.c.o
                0x1000d910                mc_jog_execute
 .text.mc_dwell
                0x1000d9b0       0x20 CMakeFiles/grblHAL.dir/grbl/motion_control.c.o
                0x1000d9b0                mc_dwell
 .text.mc_probe_cycle
                0x1000d9d0      0x2d8 CMakeFiles/grblHAL.dir/grbl/motion_control.c.o
                0x1000d9d0                mc_probe_cycle
 .text.mc_parking_motion
                0x1000dca8       0x3c CMakeFiles/grblHAL.dir/grbl/motion_control.c.o
                0x1000dca8                mc_parking_motion
 .text.mc_override_ctrl_update
                0x1000dce4       0x18 CMakeFiles/grblHAL.dir/grbl/motion_control.c.o
                0x1000dce4                mc_override_ctrl_update
 .text.mc_homing_cycle
                0x1000dcfc      0x314 CMakeFiles/grblHAL.dir/grbl/motion_control.c.o
                0x1000dcfc                mc_homing_cycle
 .text.my_plugin_init
                0x1000e010        0x4 CMakeFiles/grblHAL.dir/grbl/my_plugin.c.o
                0x1000e010                my_plugin_init
 .text.uitoa    0x1000e014       0x48 CMakeFiles/grblHAL.dir/grbl/nuts_bolts.c.o
                0x1000e014                uitoa
 .text.ftoa     0x1000e05c      0x120 CMakeFiles/grblHAL.dir/grbl/nuts_bolts.c.o
                0x1000e05c                ftoa
 .text.trim_float
                0x1000e17c       0x34 CMakeFiles/grblHAL.dir/grbl/nuts_bolts.c.o
                0x1000e17c                trim_float
 .text.read_uint
                0x1000e1b0       0xb0 CMakeFiles/grblHAL.dir/grbl/nuts_bolts.c.o
                0x1000e1b0                read_uint
 .text.read_float
                0x1000e260       0xf4 CMakeFiles/grblHAL.dir/grbl/nuts_bolts.c.o
                0x1000e260                read_float
 .text.isintf   0x1000e354       0x38 CMakeFiles/grblHAL.dir/grbl/nuts_bolts.c.o
                0x1000e354                isintf
 .text.delay_sec
                0x1000e38c       0x60 CMakeFiles/grblHAL.dir/grbl/nuts_bolts.c.o
                0x1000e38c                delay_sec
 .text.convert_delta_vector_to_unit_vector
                0x1000e3ec       0xa0 CMakeFiles/grblHAL.dir/grbl/nuts_bolts.c.o
                0x1000e3ec                convert_delta_vector_to_unit_vector
 *fill*         0x1000e48c        0x4 
 .text.get_datetime
                0x1000e490      0x39c CMakeFiles/grblHAL.dir/grbl/nuts_bolts.c.o
                0x1000e490                get_datetime
 .text.bit_count
                0x1000e82c       0x14 CMakeFiles/grblHAL.dir/grbl/nuts_bolts.c.o
                0x1000e82c                bit_count
 .text.dummy_handler
                0x1000e840        0x4 CMakeFiles/grblHAL.dir/grbl/nuts_bolts.c.o
                0x1000e840                dummy_handler
 .text.get_feed_override
                0x1000e844       0x20 CMakeFiles/grblHAL.dir/grbl/override.c.o
                0x1000e844                get_feed_override
 .text.get_spindle_override
                0x1000e864       0x20 CMakeFiles/grblHAL.dir/grbl/override.c.o
                0x1000e864                get_spindle_override
 .text.get_coolant_override
                0x1000e884       0x20 CMakeFiles/grblHAL.dir/grbl/override.c.o
                0x1000e884                get_coolant_override
 .text.flush_override_buffers
                0x1000e8a4       0x24 CMakeFiles/grblHAL.dir/grbl/override.c.o
                0x1000e8a4                flush_override_buffers
 .text.planner_recalculate
                0x1000e8c8      0x134 CMakeFiles/grblHAL.dir/grbl/planner.c.o
 .text.plan_get_buffer_size
                0x1000e9fc        0xc CMakeFiles/grblHAL.dir/grbl/planner.c.o
                0x1000e9fc                plan_get_buffer_size
 .text.plan_reset
                0x1000ea08      0x134 CMakeFiles/grblHAL.dir/grbl/planner.c.o
                0x1000ea08                plan_reset
 .text.plan_discard_current_block
                0x1000eb3c       0x40 CMakeFiles/grblHAL.dir/grbl/planner.c.o
                0x1000eb3c                plan_discard_current_block
 .text.plan_get_system_motion_block
                0x1000eb7c        0xc CMakeFiles/grblHAL.dir/grbl/planner.c.o
                0x1000eb7c                plan_get_system_motion_block
 .text.plan_get_current_block
                0x1000eb88       0x18 CMakeFiles/grblHAL.dir/grbl/planner.c.o
                0x1000eb88                plan_get_current_block
 .text.plan_get_exec_block_exit_speed_sqr
                0x1000eba0       0x1c CMakeFiles/grblHAL.dir/grbl/planner.c.o
                0x1000eba0                plan_get_exec_block_exit_speed_sqr
 .text.plan_check_full_buffer
                0x1000ebbc       0x1c CMakeFiles/grblHAL.dir/grbl/planner.c.o
                0x1000ebbc                plan_check_full_buffer
 .text.plan_compute_profile_nominal_speed
                0x1000ebd8       0x9c CMakeFiles/grblHAL.dir/grbl/planner.c.o
                0x1000ebd8                plan_compute_profile_nominal_speed
 .text.plan_buffer_line
                0x1000ec74      0x630 CMakeFiles/grblHAL.dir/grbl/planner.c.o
                0x1000ec74                plan_buffer_line
 .text.plan_sync_position
                0x1000f2a4       0x1c CMakeFiles/grblHAL.dir/grbl/planner.c.o
                0x1000f2a4                plan_sync_position
 .text.plan_get_block_buffer_available
                0x1000f2c0       0x3c CMakeFiles/grblHAL.dir/grbl/planner.c.o
                0x1000f2c0                plan_get_block_buffer_available
 .text.plan_cycle_reinitialize
                0x1000f2fc       0x30 CMakeFiles/grblHAL.dir/grbl/planner.c.o
                0x1000f2fc                plan_cycle_reinitialize
 .text.plan_feed_override
                0x1000f32c      0x1ac CMakeFiles/grblHAL.dir/grbl/planner.c.o
                0x1000f32c                plan_feed_override
 .text.plan_data_init
                0x1000f4d8       0x44 CMakeFiles/grblHAL.dir/grbl/planner.c.o
                0x1000f4d8                plan_data_init
 .text.protocol_poll_cmd
                0x1000f51c       0xd8 CMakeFiles/grblHAL.dir/grbl/protocol.c.o
 .text.protocol_enqueue_gcode
                0x1000f5f4       0x68 CMakeFiles/grblHAL.dir/grbl/protocol.c.o
                0x1000f5f4                protocol_enqueue_gcode
 .text.protocol_auto_cycle_start
                0x1000f65c       0x30 CMakeFiles/grblHAL.dir/grbl/protocol.c.o
                0x1000f65c                protocol_auto_cycle_start
 .text.protocol_exec_rt_system
                0x1000f68c      0x5b0 CMakeFiles/grblHAL.dir/grbl/protocol.c.o
                0x1000f68c                protocol_exec_rt_system
 .text.protocol_execute_realtime
                0x1000fc3c       0xf8 CMakeFiles/grblHAL.dir/grbl/protocol.c.o
                0x1000fc3c                protocol_execute_realtime
 .text.protocol_main_loop
                0x1000fd34      0x5d4 CMakeFiles/grblHAL.dir/grbl/protocol.c.o
                0x1000fd34                protocol_main_loop
 .text.protocol_buffer_synchronize
                0x10010308       0x6c CMakeFiles/grblHAL.dir/grbl/protocol.c.o
                0x10010308                protocol_buffer_synchronize
 .text.report_init_message
                0x10010374       0x24 CMakeFiles/grblHAL.dir/grbl/report.c.o
 .text.report_help_message
                0x10010398       0x14 CMakeFiles/grblHAL.dir/grbl/report.c.o
 .text.cmp_settings
                0x100103ac        0xc CMakeFiles/grblHAL.dir/grbl/report.c.o
 .text.cmp_alarms
                0x100103b8        0xc CMakeFiles/grblHAL.dir/grbl/report.c.o
 .text.cmp_errors
                0x100103c4        0xc CMakeFiles/grblHAL.dir/grbl/report.c.o
 .text.cmp_setting_group_id
                0x100103d0        0xc CMakeFiles/grblHAL.dir/grbl/report.c.o
 .text.count_pins
                0x100103dc        0x8 CMakeFiles/grblHAL.dir/grbl/report.c.o
 .text.cmp_pins
                0x100103e4        0x8 CMakeFiles/grblHAL.dir/grbl/report.c.o
 .text.get_rate_value_mm
                0x100103ec       0x10 CMakeFiles/grblHAL.dir/grbl/report.c.o
 .text.get_rate_value_inch
                0x100103fc       0x1c CMakeFiles/grblHAL.dir/grbl/report.c.o
 .text.print_aux_aout
                0x10010418       0xcc CMakeFiles/grblHAL.dir/grbl/report.c.o
 .text.print_aux_ain
                0x100104e4       0x80 CMakeFiles/grblHAL.dir/grbl/report.c.o
 .text.report_spindle
                0x10010564      0x1b0 CMakeFiles/grblHAL.dir/grbl/report.c.o
 .text.get_axis_values_mm
                0x10010714       0x74 CMakeFiles/grblHAL.dir/grbl/report.c.o
 .text.get_axis_values_inches
                0x10010788       0xbc CMakeFiles/grblHAL.dir/grbl/report.c.o
 .text.get_axis_value_mm
                0x10010844       0x18 CMakeFiles/grblHAL.dir/grbl/report.c.o
 .text.get_axis_value_inches
                0x1001085c       0x2c CMakeFiles/grblHAL.dir/grbl/report.c.o
 .text.get_pins
                0x10010888       0x48 CMakeFiles/grblHAL.dir/grbl/report.c.o
 .text.report_bitfield
                0x100108d0      0x12c CMakeFiles/grblHAL.dir/grbl/report.c.o
 .text.cmp_setting_group_name
                0x100109fc        0xc CMakeFiles/grblHAL.dir/grbl/report.c.o
 .text.print_settings_details
                0x10010a08      0x268 CMakeFiles/grblHAL.dir/grbl/report.c.o
 .text.report_group_settings
                0x10010c70       0xa0 CMakeFiles/grblHAL.dir/grbl/report.c.o
 .text.report_pin_info
                0x10010d10       0x6c CMakeFiles/grblHAL.dir/grbl/report.c.o
 .text.print_aux_dout
                0x10010d7c       0xbc CMakeFiles/grblHAL.dir/grbl/report.c.o
 .text.print_aux_din
                0x10010e38      0x160 CMakeFiles/grblHAL.dir/grbl/report.c.o
 .text.print_setting
                0x10010f98       0x44 CMakeFiles/grblHAL.dir/grbl/report.c.o
 .text.write_name
                0x10010fdc       0x54 CMakeFiles/grblHAL.dir/grbl/report.c.o
 .text.print_setting_group
                0x10011030       0x90 CMakeFiles/grblHAL.dir/grbl/report.c.o
 .text.report_message.part.0
                0x100110c0       0x68 CMakeFiles/grblHAL.dir/grbl/report.c.o
 .text.report_feedback_message
                0x10011128       0x44 CMakeFiles/grblHAL.dir/grbl/report.c.o
 .text.appendbuf.constprop.0
                0x1001116c       0x3c CMakeFiles/grblHAL.dir/grbl/report.c.o
 .text.appendbuf.constprop.1
                0x100111a8       0x3c CMakeFiles/grblHAL.dir/grbl/report.c.o
 .text.report_status_message
                0x100111e4       0x40 CMakeFiles/grblHAL.dir/grbl/report.c.o
 .text.report_alarm_message
                0x10011224       0x34 CMakeFiles/grblHAL.dir/grbl/report.c.o
 .text.report_setting
                0x10011258       0x58 CMakeFiles/grblHAL.dir/grbl/report.c.o
 .text.add_limits.isra.0
                0x100112b0      0x1cc CMakeFiles/grblHAL.dir/grbl/report.c.o
 .text.report_pin
                0x1001147c       0x50 CMakeFiles/grblHAL.dir/grbl/report.c.o
 .text.print_alarm
                0x100114cc       0xe0 CMakeFiles/grblHAL.dir/grbl/report.c.o
 .text.print_error
                0x100115ac       0xe0 CMakeFiles/grblHAL.dir/grbl/report.c.o
 .text.report_settings_detail
                0x1001168c      0x654 CMakeFiles/grblHAL.dir/grbl/report.c.o
 .text.print_unsorted
                0x10011ce0       0x34 CMakeFiles/grblHAL.dir/grbl/report.c.o
 .text.print_sorted
                0x10011d14       0x28 CMakeFiles/grblHAL.dir/grbl/report.c.o
 .text.report_init
                0x10011d3c       0x54 CMakeFiles/grblHAL.dir/grbl/report.c.o
                0x10011d3c                report_init
 .text.report_message
                0x10011d90       0x24 CMakeFiles/grblHAL.dir/grbl/report.c.o
                0x10011d90                report_message
 .text.report_plain
                0x10011db4       0x38 CMakeFiles/grblHAL.dir/grbl/report.c.o
                0x10011db4                report_plain
 .text.report_warning
                0x10011dec       0x44 CMakeFiles/grblHAL.dir/grbl/report.c.o
                0x10011dec                report_warning
 .text.report_plugin
                0x10011e30       0x44 CMakeFiles/grblHAL.dir/grbl/report.c.o
                0x10011e30                report_plugin
 .text.report_grbl_setting
                0x10011e74       0x28 CMakeFiles/grblHAL.dir/grbl/report.c.o
                0x10011e74                report_grbl_setting
 .text.report_grbl_settings
                0x10011e9c      0x1b0 CMakeFiles/grblHAL.dir/grbl/report.c.o
                0x10011e9c                report_grbl_settings
 .text.report_probe_parameters
                0x1001204c       0x64 CMakeFiles/grblHAL.dir/grbl/report.c.o
                0x1001204c                report_probe_parameters
 .text.report_home_position
                0x100120b0       0x58 CMakeFiles/grblHAL.dir/grbl/report.c.o
                0x100120b0                report_home_position
 .text.report_tool_offsets
                0x10012108       0x3c CMakeFiles/grblHAL.dir/grbl/report.c.o
                0x10012108                report_tool_offsets
 .text.report_ngc_parameter
                0x10012144       0x70 CMakeFiles/grblHAL.dir/grbl/report.c.o
                0x10012144                report_ngc_parameter
 .text.report_named_ngc_parameter
                0x100121b4       0x6c CMakeFiles/grblHAL.dir/grbl/report.c.o
                0x100121b4                report_named_ngc_parameter
 .text.report_ngc_parameters
                0x10012220      0x248 CMakeFiles/grblHAL.dir/grbl/report.c.o
                0x10012220                report_ngc_parameters
 .text.report_gcode_modes
                0x10012468      0x4ec CMakeFiles/grblHAL.dir/grbl/report.c.o
                0x10012468                report_gcode_modes
 .text.report_startup_line
                0x10012954       0x40 CMakeFiles/grblHAL.dir/grbl/report.c.o
                0x10012954                report_startup_line
 .text.report_execute_startup_message
                0x10012994       0x3c CMakeFiles/grblHAL.dir/grbl/report.c.o
                0x10012994                report_execute_startup_message
 .text.report_build_info
                0x100129d0      0x7dc CMakeFiles/grblHAL.dir/grbl/report.c.o
                0x100129d0                report_build_info
 .text.report_realtime_status
                0x100131ac      0xc58 CMakeFiles/grblHAL.dir/grbl/report.c.o
                0x100131ac                report_realtime_status
 .text.report_settings_details
                0x10013e04       0x54 CMakeFiles/grblHAL.dir/grbl/report.c.o
                0x10013e04                report_settings_details
 .text.report_setting_description
                0x10013e58       0xc4 CMakeFiles/grblHAL.dir/grbl/report.c.o
                0x10013e58                report_setting_description
 .text.report_alarm_details
                0x10013f1c       0xbc CMakeFiles/grblHAL.dir/grbl/report.c.o
                0x10013f1c                report_alarm_details
 .text.report_error_details
                0x10013fd8       0xc0 CMakeFiles/grblHAL.dir/grbl/report.c.o
                0x10013fd8                report_error_details
 .text.report_setting_group_details
                0x10014098       0xe0 CMakeFiles/grblHAL.dir/grbl/report.c.o
                0x10014098                report_setting_group_details
 .text.report_help
                0x10014178       0xd0 CMakeFiles/grblHAL.dir/grbl/report.c.o
                0x10014178                report_help
 .text.report_last_signals_event
                0x10014248       0xb8 CMakeFiles/grblHAL.dir/grbl/report.c.o
                0x10014248                report_last_signals_event
 .text.report_current_limit_state
                0x10014300       0x48 CMakeFiles/grblHAL.dir/grbl/report.c.o
                0x10014300                report_current_limit_state
 .text.report_current_home_signal_state
                0x10014348      0x12c CMakeFiles/grblHAL.dir/grbl/report.c.o
                0x10014348                report_current_home_signal_state
 .text.report_spindle_data
                0x10014474       0xa8 CMakeFiles/grblHAL.dir/grbl/report.c.o
                0x10014474                report_spindle_data
 .text.report_pins
                0x1001451c       0x90 CMakeFiles/grblHAL.dir/grbl/report.c.o
                0x1001451c                report_pins
 .text.report_pin_states
                0x100145ac       0x54 CMakeFiles/grblHAL.dir/grbl/report.c.o
                0x100145ac                report_pin_states
 .text.report_time
                0x10014600      0x10c CMakeFiles/grblHAL.dir/grbl/report.c.o
                0x10014600                report_time
 .text.report_spindles
                0x1001470c       0x34 CMakeFiles/grblHAL.dir/grbl/report.c.o
                0x1001470c                report_spindles
 .text.report_stepper_status
                0x10014740      0x230 CMakeFiles/grblHAL.dir/grbl/report.c.o
                0x10014740                report_stepper_status
 .text.report_pid_log
                0x10014970        0xc CMakeFiles/grblHAL.dir/grbl/report.c.o
                0x10014970                report_pid_log
 .text.report_init_fns
                0x1001497c       0x2c CMakeFiles/grblHAL.dir/grbl/report.c.o
                0x1001497c                report_init_fns
 .text.group_is_available
                0x100149a8        0x4 CMakeFiles/grblHAL.dir/grbl/settings.c.o
 .text.set_pulse_width
                0x100149ac       0x10 CMakeFiles/grblHAL.dir/grbl/settings.c.o
 .text.set_ganged_dir_invert
                0x100149bc       0x2c CMakeFiles/grblHAL.dir/grbl/settings.c.o
 .text.set_stepper_energize_mask
                0x100149e8       0x24 CMakeFiles/grblHAL.dir/grbl/settings.c.o
 .text.set_report_interval
                0x10014a0c       0x20 CMakeFiles/grblHAL.dir/grbl/settings.c.o
 .text.set_report_mask
                0x10014a2c       0x10 CMakeFiles/grblHAL.dir/grbl/settings.c.o
 .text.set_pwm_mode
                0x10014a3c       0x1c CMakeFiles/grblHAL.dir/grbl/settings.c.o
 .text.set_pwm_options
                0x10014a58       0x48 CMakeFiles/grblHAL.dir/grbl/settings.c.o
 .text.get_spindle_ref_id
                0x10014aa0       0x18 CMakeFiles/grblHAL.dir/grbl/settings.c.o
 .text.set_estop_unlock
                0x10014ab8       0x30 CMakeFiles/grblHAL.dir/grbl/settings.c.o
 .text.set_persistent_tool
                0x10014ae8       0x1c CMakeFiles/grblHAL.dir/grbl/settings.c.o
 .text.set_hard_limits_enable
                0x10014b04       0x74 CMakeFiles/grblHAL.dir/grbl/settings.c.o
 .text.set_jog_soft_limited
                0x10014b78       0x2c CMakeFiles/grblHAL.dir/grbl/settings.c.o
 .text.set_enable_legacy_rt_commands
                0x10014ba4       0x1c CMakeFiles/grblHAL.dir/grbl/settings.c.o
 .text.set_parking_enable
                0x10014bc0       0x30 CMakeFiles/grblHAL.dir/grbl/settings.c.o
 .text.set_restore_overrides
                0x10014bf0       0x1c CMakeFiles/grblHAL.dir/grbl/settings.c.o
 .text.set_homing_feedrates
                0x10014c0c       0x50 CMakeFiles/grblHAL.dir/grbl/settings.c.o
 .text.set_sleep_enable
                0x10014c5c       0x1c CMakeFiles/grblHAL.dir/grbl/settings.c.o
 .text.set_hold_actions
                0x10014c78       0x2c CMakeFiles/grblHAL.dir/grbl/settings.c.o
 .text.set_reset_actions
                0x10014ca4       0x34 CMakeFiles/grblHAL.dir/grbl/settings.c.o
 .text.set_g92_disable_persistence
                0x10014cd8       0x1c CMakeFiles/grblHAL.dir/grbl/settings.c.o
 .text.set_force_initialization_alarm
                0x10014cf4       0x1c CMakeFiles/grblHAL.dir/grbl/settings.c.o
 .text.set_probe_flags
                0x10014d10       0x88 CMakeFiles/grblHAL.dir/grbl/settings.c.o
 .text.set_tool_change_probing_distance
                0x10014d98       0x1c CMakeFiles/grblHAL.dir/grbl/settings.c.o
 .text.set_toolchange_flags
                0x10014db4       0x48 CMakeFiles/grblHAL.dir/grbl/settings.c.o
 .text.set_rotary_axes
                0x10014dfc       0x14 CMakeFiles/grblHAL.dir/grbl/settings.c.o
 .text.set_rotary_wrap_axes
                0x10014e10       0x14 CMakeFiles/grblHAL.dir/grbl/settings.c.o
 .text.set_axis_setting_unit
                0x10014e24       0x94 CMakeFiles/grblHAL.dir/grbl/settings.c.o
 .text.set_float
                0x10014eb8       0x8c CMakeFiles/grblHAL.dir/grbl/settings.c.o
 .text.settings_get_tool_data
                0x10014f44        0xc CMakeFiles/grblHAL.dir/grbl/settings.c.o
 .text.settings_get_tool_pocket
                0x10014f50        0x4 CMakeFiles/grblHAL.dir/grbl/settings.c.o
 .text.set_encoder_spindle
                0x10014f54       0x38 CMakeFiles/grblHAL.dir/grbl/settings.c.o
 .text.set_default_spindle
                0x10014f8c       0x40 CMakeFiles/grblHAL.dir/grbl/settings.c.o
 .text.set_tool_change_mode
                0x10014fcc       0x34 CMakeFiles/grblHAL.dir/grbl/settings.c.o
 .text.set_homing_cycle
                0x10015000       0x18 CMakeFiles/grblHAL.dir/grbl/settings.c.o
 .text.set_mode
                0x10015018       0x48 CMakeFiles/grblHAL.dir/grbl/settings.c.o
 .text.set_spindle_invert
                0x10015060       0x34 CMakeFiles/grblHAL.dir/grbl/settings.c.o
 .text.sanity_check
                0x10015094      0x210 CMakeFiles/grblHAL.dir/grbl/settings.c.o
 .text.set_homing_pulloff
                0x100152a4       0x28 CMakeFiles/grblHAL.dir/grbl/settings.c.o
 .text.set_probe_disable_pullup
                0x100152cc       0x44 CMakeFiles/grblHAL.dir/grbl/settings.c.o
 .text.set_control_disable_pullup
                0x10015310       0x24 CMakeFiles/grblHAL.dir/grbl/settings.c.o
 .text.set_probe_invert
                0x10015334       0x68 CMakeFiles/grblHAL.dir/grbl/settings.c.o
 .text.set_control_invert
                0x1001539c       0x28 CMakeFiles/grblHAL.dir/grbl/settings.c.o
 .text.set_report_inches
                0x100153c4       0x28 CMakeFiles/grblHAL.dir/grbl/settings.c.o
 .text.is_setting_available
                0x100153ec      0x3a4 CMakeFiles/grblHAL.dir/grbl/settings.c.o
 .text.get_int  0x10015790      0x344 CMakeFiles/grblHAL.dir/grbl/settings.c.o
 .text.settings_clear_tool_data
                0x10015ad4       0x1c CMakeFiles/grblHAL.dir/grbl/settings.c.o
 .text.validate_value
                0x10015af0       0x8c CMakeFiles/grblHAL.dir/grbl/settings.c.o
 .text.settings_changed_spindle
                0x10015b7c       0x60 CMakeFiles/grblHAL.dir/grbl/settings.c.o
 .text.onFileDemarcate
                0x10015bdc       0x50 CMakeFiles/grblHAL.dir/grbl/settings.c.o
                0x10015bdc                onFileDemarcate
 .text.settings_write_global
                0x10015c2c       0x64 CMakeFiles/grblHAL.dir/grbl/settings.c.o
                0x10015c2c                settings_write_global
 .text.settings_set_tool_data
                0x10015c90        0x4 CMakeFiles/grblHAL.dir/grbl/settings.c.o
 .text.get_float
                0x10015c94      0x274 CMakeFiles/grblHAL.dir/grbl/settings.c.o
 .text.set_axis_setting
                0x10015f08      0x34c CMakeFiles/grblHAL.dir/grbl/settings.c.o
 .text.set_soft_limits_enable
                0x10016254       0xe8 CMakeFiles/grblHAL.dir/grbl/settings.c.o
 .text.set_homing_enable
                0x1001633c       0xb8 CMakeFiles/grblHAL.dir/grbl/settings.c.o
 .text.setting_get_value
                0x100163f4      0x110 CMakeFiles/grblHAL.dir/grbl/settings.c.o
                0x100163f4                setting_get_value
 .text.setting_get_int_value
                0x10016504       0x58 CMakeFiles/grblHAL.dir/grbl/settings.c.o
                0x10016504                setting_get_int_value
 .text.setting_get_float_value
                0x1001655c       0x38 CMakeFiles/grblHAL.dir/grbl/settings.c.o
                0x1001655c                setting_get_float_value
 .text.settings_register
                0x10016594       0x10 CMakeFiles/grblHAL.dir/grbl/settings.c.o
                0x10016594                settings_register
 .text.settings_get_details
                0x100165a4        0x8 CMakeFiles/grblHAL.dir/grbl/settings.c.o
                0x100165a4                settings_get_details
 .text.settings_write_build_info
                0x100165ac       0x2c CMakeFiles/grblHAL.dir/grbl/settings.c.o
                0x100165ac                settings_write_build_info
 .text.settings_write_startup_line
                0x100165d8       0x30 CMakeFiles/grblHAL.dir/grbl/settings.c.o
                0x100165d8                settings_write_startup_line
 .text.settings_read_startup_line
                0x10016608       0x50 CMakeFiles/grblHAL.dir/grbl/settings.c.o
                0x10016608                settings_read_startup_line
 .text.settings_write_coord_data
                0x10016658       0x3c CMakeFiles/grblHAL.dir/grbl/settings.c.o
                0x10016658                settings_write_coord_data
 .text.settings_read_coord_data
                0x10016694       0x68 CMakeFiles/grblHAL.dir/grbl/settings.c.o
                0x10016694                settings_read_coord_data
 .text.settings_restore
                0x100166fc      0x268 CMakeFiles/grblHAL.dir/grbl/settings.c.o
                0x100166fc                settings_restore
 .text.settings_read_build_info
                0x10016964       0x2c CMakeFiles/grblHAL.dir/grbl/settings.c.o
                0x10016964                settings_read_build_info
 .text.settings_is_group_available
                0x10016990      0x114 CMakeFiles/grblHAL.dir/grbl/settings.c.o
                0x10016990                settings_is_group_available
 .text.is_group_available
                0x10016aa4        0x8 CMakeFiles/grblHAL.dir/grbl/settings.c.o
 .text.settings_normalize_group
                0x10016aac        0xc CMakeFiles/grblHAL.dir/grbl/settings.c.o
                0x10016aac                settings_normalize_group
 .text.setting_get_details
                0x10016ab8      0x220 CMakeFiles/grblHAL.dir/grbl/settings.c.o
                0x10016ab8                setting_get_details
 .text.settings_iterator
                0x10016cd8       0x8c CMakeFiles/grblHAL.dir/grbl/settings.c.o
                0x10016cd8                settings_iterator
 .text.setting_get_description
                0x10016d64       0xb8 CMakeFiles/grblHAL.dir/grbl/settings.c.o
                0x10016d64                setting_get_description
 .text.setting_datatype_to_external
                0x10016e1c        0xc CMakeFiles/grblHAL.dir/grbl/settings.c.o
                0x10016e1c                setting_datatype_to_external
 .text.setting_is_list
                0x10016e28       0x10 CMakeFiles/grblHAL.dir/grbl/settings.c.o
                0x10016e28                setting_is_list
 .text.setting_is_integer
                0x10016e38       0x18 CMakeFiles/grblHAL.dir/grbl/settings.c.o
                0x10016e38                setting_is_integer
 .text.setting_remove_elements
                0x10016e50       0xc8 CMakeFiles/grblHAL.dir/grbl/settings.c.o
                0x10016e50                setting_remove_elements
 .text.setting_validate_me
                0x10016f18      0x170 CMakeFiles/grblHAL.dir/grbl/settings.c.o
                0x10016f18                setting_validate_me
 .text.settings_store_setting
                0x10017088      0x184 CMakeFiles/grblHAL.dir/grbl/settings.c.o
                0x10017088                settings_store_setting
 .text.settings_add_spindle_type
                0x1001720c       0x44 CMakeFiles/grblHAL.dir/grbl/settings.c.o
                0x1001720c                settings_add_spindle_type
 .text.settings_clear
                0x10017250       0x14 CMakeFiles/grblHAL.dir/grbl/settings.c.o
                0x10017250                settings_clear
 .text.settings_init
                0x10017264      0x3f0 CMakeFiles/grblHAL.dir/grbl/settings.c.o
                0x10017264                settings_init
 .text.fall_asleep
                0x10017654        0xc CMakeFiles/grblHAL.dir/grbl/sleep.c.o
 .text.sleep_execute
                0x10017660       0x88 CMakeFiles/grblHAL.dir/grbl/sleep.c.o
 .text.sleep_check
                0x100176e8       0x80 CMakeFiles/grblHAL.dir/grbl/sleep.c.o
                0x100176e8                sleep_check
 .text.null_set_state
                0x10017768        0x4 CMakeFiles/grblHAL.dir/grbl/spindle_control.c.o
 .text.null_get_state
                0x1001776c        0x8 CMakeFiles/grblHAL.dir/grbl/spindle_control.c.o
 .text.null_update_pwm
                0x10017774        0x4 CMakeFiles/grblHAL.dir/grbl/spindle_control.c.o
 .text.null_get_pwm
                0x10017778        0x4 CMakeFiles/grblHAL.dir/grbl/spindle_control.c.o
 .text.null_update_rpm
                0x1001777c        0x4 CMakeFiles/grblHAL.dir/grbl/spindle_control.c.o
 .text.compute_dummy_pwm_value
                0x10017780        0x4 CMakeFiles/grblHAL.dir/grbl/spindle_control.c.o
 .text.set_laser_overdrive
                0x10017784       0x2c CMakeFiles/grblHAL.dir/grbl/spindle_control.c.o
 .text.spindle_compute_pwm_value
                0x100177b0       0xe4 CMakeFiles/grblHAL.dir/grbl/spindle_control.c.o
 .text.spindle_init
                0x10017894       0x30 CMakeFiles/grblHAL.dir/grbl/spindle_control.c.o
 .text.spindle_activate.constprop.0
                0x100178c4      0x15c CMakeFiles/grblHAL.dir/grbl/spindle_control.c.o
 .text.spindle_register
                0x10017a20       0xc4 CMakeFiles/grblHAL.dir/grbl/spindle_control.c.o
                0x10017a20                spindle_register
 .text.spindle_select
                0x10017ae4      0x24c CMakeFiles/grblHAL.dir/grbl/spindle_control.c.o
                0x10017ae4                spindle_select
 .text.spindle_get_hal
                0x10017d30       0x50 CMakeFiles/grblHAL.dir/grbl/spindle_control.c.o
                0x10017d30                spindle_get_hal
 .text.spindle_get_default
                0x10017d80       0x18 CMakeFiles/grblHAL.dir/grbl/spindle_control.c.o
                0x10017d80                spindle_get_default
 .text.spindle_get_caps
                0x10017d98       0x34 CMakeFiles/grblHAL.dir/grbl/spindle_control.c.o
                0x10017d98                spindle_get_caps
 .text.spindle_update_caps
                0x10017dcc       0x94 CMakeFiles/grblHAL.dir/grbl/spindle_control.c.o
                0x10017dcc                spindle_update_caps
 .text.spindle_get_count
                0x10017e60       0x50 CMakeFiles/grblHAL.dir/grbl/spindle_control.c.o
                0x10017e60                spindle_get_count
 .text.spindle_get_id
                0x10017eb0       0x28 CMakeFiles/grblHAL.dir/grbl/spindle_control.c.o
                0x10017eb0                spindle_get_id
 .text.spindle_enumerate_spindles
                0x10017ed8       0xac CMakeFiles/grblHAL.dir/grbl/spindle_control.c.o
                0x10017ed8                spindle_enumerate_spindles
 .text.spindle_is_enabled
                0x10017f84       0x18 CMakeFiles/grblHAL.dir/grbl/spindle_control.c.o
                0x10017f84                spindle_is_enabled
 .text.spindle_get
                0x10017f9c       0x1c CMakeFiles/grblHAL.dir/grbl/spindle_control.c.o
                0x10017f9c                spindle_get
 .text.spindle_add_null
                0x10017fb8       0x34 CMakeFiles/grblHAL.dir/grbl/spindle_control.c.o
                0x10017fb8                spindle_add_null
 .text.spindle_set_override
                0x10017fec       0xf4 CMakeFiles/grblHAL.dir/grbl/spindle_control.c.o
                0x10017fec                spindle_set_override
 .text.spindle_set_state
                0x100180e0      0x100 CMakeFiles/grblHAL.dir/grbl/spindle_control.c.o
                0x100180e0                spindle_set_state
 .text.spindle_set_state_synced
                0x100181e0       0xe8 CMakeFiles/grblHAL.dir/grbl/spindle_control.c.o
                0x100181e0                spindle_set_state_synced
 .text.spindle_restore
                0x100182c8       0xf0 CMakeFiles/grblHAL.dir/grbl/spindle_control.c.o
                0x100182c8                spindle_restore
 .text.spindle_set_rpm
                0x100183b8       0x6c CMakeFiles/grblHAL.dir/grbl/spindle_control.c.o
                0x100183b8                spindle_set_rpm
 .text.spindle_all_off
                0x10018424       0x30 CMakeFiles/grblHAL.dir/grbl/spindle_control.c.o
                0x10018424                spindle_all_off
 .text.spindle_is_on
                0x10018454       0x1c CMakeFiles/grblHAL.dir/grbl/spindle_control.c.o
                0x10018454                spindle_is_on
 .text.spindle_precompute_pwm_values
                0x10018470      0x1a8 CMakeFiles/grblHAL.dir/grbl/spindle_control.c.o
                0x10018470                spindle_precompute_pwm_values
 .text.state_noop
                0x10018618        0x4 CMakeFiles/grblHAL.dir/grbl/state_machine.c.o
 .text.initiate_hold
                0x1001861c      0x1a0 CMakeFiles/grblHAL.dir/grbl/state_machine.c.o
 .text.state_await_restart_retract
                0x100187bc       0x38 CMakeFiles/grblHAL.dir/grbl/state_machine.c.o
 .text.state_await_waypoint_retract
                0x100187f4       0xc8 CMakeFiles/grblHAL.dir/grbl/state_machine.c.o
 .text.state_restore
                0x100188bc      0x1ec CMakeFiles/grblHAL.dir/grbl/state_machine.c.o
 .text.state_await_toolchanged
                0x10018aa8      0x1e4 CMakeFiles/grblHAL.dir/grbl/state_machine.c.o
 .text.state_door_reopened
                0x10018c8c       0x20 CMakeFiles/grblHAL.dir/grbl/state_machine.c.o
                0x10018c8c                state_door_reopened
 .text.state_set
                0x10018cac      0x3d0 CMakeFiles/grblHAL.dir/grbl/state_machine.c.o
                0x10018cac                state_set
 .text.state_idle
                0x1001907c       0x84 CMakeFiles/grblHAL.dir/grbl/state_machine.c.o
 .text.state_update
                0x10019100       0x2c CMakeFiles/grblHAL.dir/grbl/state_machine.c.o
                0x10019100                state_update
 .text.state_await_resume
                0x1001912c      0x278 CMakeFiles/grblHAL.dir/grbl/state_machine.c.o
 .text.state_await_resumed
                0x100193a4       0x94 CMakeFiles/grblHAL.dir/grbl/state_machine.c.o
 .text.state_cycle
                0x10019438       0x74 CMakeFiles/grblHAL.dir/grbl/state_machine.c.o
 .text.state_await_motion_cancel
                0x100194ac       0xac CMakeFiles/grblHAL.dir/grbl/state_machine.c.o
 .text.state_await_hold.part.0
                0x10019558      0x1ec CMakeFiles/grblHAL.dir/grbl/state_machine.c.o
 .text.state_await_hold
                0x10019744        0xc CMakeFiles/grblHAL.dir/grbl/state_machine.c.o
 .text.state_suspend_manager
                0x10019750      0x148 CMakeFiles/grblHAL.dir/grbl/state_machine.c.o
                0x10019750                state_suspend_manager
 .text.stream_get_null
                0x10019898        0x8 CMakeFiles/grblHAL.dir/grbl/stream.c.o
                0x10019898                stream_get_null
 .text.stream_connected
                0x100198a0        0x4 CMakeFiles/grblHAL.dir/grbl/stream.c.o
                0x100198a0                stream_connected
 .text.is_not_connected
                0x100198a4        0x4 CMakeFiles/grblHAL.dir/grbl/stream.c.o
 .text.stream_write_all
                0x100198a8       0x28 CMakeFiles/grblHAL.dir/grbl/stream.c.o
 .text.null_rx_free
                0x100198d0        0x8 CMakeFiles/grblHAL.dir/grbl/stream.c.o
 .text.null_count
                0x100198d8        0x4 CMakeFiles/grblHAL.dir/grbl/stream.c.o
 .text.null_put_c
                0x100198dc        0x4 CMakeFiles/grblHAL.dir/grbl/stream.c.o
 .text.null_write_string
                0x100198e0        0x4 CMakeFiles/grblHAL.dir/grbl/stream.c.o
 .text.null_write
                0x100198e4        0x4 CMakeFiles/grblHAL.dir/grbl/stream.c.o
 .text.null_suspend_disable
                0x100198e8        0x4 CMakeFiles/grblHAL.dir/grbl/stream.c.o
 .text.null_set_baudrate
                0x100198ec        0x4 CMakeFiles/grblHAL.dir/grbl/stream.c.o
 .text.null_enqueue_rt_command
                0x100198f0        0xc CMakeFiles/grblHAL.dir/grbl/stream.c.o
 .text.null_set_rt_handler
                0x100198fc       0x10 CMakeFiles/grblHAL.dir/grbl/stream.c.o
 .text.stream_null_init
                0x1001990c        0x8 CMakeFiles/grblHAL.dir/grbl/stream.c.o
                0x1001990c                stream_null_init
 .text.report_mpg_mode
                0x10019914        0x8 CMakeFiles/grblHAL.dir/grbl/stream.c.o
 .text.stream_mpg_set_mode
                0x1001991c      0x150 CMakeFiles/grblHAL.dir/grbl/stream.c.o
                0x1001991c                stream_mpg_set_mode
 .text.stream_register_streams
                0x10019a6c       0x14 CMakeFiles/grblHAL.dir/grbl/stream.c.o
                0x10019a6c                stream_register_streams
 .text.stream_tx_blocking
                0x10019a80       0x28 CMakeFiles/grblHAL.dir/grbl/stream.c.o
                0x10019a80                stream_tx_blocking
 .text.stream_rx_suspend
                0x10019aa8       0x78 CMakeFiles/grblHAL.dir/grbl/stream.c.o
                0x10019aa8                stream_rx_suspend
 .text.stream_mpg_enable
                0x10019b20      0x148 CMakeFiles/grblHAL.dir/grbl/stream.c.o
                0x10019b20                stream_mpg_enable
 .text.stream_select
                0x10019c68      0x39c CMakeFiles/grblHAL.dir/grbl/stream.c.o
 .text.stream_connect
                0x1001a004       0x48 CMakeFiles/grblHAL.dir/grbl/stream.c.o
                0x1001a004                stream_connect
 .text.st_deenergize
                0x1001a04c       0x2c CMakeFiles/grblHAL.dir/grbl/stepper.c.o
                0x1001a04c                st_deenergize
 .text.st_wake_up
                0x1001a078       0x48 CMakeFiles/grblHAL.dir/grbl/stepper.c.o
                0x1001a078                st_wake_up
 .text.st_is_stepping
                0x1001a0c0       0x1c CMakeFiles/grblHAL.dir/grbl/stepper.c.o
                0x1001a0c0                st_is_stepping
 .text.st_reset
                0x1001a0dc      0x1b4 CMakeFiles/grblHAL.dir/grbl/stepper.c.o
                0x1001a0dc                st_reset
 .text.st_rpm_changed
                0x1001a290        0xc CMakeFiles/grblHAL.dir/grbl/stepper.c.o
                0x1001a290                st_rpm_changed
 .text.st_update_plan_block_parameters
                0x1001a29c       0xa8 CMakeFiles/grblHAL.dir/grbl/stepper.c.o
                0x1001a29c                st_update_plan_block_parameters
 .text.st_parking_setup_buffer
                0x1001a344       0x70 CMakeFiles/grblHAL.dir/grbl/stepper.c.o
                0x1001a344                st_parking_setup_buffer
 .text.st_parking_restore_buffer
                0x1001a3b4       0x7c CMakeFiles/grblHAL.dir/grbl/stepper.c.o
                0x1001a3b4                st_parking_restore_buffer
 .text.st_prep_buffer
                0x1001a430      0xa3c CMakeFiles/grblHAL.dir/grbl/stepper.c.o
                0x1001a430                st_prep_buffer
 .text.st_get_realtime_rate
                0x1001ae6c       0x18 CMakeFiles/grblHAL.dir/grbl/stepper.c.o
                0x1001ae6c                st_get_realtime_rate
 .text.st_get_offset_id
                0x1001ae84       0x34 CMakeFiles/grblHAL.dir/grbl/stepper.c.o
                0x1001ae84                st_get_offset_id
 .text.toggle_single_block
                0x1001aeb8       0x48 CMakeFiles/grblHAL.dir/grbl/system.c.o
 .text.toggle_block_delete
                0x1001af00       0x4c CMakeFiles/grblHAL.dir/grbl/system.c.o
 .text.toggle_optional_stop
                0x1001af4c       0x4c CMakeFiles/grblHAL.dir/grbl/system.c.o
 .text.help_steppers
                0x1001af98       0x18 CMakeFiles/grblHAL.dir/grbl/system.c.o
                0x1001af98                help_steppers
 .text.help_pins
                0x1001afb0       0x18 CMakeFiles/grblHAL.dir/grbl/system.c.o
                0x1001afb0                help_pins
 .text.help_switches
                0x1001afc8       0x58 CMakeFiles/grblHAL.dir/grbl/system.c.o
                0x1001afc8                help_switches
 .text.spindle_reset_data
                0x1001b020       0x24 CMakeFiles/grblHAL.dir/grbl/system.c.o
 .text.help_pin_state
                0x1001b044       0x18 CMakeFiles/grblHAL.dir/grbl/system.c.o
                0x1001b044                help_pin_state
 .text.settings_downgrade
                0x1001b05c       0x3c CMakeFiles/grblHAL.dir/grbl/system.c.o
 .text.rtc_action
                0x1001b098       0x3c CMakeFiles/grblHAL.dir/grbl/system.c.o
 .text.pin_state
                0x1001b0d4        0x4 CMakeFiles/grblHAL.dir/grbl/system.c.o
 .text.enumerate_pins
                0x1001b0d8        0x4 CMakeFiles/grblHAL.dir/grbl/system.c.o
 .text.enumerate_alarms_grblformatted
                0x1001b0dc        0x8 CMakeFiles/grblHAL.dir/grbl/system.c.o
 .text.enumerate_alarms
                0x1001b0e4        0x8 CMakeFiles/grblHAL.dir/grbl/system.c.o
 .text.enumerate_errors_grblformatted
                0x1001b0ec        0x8 CMakeFiles/grblHAL.dir/grbl/system.c.o
 .text.enumerate_errors
                0x1001b0f4        0x8 CMakeFiles/grblHAL.dir/grbl/system.c.o
 .text.enumerate_groups
                0x1001b0fc        0x8 CMakeFiles/grblHAL.dir/grbl/system.c.o
 .text.enumerate_all
                0x1001b104       0x28 CMakeFiles/grblHAL.dir/grbl/system.c.o
 .text.enumerate_settings_halformatted
                0x1001b12c        0xc CMakeFiles/grblHAL.dir/grbl/system.c.o
 .text.enumerate_settings_grblformatted
                0x1001b138        0xc CMakeFiles/grblHAL.dir/grbl/system.c.o
 .text.enumerate_settings
                0x1001b144        0xc CMakeFiles/grblHAL.dir/grbl/system.c.o
 .text.set_startup_line0
                0x1001b150       0x98 CMakeFiles/grblHAL.dir/grbl/system.c.o
 .text.output_startup_lines
                0x1001b1e8       0x5c CMakeFiles/grblHAL.dir/grbl/system.c.o
 .text.settings_reset
                0x1001b244       0x60 CMakeFiles/grblHAL.dir/grbl/system.c.o
 .text.output_all_build_info
                0x1001b2a4       0x1c CMakeFiles/grblHAL.dir/grbl/system.c.o
 .text.build_info
                0x1001b2c0       0x44 CMakeFiles/grblHAL.dir/grbl/system.c.o
 .text.tool_probe_workpiece
                0x1001b304        0x4 CMakeFiles/grblHAL.dir/grbl/system.c.o
 .text.enumerate_spindles_mr
                0x1001b308        0x8 CMakeFiles/grblHAL.dir/grbl/system.c.o
 .text.enumerate_spindles
                0x1001b310        0x8 CMakeFiles/grblHAL.dir/grbl/system.c.o
 .text.output_help
                0x1001b318        0x8 CMakeFiles/grblHAL.dir/grbl/system.c.o
 .text.check_mode
                0x1001b320       0x30 CMakeFiles/grblHAL.dir/grbl/system.c.o
 .text.enter_sleep
                0x1001b350       0x34 CMakeFiles/grblHAL.dir/grbl/system.c.o
 .text.help_rtc
                0x1001b384       0x2c CMakeFiles/grblHAL.dir/grbl/system.c.o
                0x1001b384                help_rtc
 .text.help_homing
                0x1001b3b0       0x3c CMakeFiles/grblHAL.dir/grbl/system.c.o
                0x1001b3b0                help_homing
 .text.jog      0x1001b3ec       0x20 CMakeFiles/grblHAL.dir/grbl/system.c.o
 .text.help_rst
                0x1001b40c       0x5c CMakeFiles/grblHAL.dir/grbl/system.c.o
                0x1001b40c                help_rst
 .text.help_spindle
                0x1001b468       0x50 CMakeFiles/grblHAL.dir/grbl/system.c.o
                0x1001b468                help_spindle
 .text.disable_lock
                0x1001b4b8       0x94 CMakeFiles/grblHAL.dir/grbl/system.c.o
 .text.system_execute_startup.part.0
                0x1001b54c       0x5c CMakeFiles/grblHAL.dir/grbl/system.c.o
 .text._system_output_help.constprop.0
                0x1001b5a8       0x84 CMakeFiles/grblHAL.dir/grbl/system.c.o
 .text.home_x   0x1001b62c       0xe8 CMakeFiles/grblHAL.dir/grbl/system.c.o
 .text.output_setting_description
                0x1001b714       0x5c CMakeFiles/grblHAL.dir/grbl/system.c.o
 .text.output_all_settings
                0x1001b770       0x6c CMakeFiles/grblHAL.dir/grbl/system.c.o
 .text.output_ngc_parameters
                0x1001b7dc       0x5c CMakeFiles/grblHAL.dir/grbl/system.c.o
 .text.output_parser_state
                0x1001b838       0x28 CMakeFiles/grblHAL.dir/grbl/system.c.o
 .text.output_settings
                0x1001b860       0x6c CMakeFiles/grblHAL.dir/grbl/system.c.o
 .text.set_tool_reference
                0x1001b8cc       0x5c CMakeFiles/grblHAL.dir/grbl/system.c.o
 .text.set_startup_line1
                0x1001b928       0x98 CMakeFiles/grblHAL.dir/grbl/system.c.o
 .text.home     0x1001b9c0       0xdc CMakeFiles/grblHAL.dir/grbl/system.c.o
 .text.home_b   0x1001ba9c       0xe8 CMakeFiles/grblHAL.dir/grbl/system.c.o
 .text.home_a   0x1001bb84       0xe8 CMakeFiles/grblHAL.dir/grbl/system.c.o
 .text.home_z   0x1001bc6c       0xe8 CMakeFiles/grblHAL.dir/grbl/system.c.o
 .text.home_y   0x1001bd54       0xe8 CMakeFiles/grblHAL.dir/grbl/system.c.o
 .text.system_init_switches
                0x1001be3c       0x34 CMakeFiles/grblHAL.dir/grbl/system.c.o
                0x1001be3c                system_init_switches
 .text.system_execute_startup
                0x1001be70       0x14 CMakeFiles/grblHAL.dir/grbl/system.c.o
                0x1001be70                system_execute_startup
 .text.system_register_commands
                0x1001be84       0x10 CMakeFiles/grblHAL.dir/grbl/system.c.o
                0x1001be84                system_register_commands
 .text._system_output_help
                0x1001be94       0xa4 CMakeFiles/grblHAL.dir/grbl/system.c.o
                0x1001be94                _system_output_help
 .text.system_command_help
                0x1001bf38       0x28 CMakeFiles/grblHAL.dir/grbl/system.c.o
                0x1001bf38                system_command_help
 .text.system_execute_line
                0x1001bf60      0x2cc CMakeFiles/grblHAL.dir/grbl/system.c.o
                0x1001bf60                system_execute_line
 .text.system_clear_tlo_reference
                0x1001c22c       0x64 CMakeFiles/grblHAL.dir/grbl/system.c.o
                0x1001c22c                system_clear_tlo_reference
 .text.system_flag_wco_change
                0x1001c290       0x40 CMakeFiles/grblHAL.dir/grbl/system.c.o
                0x1001c290                system_flag_wco_change
 .text.system_convert_array_steps_to_mpos
                0x1001c2d0       0x6c CMakeFiles/grblHAL.dir/grbl/system.c.o
                0x1001c2d0                system_convert_array_steps_to_mpos
 .text.system_xy_at_fixture
                0x1001c33c       0x8c CMakeFiles/grblHAL.dir/grbl/system.c.o
                0x1001c33c                system_xy_at_fixture
 .text.system_raise_alarm
                0x1001c3c8       0x84 CMakeFiles/grblHAL.dir/grbl/system.c.o
                0x1001c3c8                system_raise_alarm
 .text.system_get_rt_report_flags
                0x1001c44c        0xc CMakeFiles/grblHAL.dir/grbl/system.c.o
                0x1001c44c                system_get_rt_report_flags
 .text.system_add_rt_report
                0x1001c458       0x68 CMakeFiles/grblHAL.dir/grbl/system.c.o
                0x1001c458                system_add_rt_report
 .text.change_completed
                0x1001c4c0       0xd4 CMakeFiles/grblHAL.dir/grbl/tool_change.c.o
 .text.execute_warning
                0x1001c594        0xc CMakeFiles/grblHAL.dir/grbl/tool_change.c.o
 .text.reset    0x1001c5a0       0x70 CMakeFiles/grblHAL.dir/grbl/tool_change.c.o
 .text.onToolSelect
                0x1001c610       0x48 CMakeFiles/grblHAL.dir/grbl/tool_change.c.o
 .text.onHomingComplete
                0x1001c658       0x28 CMakeFiles/grblHAL.dir/grbl/tool_change.c.o
 .text.restore  0x1001c680      0x194 CMakeFiles/grblHAL.dir/grbl/tool_change.c.o
 .text.onWcoSaved
                0x1001c814       0x38 CMakeFiles/grblHAL.dir/grbl/tool_change.c.o
 .text.onProbeCompleted
                0x1001c84c       0x40 CMakeFiles/grblHAL.dir/grbl/tool_change.c.o
 .text.go_toolsetter
                0x1001c88c       0xa0 CMakeFiles/grblHAL.dir/grbl/tool_change.c.o
 .text.execute_restore
                0x1001c92c       0x44 CMakeFiles/grblHAL.dir/grbl/tool_change.c.o
 .text.execute_probe
                0x1001c970      0x31c CMakeFiles/grblHAL.dir/grbl/tool_change.c.o
 .text.execute_return_from_g30
                0x1001cc8c       0xd8 CMakeFiles/grblHAL.dir/grbl/tool_change.c.o
 .text.tool_change
                0x1001cd64      0x29c CMakeFiles/grblHAL.dir/grbl/tool_change.c.o
 .text.tc_init  0x1001d000       0xc0 CMakeFiles/grblHAL.dir/grbl/tool_change.c.o
                0x1001d000                tc_init
 .text.tc_probe_workpiece
                0x1001d0c0      0x210 CMakeFiles/grblHAL.dir/grbl/tool_change.c.o
                0x1001d0c0                tc_probe_workpiece
 .text.alarms_get_details
                0x1001d2d0        0x8 CMakeFiles/grblHAL.dir/grbl/alarms.c.o
                0x1001d2d0                alarms_get_details
 .text.errors_get_details
                0x1001d2d8        0x8 CMakeFiles/grblHAL.dir/grbl/errors.c.o
                0x1001d2d8                errors_get_details
 .text.probe_result
                0x1001d2e0       0x14 CMakeFiles/grblHAL.dir/grbl/ngc_params.c.o
 .text.m66_result
                0x1001d2f4       0x18 CMakeFiles/grblHAL.dir/grbl/ngc_params.c.o
 .text.tool_number
                0x1001d30c       0x1c CMakeFiles/grblHAL.dir/grbl/ngc_params.c.o
 .text.tool_offset
                0x1001d328       0x2c CMakeFiles/grblHAL.dir/grbl/ngc_params.c.o
 .text.coord_system
                0x1001d354       0x20 CMakeFiles/grblHAL.dir/grbl/ngc_params.c.o
 .text.g92_offset_applied
                0x1001d374       0x18 CMakeFiles/grblHAL.dir/grbl/ngc_params.c.o
 .text.g92_offset
                0x1001d38c       0x2c CMakeFiles/grblHAL.dir/grbl/ngc_params.c.o
 .text.debug_output
                0x1001d3b8       0x1c CMakeFiles/grblHAL.dir/grbl/ngc_params.c.o
 .text.coord_system_offset
                0x1001d3d4       0x50 CMakeFiles/grblHAL.dir/grbl/ngc_params.c.o
 .text.g30_home
                0x1001d424       0x3c CMakeFiles/grblHAL.dir/grbl/ngc_params.c.o
 .text.g28_home
                0x1001d460       0x3c CMakeFiles/grblHAL.dir/grbl/ngc_params.c.o
 .text.probe_coord
                0x1001d49c       0xc0 CMakeFiles/grblHAL.dir/grbl/ngc_params.c.o
 .text.scaling_factors
                0x1001d55c       0x30 CMakeFiles/grblHAL.dir/grbl/ngc_params.c.o
 .text.work_position
                0x1001d58c       0x7c CMakeFiles/grblHAL.dir/grbl/ngc_params.c.o
 .text.ngc_param_get
                0x1001d608       0x84 CMakeFiles/grblHAL.dir/grbl/ngc_params.c.o
                0x1001d608                ngc_param_get
 .text.ngc_param_set
                0x1001d68c       0x9c CMakeFiles/grblHAL.dir/grbl/ngc_params.c.o
                0x1001d68c                ngc_param_set
 .text.ngc_named_param_get_by_id
                0x1001d728      0x484 CMakeFiles/grblHAL.dir/grbl/ngc_params.c.o
                0x1001d728                ngc_named_param_get_by_id
 .text.ngc_named_param_get
                0x1001dbac       0xcc CMakeFiles/grblHAL.dir/grbl/ngc_params.c.o
                0x1001dbac                ngc_named_param_get
 .text.ngc_named_param_set
                0x1001dc78      0x10c CMakeFiles/grblHAL.dir/grbl/ngc_params.c.o
                0x1001dc78                ngc_named_param_set
 .text.onMacroExecute
                0x1001dd84      0x3f4 CMakeFiles/grblHAL.dir/grbl/ngc_params.c.o
 .text.ngc_modal_state_save
                0x1001e178       0x54 CMakeFiles/grblHAL.dir/grbl/ngc_params.c.o
                0x1001e178                ngc_modal_state_save
 .text.ngc_modal_state_invalidate
                0x1001e1cc       0x3c CMakeFiles/grblHAL.dir/grbl/ngc_params.c.o
                0x1001e1cc                ngc_modal_state_invalidate
 .text.ngc_modal_state_restore
                0x1001e208       0x2c CMakeFiles/grblHAL.dir/grbl/ngc_params.c.o
                0x1001e208                ngc_modal_state_restore
 .text.ngc_call_push
                0x1001e234       0x3c CMakeFiles/grblHAL.dir/grbl/ngc_params.c.o
                0x1001e234                ngc_call_push
 .text.ngc_call_pop
                0x1001e270       0xf4 CMakeFiles/grblHAL.dir/grbl/ngc_params.c.o
                0x1001e270                ngc_call_pop
 .text.ngc_call_level
                0x1001e364        0xc CMakeFiles/grblHAL.dir/grbl/ngc_params.c.o
                0x1001e364                ngc_call_level
 .text.ngc_float_decimals
                0x1001e370       0x14 CMakeFiles/grblHAL.dir/grbl/ngc_params.c.o
                0x1001e370                ngc_float_decimals
 .text.ngc_params_init
                0x1001e384       0x68 CMakeFiles/grblHAL.dir/grbl/ngc_params.c.o
                0x1001e384                ngc_params_init
 .text.matchhere
                0x1001e3ec       0x88 CMakeFiles/grblHAL.dir/grbl/regex.c.o
                0x1001e3ec                matchhere
 .text.get_info
                0x1001e474       0xc4 CMakeFiles/grblHAL.dir/grbl/ioports.c.o
 .text.io_get_pin_info
                0x1001e538       0xb4 CMakeFiles/grblHAL.dir/grbl/ioports.c.o
 .text.io_set_pin_description
                0x1001e5ec       0x60 CMakeFiles/grblHAL.dir/grbl/ioports.c.o
 .text.io_analog_out
                0x1001e64c       0x64 CMakeFiles/grblHAL.dir/grbl/ioports.c.o
 .text.io_digital_out
                0x1001e6b0       0x6c CMakeFiles/grblHAL.dir/grbl/ioports.c.o
 .text.io_wait_on_input
                0x1001e71c       0x5c CMakeFiles/grblHAL.dir/grbl/ioports.c.o
 .text.io_register_interrupt_handler
                0x1001e778       0x58 CMakeFiles/grblHAL.dir/grbl/ioports.c.o
 .text.aux_set_value
                0x1001e7d0      0x34c CMakeFiles/grblHAL.dir/grbl/ioports.c.o
 .text.is_setting_available
                0x1001eb1c       0x48 CMakeFiles/grblHAL.dir/grbl/ioports.c.o
 .text.aux_get_value
                0x1001eb64       0x5c CMakeFiles/grblHAL.dir/grbl/ioports.c.o
 .text.onSettingsChanged
                0x1001ebc0      0x280 CMakeFiles/grblHAL.dir/grbl/ioports.c.o
 .text.io_claim
                0x1001ee40      0x1a4 CMakeFiles/grblHAL.dir/grbl/ioports.c.o
 .text.ioports_unclaimed
                0x1001efe4       0x84 CMakeFiles/grblHAL.dir/grbl/ioports.c.o
                0x1001efe4                ioports_unclaimed
 .text.ioport_claim
                0x1001f068       0xe4 CMakeFiles/grblHAL.dir/grbl/ioports.c.o
                0x1001f068                ioport_claim
 .text.ioport_set_function
                0x1001f14c      0x118 CMakeFiles/grblHAL.dir/grbl/ioports.c.o
                0x1001f14c                ioport_set_function
 .text.ioports_can_do
                0x1001f264       0x54 CMakeFiles/grblHAL.dir/grbl/ioports.c.o
                0x1001f264                ioports_can_do
 .text.ioports_enumerate
                0x1001f2b8      0x144 CMakeFiles/grblHAL.dir/grbl/ioports.c.o
                0x1001f2b8                ioports_enumerate
 .text.ioport_set_description
                0x1001f3fc       0x1c CMakeFiles/grblHAL.dir/grbl/ioports.c.o
                0x1001f3fc                ioport_set_description
 .text.ioport_analog_out
                0x1001f418       0x14 CMakeFiles/grblHAL.dir/grbl/ioports.c.o
                0x1001f418                ioport_analog_out
 .text.ioport_digital_out
                0x1001f42c       0x24 CMakeFiles/grblHAL.dir/grbl/ioports.c.o
                0x1001f42c                ioport_digital_out
 .text.ioport_wait_on_input
                0x1001f450       0x20 CMakeFiles/grblHAL.dir/grbl/ioports.c.o
                0x1001f450                ioport_wait_on_input
 .text.ioports_add_analog
                0x1001f470      0x34c CMakeFiles/grblHAL.dir/grbl/ioports.c.o
                0x1001f470                ioports_add_analog
 .text.ioports_add_digital
                0x1001f7bc      0x384 CMakeFiles/grblHAL.dir/grbl/ioports.c.o
                0x1001f7bc                ioports_add_digital
 .text.ioports_precompute_pwm_values
                0x1001fb40       0xec CMakeFiles/grblHAL.dir/grbl/ioports.c.o
                0x1001fb40                ioports_precompute_pwm_values
 .text.ioports_compute_pwm_value
                0x1001fc2c       0x70 CMakeFiles/grblHAL.dir/grbl/ioports.c.o
                0x1001fc2c                ioports_compute_pwm_value
 .text.ioport_save_input_settings
                0x1001fc9c       0xec CMakeFiles/grblHAL.dir/grbl/ioports.c.o
                0x1001fc9c                ioport_save_input_settings
 .text.ioport_save_output_settings
                0x1001fd88       0xac CMakeFiles/grblHAL.dir/grbl/ioports.c.o
                0x1001fd88                ioport_save_output_settings
 .text.ioport_setting_changed
                0x1001fe34      0x1f4 CMakeFiles/grblHAL.dir/grbl/ioports.c.o
                0x1001fe34                ioport_setting_changed
 .text.canbus_enabled
                0x10020028        0xc CMakeFiles/grblHAL.dir/grbl/canbus.c.o
                0x10020028                canbus_enabled
 .text.panic    0x10020034       0x30 CMakeFiles/grblHAL.dir/Users/lukasnoll/.pico-sdk/sdk/2.1.1/src/rp2_common/pico_platform_panic/panic.c.o
                0x10020034                panic
 .text.hw_claim_lock
                0x10020064       0x24 CMakeFiles/grblHAL.dir/Users/lukasnoll/.pico-sdk/sdk/2.1.1/src/common/hardware_claim/claim.c.o
                0x10020064                hw_claim_lock
 .text.hw_claim_unlock
                0x10020088       0x14 CMakeFiles/grblHAL.dir/Users/lukasnoll/.pico-sdk/sdk/2.1.1/src/common/hardware_claim/claim.c.o
                0x10020088                hw_claim_unlock
 .text.hw_claim_or_assert
                0x1002009c       0x58 CMakeFiles/grblHAL.dir/Users/lukasnoll/.pico-sdk/sdk/2.1.1/src/common/hardware_claim/claim.c.o
                0x1002009c                hw_claim_or_assert
 .text.hw_claim_unused_from_range
                0x100200f4       0x80 CMakeFiles/grblHAL.dir/Users/lukasnoll/.pico-sdk/sdk/2.1.1/src/common/hardware_claim/claim.c.o
                0x100200f4                hw_claim_unused_from_range
 .text.hw_claim_clear
                0x10020174       0x50 CMakeFiles/grblHAL.dir/Users/lukasnoll/.pico-sdk/sdk/2.1.1/src/common/hardware_claim/claim.c.o
                0x10020174                hw_claim_clear
 .text.next_striped_spin_lock_num
                0x100201c4       0x18 CMakeFiles/grblHAL.dir/Users/lukasnoll/.pico-sdk/sdk/2.1.1/src/rp2_common/hardware_sync/sync.c.o
                0x100201c4                next_striped_spin_lock_num
 .text.spin_lock_claim_unused
                0x100201dc       0x20 CMakeFiles/grblHAL.dir/Users/lukasnoll/.pico-sdk/sdk/2.1.1/src/rp2_common/hardware_sync/sync.c.o
                0x100201dc                spin_lock_claim_unused
 .text.spinlock_set_extexclall
                0x100201fc       0x10 CMakeFiles/grblHAL.dir/Users/lukasnoll/.pico-sdk/sdk/2.1.1/src/rp2_common/hardware_sync_spin_lock/sync_spin_lock.c.o
 .text.spin_locks_reset
                0x1002020c       0x18 CMakeFiles/grblHAL.dir/Users/lukasnoll/.pico-sdk/sdk/2.1.1/src/rp2_common/hardware_sync_spin_lock/sync_spin_lock.c.o
                0x1002020c                spin_locks_reset
 .text.clock_configure_undivided
                0x10020224       0xd0 CMakeFiles/grblHAL.dir/Users/lukasnoll/.pico-sdk/sdk/2.1.1/src/rp2_common/hardware_clocks/clocks.c.o
                0x10020224                clock_configure_undivided
 .text.clock_get_hz
                0x100202f4        0xc CMakeFiles/grblHAL.dir/Users/lukasnoll/.pico-sdk/sdk/2.1.1/src/rp2_common/hardware_clocks/clocks.c.o
                0x100202f4                clock_get_hz
 .text.gpio_default_irq_handler
                0x10020300      0x1d4 CMakeFiles/grblHAL.dir/Users/lukasnoll/.pico-sdk/sdk/2.1.1/src/rp2_common/hardware_gpio/gpio.c.o
 .text.gpio_set_function
                0x100204d4       0x3c CMakeFiles/grblHAL.dir/Users/lukasnoll/.pico-sdk/sdk/2.1.1/src/rp2_common/hardware_gpio/gpio.c.o
                0x100204d4                gpio_set_function
 .text.gpio_get_function
                0x10020510       0x14 CMakeFiles/grblHAL.dir/Users/lukasnoll/.pico-sdk/sdk/2.1.1/src/rp2_common/hardware_gpio/gpio.c.o
                0x10020510                gpio_get_function
 .text.gpio_set_pulls
                0x10020524       0x28 CMakeFiles/grblHAL.dir/Users/lukasnoll/.pico-sdk/sdk/2.1.1/src/rp2_common/hardware_gpio/gpio.c.o
                0x10020524                gpio_set_pulls
 .text.gpio_set_inover
                0x1002054c       0x20 CMakeFiles/grblHAL.dir/Users/lukasnoll/.pico-sdk/sdk/2.1.1/src/rp2_common/hardware_gpio/gpio.c.o
                0x1002054c                gpio_set_inover
 .text.gpio_set_outover
                0x1002056c       0x20 CMakeFiles/grblHAL.dir/Users/lukasnoll/.pico-sdk/sdk/2.1.1/src/rp2_common/hardware_gpio/gpio.c.o
                0x1002056c                gpio_set_outover
 .text.gpio_set_irq_enabled
                0x1002058c       0x48 CMakeFiles/grblHAL.dir/Users/lukasnoll/.pico-sdk/sdk/2.1.1/src/rp2_common/hardware_gpio/gpio.c.o
                0x1002058c                gpio_set_irq_enabled
 .text.gpio_set_irq_enabled_with_callback
                0x100205d4       0xa8 CMakeFiles/grblHAL.dir/Users/lukasnoll/.pico-sdk/sdk/2.1.1/src/rp2_common/hardware_gpio/gpio.c.o
                0x100205d4                gpio_set_irq_enabled_with_callback
 .text.gpio_acknowledge_irq
                0x1002067c       0x18 CMakeFiles/grblHAL.dir/Users/lukasnoll/.pico-sdk/sdk/2.1.1/src/rp2_common/hardware_gpio/gpio.c.o
                0x1002067c                gpio_acknowledge_irq
 .text.gpio_init
                0x10020694       0x48 CMakeFiles/grblHAL.dir/Users/lukasnoll/.pico-sdk/sdk/2.1.1/src/rp2_common/hardware_gpio/gpio.c.o
                0x10020694                gpio_init
 .text.runtime_init_per_core_irq_priorities
                0x100206dc       0x40 CMakeFiles/grblHAL.dir/Users/lukasnoll/.pico-sdk/sdk/2.1.1/src/rp2_common/hardware_irq/irq.c.o
                0x100206dc                runtime_init_per_core_irq_priorities
 .text.irq_set_enabled
                0x1002071c       0x2c CMakeFiles/grblHAL.dir/Users/lukasnoll/.pico-sdk/sdk/2.1.1/src/rp2_common/hardware_irq/irq.c.o
                0x1002071c                irq_set_enabled
 .text.irq_set_pending
                0x10020748       0x18 CMakeFiles/grblHAL.dir/Users/lukasnoll/.pico-sdk/sdk/2.1.1/src/rp2_common/hardware_irq/irq.c.o
                0x10020748                irq_set_pending
 .text.irq_set_exclusive_handler
                0x10020760       0x60 CMakeFiles/grblHAL.dir/Users/lukasnoll/.pico-sdk/sdk/2.1.1/src/rp2_common/hardware_irq/irq.c.o
                0x10020760                irq_set_exclusive_handler
 .text.irq_add_shared_handler
                0x100207c0      0x1e8 CMakeFiles/grblHAL.dir/Users/lukasnoll/.pico-sdk/sdk/2.1.1/src/rp2_common/hardware_irq/irq.c.o
                0x100207c0                irq_add_shared_handler
 .text.irq_remove_handler
                0x100209a8      0x1f4 CMakeFiles/grblHAL.dir/Users/lukasnoll/.pico-sdk/sdk/2.1.1/src/rp2_common/hardware_irq/irq.c.o
                0x100209a8                irq_remove_handler
 .text.irq_set_priority
                0x10020b9c       0x28 CMakeFiles/grblHAL.dir/Users/lukasnoll/.pico-sdk/sdk/2.1.1/src/rp2_common/hardware_irq/irq.c.o
                0x10020b9c                irq_set_priority
 .text.irq_add_tail_to_free_list
                0x10020bc4       0xbc CMakeFiles/grblHAL.dir/Users/lukasnoll/.pico-sdk/sdk/2.1.1/src/rp2_common/hardware_irq/irq.c.o
                0x10020bc4                irq_add_tail_to_free_list
 .text.lock_init
                0x10020c80        0xc CMakeFiles/grblHAL.dir/Users/lukasnoll/.pico-sdk/sdk/2.1.1/src/common/pico_sync/lock_core.c.o
                0x10020c80                lock_init
 .text.runtime_init_mutex
                0x10020c8c       0x4c CMakeFiles/grblHAL.dir/Users/lukasnoll/.pico-sdk/sdk/2.1.1/src/common/pico_sync/mutex.c.o
                0x10020c8c                runtime_init_mutex
 .text.mutex_init
                0x10020cd8       0x1c CMakeFiles/grblHAL.dir/Users/lukasnoll/.pico-sdk/sdk/2.1.1/src/common/pico_sync/mutex.c.o
                0x10020cd8                mutex_init
 .text.critical_section_init
                0x10020cf4       0x1c CMakeFiles/grblHAL.dir/Users/lukasnoll/.pico-sdk/sdk/2.1.1/src/common/pico_sync/critical_section.c.o
                0x10020cf4                critical_section_init
 .text.sleep_until_callback
                0x10020d10       0x3c CMakeFiles/grblHAL.dir/Users/lukasnoll/.pico-sdk/sdk/2.1.1/src/common/pico_time/time.c.o
 *fill*         0x10020d4c        0x4 
 .text.alarm_pool_irq_handler
                0x10020d50      0x2fc CMakeFiles/grblHAL.dir/Users/lukasnoll/.pico-sdk/sdk/2.1.1/src/common/pico_time/time.c.o
 .text.runtime_init_default_alarm_pool
                0x1002104c      0x100 CMakeFiles/grblHAL.dir/Users/lukasnoll/.pico-sdk/sdk/2.1.1/src/common/pico_time/time.c.o
                0x1002104c                runtime_init_default_alarm_pool
 .text.alarm_pool_get_default
                0x1002114c        0x8 CMakeFiles/grblHAL.dir/Users/lukasnoll/.pico-sdk/sdk/2.1.1/src/common/pico_time/time.c.o
                0x1002114c                alarm_pool_get_default
 .text.alarm_pool_add_alarm_at
                0x10021154       0xdc CMakeFiles/grblHAL.dir/Users/lukasnoll/.pico-sdk/sdk/2.1.1/src/common/pico_time/time.c.o
                0x10021154                alarm_pool_add_alarm_at
 .text.alarm_pool_add_alarm_at_force_in_context
                0x10021230       0xc8 CMakeFiles/grblHAL.dir/Users/lukasnoll/.pico-sdk/sdk/2.1.1/src/common/pico_time/time.c.o
                0x10021230                alarm_pool_add_alarm_at_force_in_context
 .text.alarm_pool_cancel_alarm
                0x100212f8       0x80 CMakeFiles/grblHAL.dir/Users/lukasnoll/.pico-sdk/sdk/2.1.1/src/common/pico_time/time.c.o
                0x100212f8                alarm_pool_cancel_alarm
 .text.best_effort_wfe_or_timeout
                0x10021378       0xd4 CMakeFiles/grblHAL.dir/Users/lukasnoll/.pico-sdk/sdk/2.1.1/src/common/pico_time/time.c.o
                0x10021378                best_effort_wfe_or_timeout
 .text.timer_hardware_alarm_claim
                0x1002144c       0x24 CMakeFiles/grblHAL.dir/Users/lukasnoll/.pico-sdk/sdk/2.1.1/src/rp2_common/hardware_timer/timer.c.o
                0x1002144c                timer_hardware_alarm_claim
 .text.timer_time_us_64
                0x10021470       0x10 CMakeFiles/grblHAL.dir/Users/lukasnoll/.pico-sdk/sdk/2.1.1/src/rp2_common/hardware_timer/timer.c.o
                0x10021470                timer_time_us_64
 .text.time_us_64
                0x10021480       0x14 CMakeFiles/grblHAL.dir/Users/lukasnoll/.pico-sdk/sdk/2.1.1/src/rp2_common/hardware_timer/timer.c.o
                0x10021480                time_us_64
 .text.busy_wait_us
                0x10021494       0x5c CMakeFiles/grblHAL.dir/Users/lukasnoll/.pico-sdk/sdk/2.1.1/src/rp2_common/hardware_timer/timer.c.o
                0x10021494                busy_wait_us
 .text.pll_init
                0x100214f0       0x8c CMakeFiles/grblHAL.dir/Users/lukasnoll/.pico-sdk/sdk/2.1.1/src/rp2_common/hardware_pll/pll.c.o
                0x100214f0                pll_init
 .text.tick_start
                0x1002157c       0x18 CMakeFiles/grblHAL.dir/Users/lukasnoll/.pico-sdk/sdk/2.1.1/src/rp2_common/hardware_ticks/ticks.c.o
                0x1002157c                tick_start
 .text.rom_reboot.constprop.0.isra.0