Archive member included to satisfy reference by file (symbol)

/Applications/ArmGNUToolchain/14.3.rel1/arm-none-eabi/bin/../lib/gcc/arm-none-eabi/14.3.1/../../../../arm-none-eabi/lib/thumb/v8-m.main+fp/softfp/libm.a(libm_a-wf_sqrt.o)
                              CMakeFiles/grblhal_robot_arm.dir/GRBL/gcode.c.o (sqrtf)
/Applications/ArmGNUToolchain/14.3.rel1/arm-none-eabi/bin/../lib/gcc/arm-none-eabi/14.3.1/../../../../arm-none-eabi/lib/thumb/v8-m.main+fp/softfp/libm.a(libm_a-ef_sqrt.o)
                              /Applications/ArmGNUToolchain/14.3.rel1/arm-none-eabi/bin/../lib/gcc/arm-none-eabi/14.3.1/../../../../arm-none-eabi/lib/thumb/v8-m.main+fp/softfp/libm.a(libm_a-wf_sqrt.o) (__ieee754_sqrtf)
/Applications/ArmGNUToolchain/14.3.rel1/arm-none-eabi/bin/../lib/gcc/arm-none-eabi/14.3.1/../../../../arm-none-eabi/lib/thumb/v8-m.main+fp/softfp/libm.a(libm_a-sf_lround.o)
                              CMakeFiles/grblhal_robot_arm.dir/GRBL/motion_control.c.o (lroundf)
/Applications/ArmGNUToolchain/14.3.rel1/arm-none-eabi/bin/../lib/gcc/arm-none-eabi/14.3.1/thumb/v8-m.main+fp/softfp/libgcc.a(_arm_addsubdf3.o)
                              CMakeFiles/grblhal_robot_arm.dir/GRBL/motion_control.c.o (__aeabi_f2d)
/Applications/ArmGNUToolchain/14.3.rel1/arm-none-eabi/bin/../lib/gcc/arm-none-eabi/14.3.1/thumb/v8-m.main+fp/softfp/libgcc.a(_aeabi_ldivmod.o)
                              CMakeFiles/grblhal_robot_arm.dir/pico-sdk/src/common/pico_time/time.c.o (__aeabi_ldivmod)
/Applications/ArmGNUToolchain/14.3.rel1/arm-none-eabi/bin/../lib/gcc/arm-none-eabi/14.3.1/thumb/v8-m.main+fp/softfp/libgcc.a(_aeabi_uldivmod.o)
                              CMakeFiles/grblhal_robot_arm.dir/GRBL/stepper2.c.o (__aeabi_uldivmod)
/Applications/ArmGNUToolchain/14.3.rel1/arm-none-eabi/bin/../lib/gcc/arm-none-eabi/14.3.1/thumb/v8-m.main+fp/softfp/libgcc.a(_udivmoddi4.o)
                              /Applications/ArmGNUToolchain/14.3.rel1/arm-none-eabi/bin/../lib/gcc/arm-none-eabi/14.3.1/thumb/v8-m.main+fp/softfp/libgcc.a(_aeabi_ldivmod.o) (__udivmoddi4)
/Applications/ArmGNUToolchain/14.3.rel1/arm-none-eabi/bin/../lib/gcc/arm-none-eabi/14.3.1/thumb/v8-m.main+fp/softfp/libgcc.a(_dvmd_tls.o)
                              /Applications/ArmGNUToolchain/14.3.rel1/arm-none-eabi/bin/../lib/gcc/arm-none-eabi/14.3.1/thumb/v8-m.main+fp/softfp/libgcc.a(_aeabi_ldivmod.o) (__aeabi_ldiv0)
/Applications/ArmGNUToolchain/14.3.rel1/arm-none-eabi/bin/../lib/gcc/arm-none-eabi/14.3.1/../../../../arm-none-eabi/lib/thumb/v8-m.main+fp/softfp/libg.a(libc_a-atoi.o)
                              CMakeFiles/grblhal_robot_arm.dir/GRBL/strutils.c.o (atoi)
/Applications/ArmGNUToolchain/14.3.rel1/arm-none-eabi/bin/../lib/gcc/arm-none-eabi/14.3.1/../../../../arm-none-eabi/lib/thumb/v8-m.main+fp/softfp/libg.a(libc_a-calloc.o)
                              CMakeFiles/grblhal_robot_arm.dir/pico-sdk/src/rp2_common/pico_malloc/malloc.c.o (calloc)
/Applications/ArmGNUToolchain/14.3.rel1/arm-none-eabi/bin/../lib/gcc/arm-none-eabi/14.3.1/../../../../arm-none-eabi/lib/thumb/v8-m.main+fp/softfp/libg.a(libc_a-callocr.o)
                              /Applications/ArmGNUToolchain/14.3.rel1/arm-none-eabi/bin/../lib/gcc/arm-none-eabi/14.3.1/../../../../arm-none-eabi/lib/thumb/v8-m.main+fp/softfp/libg.a(libc_a-calloc.o) (_calloc_r)
/Applications/ArmGNUToolchain/14.3.rel1/arm-none-eabi/bin/../lib/gcc/arm-none-eabi/14.3.1/../../../../arm-none-eabi/lib/thumb/v8-m.main+fp/softfp/libg.a(libc_a-qsort.o)
                              CMakeFiles/grblhal_robot_arm.dir/GRBL/report.c.o (qsort)
/Applications/ArmGNUToolchain/14.3.rel1/arm-none-eabi/bin/../lib/gcc/arm-none-eabi/14.3.1/../../../../arm-none-eabi/lib/thumb/v8-m.main+fp/softfp/libg.a(libc_a-malloc.o)
                              CMakeFiles/grblhal_robot_arm.dir/pico-sdk/src/rp2_common/pico_malloc/malloc.c.o (malloc)
/Applications/ArmGNUToolchain/14.3.rel1/arm-none-eabi/bin/../lib/gcc/arm-none-eabi/14.3.1/../../../../arm-none-eabi/lib/thumb/v8-m.main+fp/softfp/libg.a(libc_a-mallocr.o)
                              /Applications/ArmGNUToolchain/14.3.rel1/arm-none-eabi/bin/../lib/gcc/arm-none-eabi/14.3.1/../../../../arm-none-eabi/lib/thumb/v8-m.main+fp/softfp/libg.a(libc_a-callocr.o) (_malloc_r)
/Applications/ArmGNUToolchain/14.3.rel1/arm-none-eabi/bin/../lib/gcc/arm-none-eabi/14.3.1/../../../../arm-none-eabi/lib/thumb/v8-m.main+fp/softfp/libg.a(libc_a-mlock.o)
                              /Applications/ArmGNUToolchain/14.3.rel1/arm-none-eabi/bin/../lib/gcc/arm-none-eabi/14.3.1/../../../../arm-none-eabi/lib/thumb/v8-m.main+fp/softfp/libg.a(libc_a-mallocr.o) (__malloc_lock)
/Applications/ArmGNUToolchain/14.3.rel1/arm-none-eabi/bin/../lib/gcc/arm-none-eabi/14.3.1/../../../../arm-none-eabi/lib/thumb/v8-m.main+fp/softfp/libg.a(libc_a-realloc.o)
                              CMakeFiles/grblhal_robot_arm.dir/pico-sdk/src/rp2_common/pico_malloc/malloc.c.o (realloc)
[...]
Memory Configuration

Name             Origin             Length             Attributes
FLASH            0x10000000         0x00400000         xr
RAM              0x20000000         0x00080000         xrw
SCRATCH_X        0x20080000         0x00001000         xrw
SCRATCH_Y        0x20081000         0x00001000         xrw
*default*        0x00000000         0xffffffff

Linker script and memory map

LOAD /Applications/ArmGNUToolchain/14.3.rel1/arm-none-eabi/bin/../lib/gcc/arm-none-eabi/14.3.1/thumb/v8-m.main+fp/softfp/crti.o
LOAD /Applications/ArmGNUToolchain/14.3.rel1/arm-none-eabi/bin/../lib/gcc/arm-none-eabi/14.3.1/thumb/v8-m.main+fp/softfp/crtbegin.o
LOAD /Applications/ArmGNUToolchain/14.3.rel1/arm-none-eabi/bin/../lib/gcc/arm-none-eabi/14.3.1/../../../../arm-none-eabi/lib/thumb/v8-m.main+fp/softfp/crt0.o

.flash_begin    0x10000000        0x0
                0x10000000                        __flash_binary_start = .

.text           0x10000000    0x1f978
                0x10000000                        __logical_binary_start = .
 *(.vectors)
 .vectors       0x10000000      0x124 CMakeFiles/grblhal_robot_arm.dir/pico-sdk/src/rp2_common/pico_crt0/crt0.S.o
                0x10000000                __VECTOR_TABLE
                0x10000000                __vectors
                0x10000110                __unhandled_user_irq
                0x10000110                isr_irq49
                0x10000110                isr_irq13
                0x10000110                isr_irq43
                0x10000110                isr_irq45
                0x10000110                isr_irq27
                0x10000110                isr_irq32
                0x10000110                isr_irq31
                0x10000110                isr_irq5
                0x10000110                isr_irq11
                0x10000110                isr_irq23
                0x10000110                isr_usagefault
                0x10000110                isr_irq48
                0x10000110                isr_irq35
                0x10000110                isr_irq18
                0x10000110                isr_irq50
                0x10000110                isr_irq9
                0x10000110                isr_irq30
                0x10000110                isr_irq44
                0x10000110                isr_irq29
                0x10000110                isr_irq26
                0x10000110                isr_irq33
                0x10000110                isr_irq3
                0x10000110                isr_irq12
                0x10000110                isr_securefault
                0x10000110                isr_irq40
                0x10000110                isr_irq28
                0x10000110                isr_irq19
                0x10000110                isr_irq36
                0x10000110                isr_irq41
                0x10000110                isr_irq0
                0x10000110                isr_irq6
                0x10000110                isr_memmanage
                0x10000110                isr_irq37
                0x10000110                isr_irq42
                0x10000110                isr_irq22
                0x10000110                isr_irq17
                0x10000110                isr_irq38
                0x10000110                isr_irq14
                0x10000110                __vectors_end
                0x10000110                __default_isrs_start
                0x10000110                isr_irq2
                0x10000110                isr_irq10
                0x10000110                isr_irq8
                0x10000110                isr_debugmonitor
                0x10000110                isr_irq24
                0x10000110                isr_irq46
                0x10000110                isr_irq1
                0x10000110                isr_irq47
                0x10000110                isr_irq51
                0x10000110                isr_irq7
                0x10000110                isr_irq21
                0x10000110                isr_irq39
                0x10000110                isr_irq20
                0x10000110                isr_irq15
                0x10000110                isr_irq25
                0x10000110                isr_irq34
                0x10000110                isr_irq4
                0x10000110                isr_busfault
                0x10000110                isr_irq16
                0x10000116                unhandled_user_irq_num_in_r0
                0x10000118                isr_invalid
                0x1000011a                isr_nmi
                0x1000011c                isr_hardfault
                0x1000011e                isr_svcall
                0x10000120                isr_pendsv
                0x10000124                __default_isrs_end
 *(.binary_info_header)
 .binary_info_header
                0x10000124       0x14 CMakeFiles/grblhal_robot_arm.dir/pico-sdk/src/rp2_common/pico_crt0/crt0.S.o
                0x10000138                        __binary_info_header_end = .
 *(.embedded_block)
 .embedded_block
                0x10000138       0x14 CMakeFiles/grblhal_robot_arm.dir/pico-sdk/src/rp2_common/pico_crt0/crt0.S.o
                0x1000014c                        __embedded_block_end = .
 *(.reset)
 .reset         0x1000014c       0x98 CMakeFiles/grblhal_robot_arm.dir/pico-sdk/src/rp2_common/pico_crt0/crt0.S.o
                0x1000014c                _entry_point
 *(.init)
 .init          0x100001e4        0x4 /Applications/ArmGNUToolchain/14.3.rel1/arm-none-eabi/bin/../lib/gcc/arm-none-eabi/14.3.1/thumb/v8-m.main+fp/softfp/crti.o
                0x100001e4                _init
 SORT_BY_NAME(REVERSE(*libgcc.a:cmse_nonsecure_call.o))()
 *(EXCLUDE_FILE(*libm.a: *libc.a:*lib_a-mem*.o *libgcc.a:) .text*)
 .text.register_tm_clones
                0x100001e8       0x28 /Applications/ArmGNUToolchain/14.3.rel1/arm-none-eabi/bin/../lib/gcc/arm-none-eabi/14.3.1/thumb/v8-m.main+fp/softfp/crtbegin.o
 .text.frame_dummy
                0x10000210       0x24 /Applications/ArmGNUToolchain/14.3.rel1/arm-none-eabi/bin/../lib/gcc/arm-none-eabi/14.3.1/thumb/v8-m.main+fp/softfp/crtbegin.o
 .text.startup.main
                0x10000234        0xc CMakeFiles/grblhal_robot_arm.dir/main.c.o
                0x10000234                main
 .text.dummy_bool_handler
                0x10000240        0x4 CMakeFiles/grblhal_robot_arm.dir/GRBL/grbllib.c.o
                0x10000240                dummy_bool_handler
 .text.dummy_irq_claim
                0x10000244        0x4 CMakeFiles/grblhal_robot_arm.dir/GRBL/grbllib.c.o
 .text.get_homing_status
                0x10000248       0x20 CMakeFiles/grblhal_robot_arm.dir/GRBL/grbllib.c.o
 .text.output_welcome_message
                0x10000268       0x14 CMakeFiles/grblhal_robot_arm.dir/GRBL/grbllib.c.o
 .text.settings_changed
                0x1000027c       0x28 CMakeFiles/grblhal_robot_arm.dir/GRBL/grbllib.c.o
 .text.atc_get_state
                0x100002a4       0x10 CMakeFiles/grblhal_robot_arm.dir/GRBL/grbllib.c.o
 .text.task_execute
                0x100002b4      0x100 CMakeFiles/grblhal_robot_arm.dir/GRBL/grbllib.c.o
 .text.reset_handler
                0x100003b4       0x14 CMakeFiles/grblhal_robot_arm.dir/GRBL/grbllib.c.o
                0x100003b4                reset_handler
 .text.get_homing_status2
                0x100003c8       0x44 CMakeFiles/grblhal_robot_arm.dir/GRBL/grbllib.c.o
 .text.report_driver_error
                0x1000040c       0x64 CMakeFiles/grblhal_robot_arm.dir/GRBL/grbllib.c.o
 .text.onProbeToolsetter
                0x10000470       0x24 CMakeFiles/grblhal_robot_arm.dir/GRBL/grbllib.c.o
 .text.tool_changed
                0x10000494       0x24 CMakeFiles/grblhal_robot_arm.dir/GRBL/grbllib.c.o
 .text.task_add_delayed
                0x100004b8       0x98 CMakeFiles/grblhal_robot_arm.dir/GRBL/grbllib.c.o
                0x100004b8                task_add_delayed
 .text.auto_realtime_report
                0x10000550       0x4c CMakeFiles/grblhal_robot_arm.dir/GRBL/grbllib.c.o
 .text.realtime_report_check
                0x1000059c       0x28 CMakeFiles/grblhal_robot_arm.dir/GRBL/grbllib.c.o
 .text.task_delete
                0x100005c4       0x58 CMakeFiles/grblhal_robot_arm.dir/GRBL/grbllib.c.o
                0x100005c4                task_delete
 .text.onLinestateChanged
                0x1000061c       0x3c CMakeFiles/grblhal_robot_arm.dir/GRBL/grbllib.c.o
 .text.task_add_immediate
                0x10000658       0x70 CMakeFiles/grblhal_robot_arm.dir/GRBL/grbllib.c.o
                0x10000658                task_add_immediate
 .text.task_run_on_startup
                0x100006c8       0x9c CMakeFiles/grblhal_robot_arm.dir/GRBL/grbllib.c.o
                0x100006c8                task_run_on_startup
 .text.grbl_enter
                0x10000764      0x4d8 CMakeFiles/grblhal_robot_arm.dir/GRBL/grbllib.c.o
                0x10000764                grbl_enter
 .text.task_execute_on_startup
                0x10000c3c       0x48 CMakeFiles/grblhal_robot_arm.dir/GRBL/grbllib.c.o
                0x10000c3c                task_execute_on_startup
 .text.init_sync_motion
                0x10000c84       0xb0 CMakeFiles/grblhal_robot_arm.dir/GRBL/gcode.c.o
 .text.add_offset
                0x10000d34       0x30 CMakeFiles/grblhal_robot_arm.dir/GRBL/gcode.c.o
 .text.tool_get_pending
                0x10000d64       0x38 CMakeFiles/grblhal_robot_arm.dir/GRBL/gcode.c.o
 .text.set_scaling.constprop.0
                0x10000d9c       0x90 CMakeFiles/grblhal_robot_arm.dir/GRBL/gcode.c.o
 .text.gc_coord_system_to_str
                0x10000e2c       0x58 CMakeFiles/grblhal_robot_arm.dir/GRBL/gcode.c.o
                0x10000e2c                gc_coord_system_to_str
 .text.gc_get_scaling
                0x10000e84        0x8 CMakeFiles/grblhal_robot_arm.dir/GRBL/gcode.c.o
                0x10000e84                gc_get_scaling
 .text.gc_get_g51_state
                0x10000e8c       0x30 CMakeFiles/grblhal_robot_arm.dir/GRBL/gcode.c.o
                0x10000e8c                gc_get_g51_state
 .text.gc_get_offset
                0x10000ebc       0x70 CMakeFiles/grblhal_robot_arm.dir/GRBL/gcode.c.o
                0x10000ebc                gc_get_offset
 .text.gc_set_tool_offset
                0x10000f2c       0xbc CMakeFiles/grblhal_robot_arm.dir/GRBL/gcode.c.o
                0x10000f2c                gc_set_tool_offset
 .text.gc_get_plane_data
                0x10000fe8       0x30 CMakeFiles/grblhal_robot_arm.dir/GRBL/gcode.c.o
                0x10000fe8                gc_get_plane_data
 .text.gc_init  0x10001018      0x1c0 CMakeFiles/grblhal_robot_arm.dir/GRBL/gcode.c.o
                0x10001018                gc_init
 .text.gc_spindle_get
                0x100011d8        0x8 CMakeFiles/grblhal_robot_arm.dir/GRBL/gcode.c.o
                0x100011d8                gc_spindle_get
 .text.gc_spindle_off
                0x100011e0       0x20 CMakeFiles/grblhal_robot_arm.dir/GRBL/gcode.c.o
                0x100011e0                gc_spindle_off
 .text.gc_coolant
                0x10001200       0x20 CMakeFiles/grblhal_robot_arm.dir/GRBL/gcode.c.o
                0x10001200                gc_coolant
 .text.gc_clear_output_commands
                0x10001220       0x18 CMakeFiles/grblhal_robot_arm.dir/GRBL/gcode.c.o
                0x10001220                gc_clear_output_commands
 .text.gc_output_message
                0x10001238       0x38 CMakeFiles/grblhal_robot_arm.dir/GRBL/gcode.c.o
                0x10001238                gc_output_message
 .text.gc_get_g65_arguments
                0x10001270        0xc CMakeFiles/grblhal_robot_arm.dir/GRBL/gcode.c.o
                0x10001270                gc_get_g65_arguments
 .text.gc_modal_state_restore
                0x1000127c       0x88 CMakeFiles/grblhal_robot_arm.dir/GRBL/gcode.c.o
                0x1000127c                gc_modal_state_restore
 .text.gc_normalize_block
                0x10001304      0x184 CMakeFiles/grblhal_robot_arm.dir/GRBL/gcode.c.o
                0x10001304                gc_normalize_block
 .text.gc_execute_block
                0x10001488     0x3f44 CMakeFiles/grblhal_robot_arm.dir/GRBL/gcode.c.o
                0x10001488                gc_execute_block
 .text.mc_line  0x100053cc       0x80 CMakeFiles/grblhal_robot_arm.dir/GRBL/motion_control.c.o
                0x100053cc                mc_line
 *fill*         0x1000544c        0x4 
 .text.mc_arc   0x10005450      0x574 CMakeFiles/grblhal_robot_arm.dir/GRBL/motion_control.c.o
                0x10005450                mc_arc
 .text.mc_cubic_b_spline
                0x100059c4      0x2a4 CMakeFiles/grblhal_robot_arm.dir/GRBL/motion_control.c.o
                0x100059c4                mc_cubic_b_spline
 .text.mc_canned_drill
                0x10005c68      0x224 CMakeFiles/grblhal_robot_arm.dir/GRBL/motion_control.c.o
                0x10005c68                mc_canned_drill
 .text.mc_thread
                0x10005e8c      0x2e4 CMakeFiles/grblhal_robot_arm.dir/GRBL/motion_control.c.o
                0x10005e8c                mc_thread
 .text.mc_jog_execute
                0x10006170       0x98 CMakeFiles/grblhal_robot_arm.dir/GRBL/motion_control.c.o
                0x10006170                mc_jog_execute
 .text.mc_dwell
                0x10006208       0x20 CMakeFiles/grblhal_robot_arm.dir/GRBL/motion_control.c.o
                0x10006208                mc_dwell
 .text.mc_probe_cycle
                0x10006228      0x26c CMakeFiles/grblhal_robot_arm.dir/GRBL/motion_control.c.o
                0x10006228                mc_probe_cycle
 .text.mc_parking_motion
                0x10006494       0x3c CMakeFiles/grblhal_robot_arm.dir/GRBL/motion_control.c.o
                0x10006494                mc_parking_motion
 .text.mc_override_ctrl_update
                0x100064d0       0x18 CMakeFiles/grblhal_robot_arm.dir/GRBL/motion_control.c.o
                0x100064d0                mc_override_ctrl_update
 .text.mc_reset
                0x100064e8       0xa4 CMakeFiles/grblhal_robot_arm.dir/GRBL/motion_control.c.o
                0x100064e8                mc_reset
 .text.mc_homing_cycle
                0x1000658c      0x290 CMakeFiles/grblhal_robot_arm.dir/GRBL/motion_control.c.o
                0x1000658c                mc_homing_cycle
 .text.planner_recalculate
                0x1000681c      0x134 CMakeFiles/grblhal_robot_arm.dir/GRBL/planner.c.o
 .text.plan_get_buffer_size
                0x10006950        0xc CMakeFiles/grblhal_robot_arm.dir/GRBL/planner.c.o
                0x10006950                plan_get_buffer_size
 .text.plan_reset
                0x1000695c      0x110 CMakeFiles/grblhal_robot_arm.dir/GRBL/planner.c.o
                0x1000695c                plan_reset
 .text.plan_discard_current_block
                0x10006a6c       0x40 CMakeFiles/grblhal_robot_arm.dir/GRBL/planner.c.o
                0x10006a6c                plan_discard_current_block
 .text.plan_get_system_motion_block
                0x10006aac        0xc CMakeFiles/grblhal_robot_arm.dir/GRBL/planner.c.o
                0x10006aac                plan_get_system_motion_block
 .text.plan_get_current_block
                0x10006ab8       0x18 CMakeFiles/grblhal_robot_arm.dir/GRBL/planner.c.o
                0x10006ab8                plan_get_current_block
 .text.plan_get_exec_block_exit_speed_sqr
                0x10006ad0       0x1c CMakeFiles/grblhal_robot_arm.dir/GRBL/planner.c.o
                0x10006ad0                plan_get_exec_block_exit_speed_sqr
 .text.plan_check_full_buffer
                0x10006aec       0x1c CMakeFiles/grblhal_robot_arm.dir/GRBL/planner.c.o
                0x10006aec                plan_check_full_buffer
 .text.plan_compute_profile_nominal_speed
                0x10006b08       0x9c CMakeFiles/grblhal_robot_arm.dir/GRBL/planner.c.o
                0x10006b08                plan_compute_profile_nominal_speed
 .text.plan_buffer_line
                0x10006ba4      0x408 CMakeFiles/grblhal_robot_arm.dir/GRBL/planner.c.o
                0x10006ba4                plan_buffer_line
 .text.plan_sync_position
                0x10006fac       0x14 CMakeFiles/grblhal_robot_arm.dir/GRBL/planner.c.o
                0x10006fac                plan_sync_position
 .text.plan_get_block_buffer_available
                0x10006fc0       0x3c CMakeFiles/grblhal_robot_arm.dir/GRBL/planner.c.o
                0x10006fc0                plan_get_block_buffer_available
 .text.plan_cycle_reinitialize
                0x10006ffc       0x30 CMakeFiles/grblhal_robot_arm.dir/GRBL/planner.c.o
                0x10006ffc                plan_cycle_reinitialize
 .text.plan_feed_override
                0x1000702c      0x12c CMakeFiles/grblhal_robot_arm.dir/GRBL/planner.c.o
                0x1000702c                plan_feed_override
 .text.plan_data_init
                0x10007158       0x44 CMakeFiles/grblhal_robot_arm.dir/GRBL/planner.c.o
                0x10007158                plan_data_init
 .text.st_deenergize
                0x1000719c       0x2c CMakeFiles/grblhal_robot_arm.dir/GRBL/stepper.c.o
                0x1000719c                st_deenergize
 .text.st_wake_up
                0x100071c8       0x48 CMakeFiles/grblhal_robot_arm.dir/GRBL/stepper.c.o
                0x100071c8                st_wake_up
 .text.st_go_idle
                0x10007210       0x98 CMakeFiles/grblhal_robot_arm.dir/GRBL/stepper.c.o
                0x10007210                st_go_idle
 .text.st_is_stepping
                0x100072a8       0x1c CMakeFiles/grblhal_robot_arm.dir/GRBL/stepper.c.o
                0x100072a8                st_is_stepping
 .text.stepper_driver_interrupt_handler
                0x100072c4      0x268 CMakeFiles/grblhal_robot_arm.dir/GRBL/stepper.c.o
                0x100072c4                stepper_driver_interrupt_handler
 .text.st_reset
                0x1000752c       0xec CMakeFiles/grblhal_robot_arm.dir/GRBL/stepper.c.o
                0x1000752c                st_reset
 .text.st_rpm_changed
                0x10007618        0xc CMakeFiles/grblhal_robot_arm.dir/GRBL/stepper.c.o
                0x10007618                st_rpm_changed
 .text.st_update_plan_block_parameters
                0x10007624       0xa8 CMakeFiles/grblhal_robot_arm.dir/GRBL/stepper.c.o
                0x10007624                st_update_plan_block_parameters
 .text.st_parking_setup_buffer
                0x100076cc       0x7c CMakeFiles/grblhal_robot_arm.dir/GRBL/stepper.c.o
                0x100076cc                st_parking_setup_buffer
 .text.st_parking_restore_buffer
                0x10007748       0x88 CMakeFiles/grblhal_robot_arm.dir/GRBL/stepper.c.o
                0x10007748                st_parking_restore_buffer
 .text.st_prep_buffer
                0x100077d0      0xa14 CMakeFiles/grblhal_robot_arm.dir/GRBL/stepper.c.o
                0x100077d0                st_prep_buffer
 .text.st_get_realtime_rate
                0x100081e4       0x18 CMakeFiles/grblhal_robot_arm.dir/GRBL/stepper.c.o
                0x100081e4                st_get_realtime_rate
 .text.st_get_offset_id
                0x100081fc       0x34 CMakeFiles/grblhal_robot_arm.dir/GRBL/stepper.c.o
                0x100081fc                st_get_offset_id
 .text.protocol_poll_cmd
                0x10008230       0xd8 CMakeFiles/grblhal_robot_arm.dir/GRBL/protocol.c.o
 .text.protocol_enqueue_gcode
                0x10008308       0x64 CMakeFiles/grblhal_robot_arm.dir/GRBL/protocol.c.o
                0x10008308                protocol_enqueue_gcode
 .text.protocol_auto_cycle_start
                0x1000836c       0x30 CMakeFiles/grblhal_robot_arm.dir/GRBL/protocol.c.o
                0x1000836c                protocol_auto_cycle_start
 .text.protocol_exec_rt_system
                0x1000839c      0x5b0 CMakeFiles/grblhal_robot_arm.dir/GRBL/protocol.c.o
                0x1000839c                protocol_exec_rt_system
 .text.protocol_execute_realtime
                0x1000894c       0xe4 CMakeFiles/grblhal_robot_arm.dir/GRBL/protocol.c.o
                0x1000894c                protocol_execute_realtime
 .text.protocol_main_loop
                0x10008a30      0x5b8 CMakeFiles/grblhal_robot_arm.dir/GRBL/protocol.c.o
                0x10008a30                protocol_main_loop
 .text.protocol_buffer_synchronize
                0x10008fe8       0x4c CMakeFiles/grblhal_robot_arm.dir/GRBL/protocol.c.o
                0x10008fe8                protocol_buffer_synchronize
 .text.protocol_enqueue_realtime_command
                0x10009034      0x40c CMakeFiles/grblhal_robot_arm.dir/GRBL/protocol.c.o
                0x10009034                protocol_enqueue_realtime_command
 .text.group_is_available
                0x10009440        0x4 CMakeFiles/grblhal_robot_arm.dir/GRBL/settings.c.o
 .text.set_pulse_width
                0x10009444       0x10 CMakeFiles/grblhal_robot_arm.dir/GRBL/settings.c.o
 .text.set_probe_invert
                0x10009454       0x60 CMakeFiles/grblhal_robot_arm.dir/GRBL/settings.c.o
 .text.set_ganged_dir_invert
                0x100094b4       0x2c CMakeFiles/grblhal_robot_arm.dir/GRBL/settings.c.o
 .text.set_stepper_energize_mask
                0x100094e0       0x24 CMakeFiles/grblhal_robot_arm.dir/GRBL/settings.c.o
 .text.set_report_interval
                0x10009504       0x20 CMakeFiles/grblhal_robot_arm.dir/GRBL/settings.c.o
 .text.set_report_mask
                0x10009524       0x10 CMakeFiles/grblhal_robot_arm.dir/GRBL/settings.c.o
 .text.set_pwm_mode
                0x10009534       0x1c CMakeFiles/grblhal_robot_arm.dir/GRBL/settings.c.o
 .text.set_pwm_options
                0x10009550       0x48 CMakeFiles/grblhal_robot_arm.dir/GRBL/settings.c.o
 .text.get_spindle_ref_id
                0x10009598       0x18 CMakeFiles/grblhal_robot_arm.dir/GRBL/settings.c.o
 .text.set_control_disable_pullup
                0x100095b0       0x20 CMakeFiles/grblhal_robot_arm.dir/GRBL/settings.c.o
 .text.set_probe_disable_pullup
                0x100095d0       0x40 CMakeFiles/grblhal_robot_arm.dir/GRBL/settings.c.o
 .text.tmp_set_soft_limits
                0x10009610       0x5c CMakeFiles/grblhal_robot_arm.dir/GRBL/settings.c.o
 .text.set_estop_unlock
                0x1000966c       0x30 CMakeFiles/grblhal_robot_arm.dir/GRBL/settings.c.o
 .text.set_persistent_tool
                0x1000969c       0x1c CMakeFiles/grblhal_robot_arm.dir/GRBL/settings.c.o
 .text.set_hard_limits_enable
                0x100096b8       0x64 CMakeFiles/grblhal_robot_arm.dir/GRBL/settings.c.o
 .text.set_jog_soft_limited
                0x1000971c       0x2c CMakeFiles/grblhal_robot_arm.dir/GRBL/settings.c.o
 .text.set_enable_legacy_rt_commands
                0x10009748       0x1c CMakeFiles/grblhal_robot_arm.dir/GRBL/settings.c.o
 .text.set_parking_enable
                0x10009764       0x18 CMakeFiles/grblhal_robot_arm.dir/GRBL/settings.c.o
 .text.set_restore_overrides
                0x1000977c       0x1c CMakeFiles/grblhal_robot_arm.dir/GRBL/settings.c.o
 .text.set_homing_feedrates
                0x10009798       0x40 CMakeFiles/grblhal_robot_arm.dir/GRBL/settings.c.o
 .text.set_sleep_enable
                0x100097d8       0x1c CMakeFiles/grblhal_robot_arm.dir/GRBL/settings.c.o
 .text.set_hold_actions
                0x100097f4       0x2c CMakeFiles/grblhal_robot_arm.dir/GRBL/settings.c.o
 .text.set_reset_actions
                0x10009820       0x34 CMakeFiles/grblhal_robot_arm.dir/GRBL/settings.c.o
 .text.set_g92_disable_persistence
                0x10009854       0x1c CMakeFiles/grblhal_robot_arm.dir/GRBL/settings.c.o
 .text.set_force_initialization_alarm
                0x10009870       0x1c CMakeFiles/grblhal_robot_arm.dir/GRBL/settings.c.o
 .text.set_probe_flags
                0x1000988c       0x88 CMakeFiles/grblhal_robot_arm.dir/GRBL/settings.c.o
 .text.set_tool_change_probing_distance
                0x10009914       0x1c CMakeFiles/grblhal_robot_arm.dir/GRBL/settings.c.o
 .text.set_toolchange_flags
                0x10009930       0x48 CMakeFiles/grblhal_robot_arm.dir/GRBL/settings.c.o
 .text.set_float
                0x10009978       0x8c CMakeFiles/grblhal_robot_arm.dir/GRBL/settings.c.o
 .text.settings_get_tool_data
                0x10009a04        0xc CMakeFiles/grblhal_robot_arm.dir/GRBL/settings.c.o
 .text.settings_get_tool_pocket
                0x10009a10        0x4 CMakeFiles/grblhal_robot_arm.dir/GRBL/settings.c.o
 .text.set_encoder_spindle
                0x10009a14       0x38 CMakeFiles/grblhal_robot_arm.dir/GRBL/settings.c.o
 .text.set_default_spindle
                0x10009a4c       0x40 CMakeFiles/grblhal_robot_arm.dir/GRBL/settings.c.o
 .text.set_tool_change_mode
                0x10009a8c       0x34 CMakeFiles/grblhal_robot_arm.dir/GRBL/settings.c.o
 .text.set_homing_cycle
                0x10009ac0       0x18 CMakeFiles/grblhal_robot_arm.dir/GRBL/settings.c.o
 .text.set_mode
                0x10009ad8       0x48 CMakeFiles/grblhal_robot_arm.dir/GRBL/settings.c.o
 .text.set_spindle_invert
                0x10009b20       0x34 CMakeFiles/grblhal_robot_arm.dir/GRBL/settings.c.o
 .text.sanity_check
                0x10009b54      0x12c CMakeFiles/grblhal_robot_arm.dir/GRBL/settings.c.o
 .text.set_control_invert
                0x10009c80       0x24 CMakeFiles/grblhal_robot_arm.dir/GRBL/settings.c.o
 .text.set_report_inches
                0x10009ca4       0x28 CMakeFiles/grblhal_robot_arm.dir/GRBL/settings.c.o
 .text.is_setting_available
                0x10009ccc      0x3c4 CMakeFiles/grblhal_robot_arm.dir/GRBL/settings.c.o
 .text.get_int  0x1000a090      0x320 CMakeFiles/grblhal_robot_arm.dir/GRBL/settings.c.o
 .text.settings_clear_tool_data
                0x1000a3b0       0x18 CMakeFiles/grblhal_robot_arm.dir/GRBL/settings.c.o
 .text.validate_value
                0x1000a3c8       0x8c CMakeFiles/grblhal_robot_arm.dir/GRBL/settings.c.o
 .text.settings_changed_spindle
                0x1000a454       0x60 CMakeFiles/grblhal_robot_arm.dir/GRBL/settings.c.o
 .text.onFileDemarcate
                0x1000a4b4       0x50 CMakeFiles/grblhal_robot_arm.dir/GRBL/settings.c.o
                0x1000a4b4                onFileDemarcate
 .text.set_axis_setting
                0x1000a504      0x2d0 CMakeFiles/grblhal_robot_arm.dir/GRBL/settings.c.o
 .text.settings_write_global
                0x1000a7d4       0x54 CMakeFiles/grblhal_robot_arm.dir/GRBL/settings.c.o
                0x1000a7d4                settings_write_global
 .text.settings_set_tool_data
                0x1000a828        0x4 CMakeFiles/grblhal_robot_arm.dir/GRBL/settings.c.o
 .text.set_homing_pulloff
                0x1000a82c       0x24 CMakeFiles/grblhal_robot_arm.dir/GRBL/settings.c.o
 .text.get_float
                0x1000a850      0x274 CMakeFiles/grblhal_robot_arm.dir/GRBL/settings.c.o
 .text.set_homing_enable
                0x1000aac4       0xa0 CMakeFiles/grblhal_robot_arm.dir/GRBL/settings.c.o
 .text.set_soft_limits_enable
                0x1000ab64       0x7c CMakeFiles/grblhal_robot_arm.dir/GRBL/settings.c.o
 .text.setting_get_value
                0x1000abe0      0x110 CMakeFiles/grblhal_robot_arm.dir/GRBL/settings.c.o
                0x1000abe0                setting_get_value
 .text.setting_get_int_value
                0x1000acf0       0x58 CMakeFiles/grblhal_robot_arm.dir/GRBL/settings.c.o
                0x1000acf0                setting_get_int_value
 .text.setting_get_float_value
                0x1000ad48       0x38 CMakeFiles/grblhal_robot_arm.dir/GRBL/settings.c.o
                0x1000ad48                setting_get_float_value
 .text.settings_get_details
                0x1000ad80        0x8 CMakeFiles/grblhal_robot_arm.dir/GRBL/settings.c.o
                0x1000ad80                settings_get_details
 .text.settings_write_build_info
                0x1000ad88       0x2c CMakeFiles/grblhal_robot_arm.dir/GRBL/settings.c.o
                0x1000ad88                settings_write_build_info
 .text.settings_write_startup_line
                0x1000adb4       0x30 CMakeFiles/grblhal_robot_arm.dir/GRBL/settings.c.o
                0x1000adb4                settings_write_startup_line
 .text.settings_read_startup_line
                0x1000ade4       0x50 CMakeFiles/grblhal_robot_arm.dir/GRBL/settings.c.o
                0x1000ade4                settings_read_startup_line
 .text.settings_write_coord_data
                0x1000ae34       0x3c CMakeFiles/grblhal_robot_arm.dir/GRBL/settings.c.o
                0x1000ae34                settings_write_coord_data
 .text.settings_read_coord_data
                0x1000ae70       0x40 CMakeFiles/grblhal_robot_arm.dir/GRBL/settings.c.o
                0x1000ae70                settings_read_coord_data
 .text.read_global_settings
                0x1000aeb0       0x50 CMakeFiles/grblhal_robot_arm.dir/GRBL/settings.c.o
                0x1000aeb0                read_global_settings
 .text.settings_restore
                0x1000af00      0x1ac CMakeFiles/grblhal_robot_arm.dir/GRBL/settings.c.o
                0x1000af00                settings_restore
 .text.settings_read_build_info
                0x1000b0ac       0x2c CMakeFiles/grblhal_robot_arm.dir/GRBL/settings.c.o
                0x1000b0ac                settings_read_build_info
 .text.settings_is_group_available
                0x1000b0d8      0x108 CMakeFiles/grblhal_robot_arm.dir/GRBL/settings.c.o
                0x1000b0d8                settings_is_group_available
 .text.is_group_available
                0x1000b1e0        0x8 CMakeFiles/grblhal_robot_arm.dir/GRBL/settings.c.o
 .text.settings_normalize_group
                0x1000b1e8        0xc CMakeFiles/grblhal_robot_arm.dir/GRBL/settings.c.o
                0x1000b1e8                settings_normalize_group
 .text.setting_get_details
                0x1000b1f4      0x19c CMakeFiles/grblhal_robot_arm.dir/GRBL/settings.c.o
                0x1000b1f4                setting_get_details
 .text.settings_iterator
                0x1000b390       0x8c CMakeFiles/grblhal_robot_arm.dir/GRBL/settings.c.o
                0x1000b390                settings_iterator
 .text.setting_get_description
                0x1000b41c       0x70 CMakeFiles/grblhal_robot_arm.dir/GRBL/settings.c.o
                0x1000b41c                setting_get_description
 .text.setting_datatype_to_external
                0x1000b48c        0xc CMakeFiles/grblhal_robot_arm.dir/GRBL/settings.c.o
                0x1000b48c                setting_datatype_to_external
 .text.setting_is_list
                0x1000b498       0x10 CMakeFiles/grblhal_robot_arm.dir/GRBL/settings.c.o
                0x1000b498                setting_is_list
 .text.setting_is_integer
                0x1000b4a8       0x18 CMakeFiles/grblhal_robot_arm.dir/GRBL/settings.c.o
                0x1000b4a8                setting_is_integer
 .text.setting_remove_elements
                0x1000b4c0       0xcc CMakeFiles/grblhal_robot_arm.dir/GRBL/settings.c.o
                0x1000b4c0                setting_remove_elements
 .text.setting_validate_me
                0x1000b58c      0x170 CMakeFiles/grblhal_robot_arm.dir/GRBL/settings.c.o
                0x1000b58c                setting_validate_me
 .text.settings_store_setting
                0x1000b6fc      0x184 CMakeFiles/grblhal_robot_arm.dir/GRBL/settings.c.o
                0x1000b6fc                settings_store_setting
 .text.settings_add_spindle_type
                0x1000b880       0x44 CMakeFiles/grblhal_robot_arm.dir/GRBL/settings.c.o
                0x1000b880                settings_add_spindle_type
 .text.settings_clear
                0x1000b8c4       0x14 CMakeFiles/grblhal_robot_arm.dir/GRBL/settings.c.o
                0x1000b8c4                settings_clear
 .text.settings_init
                0x1000b8d8      0x280 CMakeFiles/grblhal_robot_arm.dir/GRBL/settings.c.o
                0x1000b8d8                settings_init
 .text.toggle_single_block
                0x1000bb58       0x48 CMakeFiles/grblhal_robot_arm.dir/GRBL/system.c.o
 .text.toggle_block_delete
                0x1000bba0       0x4c CMakeFiles/grblhal_robot_arm.dir/GRBL/system.c.o
 .text.toggle_optional_stop
                0x1000bbec       0x4c CMakeFiles/grblhal_robot_arm.dir/GRBL/system.c.o
 .text.help_steppers
                0x1000bc38       0x18 CMakeFiles/grblhal_robot_arm.dir/GRBL/system.c.o
                0x1000bc38                help_steppers
 .text.help_pins
                0x1000bc50       0x18 CMakeFiles/grblhal_robot_arm.dir/GRBL/system.c.o
                0x1000bc50                help_pins
 .text.help_pin_state
                0x1000bc68        0x4 CMakeFiles/grblhal_robot_arm.dir/GRBL/system.c.o
                0x1000bc68                help_pin_state
 .text.help_switches
                0x1000bc6c       0x58 CMakeFiles/grblhal_robot_arm.dir/GRBL/system.c.o
                0x1000bc6c                help_switches
 .text.help_rst
                0x1000bcc4       0x5c CMakeFiles/grblhal_robot_arm.dir/GRBL/system.c.o
                0x1000bcc4                help_rst
 .text.spindle_reset_data
                0x1000bd20       0x24 CMakeFiles/grblhal_robot_arm.dir/GRBL/system.c.o
 .text.settings_downgrade
                0x1000bd44       0x3c CMakeFiles/grblhal_robot_arm.dir/GRBL/system.c.o
 .text.rtc_action
                0x1000bd80       0x3c CMakeFiles/grblhal_robot_arm.dir/GRBL/system.c.o
 .text.pin_state
                0x1000bdbc        0x4 CMakeFiles/grblhal_robot_arm.dir/GRBL/system.c.o
 .text.enumerate_pins
                0x1000bdc0        0x4 CMakeFiles/grblhal_robot_arm.dir/GRBL/system.c.o
 .text.enumerate_alarms_grblformatted
                0x1000bdc4        0x8 CMakeFiles/grblhal_robot_arm.dir/GRBL/system.c.o
 .text.enumerate_alarms
                0x1000bdcc        0x8 CMakeFiles/grblhal_robot_arm.dir/GRBL/system.c.o
 .text.enumerate_errors_grblformatted
                0x1000bdd4        0x8 CMakeFiles/grblhal_robot_arm.dir/GRBL/system.c.o
 .text.enumerate_errors
                0x1000bddc        0x8 CMakeFiles/grblhal_robot_arm.dir/GRBL/system.c.o
 .text.enumerate_groups
                0x1000bde4        0x8 CMakeFiles/grblhal_robot_arm.dir/GRBL/system.c.o
 .text.enumerate_all
                0x1000bdec       0x28 CMakeFiles/grblhal_robot_arm.dir/GRBL/system.c.o
 .text.enumerate_settings_halformatted
                0x1000be14        0xc CMakeFiles/grblhal_robot_arm.dir/GRBL/system.c.o
 .text.enumerate_settings_grblformatted
                0x1000be20        0xc CMakeFiles/grblhal_robot_arm.dir/GRBL/system.c.o
 .text.enumerate_settings
                0x1000be2c        0xc CMakeFiles/grblhal_robot_arm.dir/GRBL/system.c.o
 .text.set_startup_line
                0x1000be38       0x9c CMakeFiles/grblhal_robot_arm.dir/GRBL/system.c.o
 .text.set_startup_line1
                0x1000bed4        0x8 CMakeFiles/grblhal_robot_arm.dir/GRBL/system.c.o
 .text.set_startup_line0
                0x1000bedc        0x8 CMakeFiles/grblhal_robot_arm.dir/GRBL/system.c.o
 .text.output_startup_lines
                0x1000bee4       0x5c CMakeFiles/grblhal_robot_arm.dir/GRBL/system.c.o
 .text.settings_reset
                0x1000bf40       0x60 CMakeFiles/grblhal_robot_arm.dir/GRBL/system.c.o
 .text.output_all_build_info
                0x1000bfa0       0x1c CMakeFiles/grblhal_robot_arm.dir/GRBL/system.c.o
 .text.build_info
                0x1000bfbc       0x44 CMakeFiles/grblhal_robot_arm.dir/GRBL/system.c.o
 .text.tool_probe_workpiece
                0x1000c000        0x4 CMakeFiles/grblhal_robot_arm.dir/GRBL/system.c.o
 .text.enumerate_spindles_mr
                0x1000c004        0x8 CMakeFiles/grblhal_robot_arm.dir/GRBL/system.c.o
 .text.enumerate_spindles
                0x1000c00c        0x8 CMakeFiles/grblhal_robot_arm.dir/GRBL/system.c.o
 .text.output_help
                0x1000c014        0x8 CMakeFiles/grblhal_robot_arm.dir/GRBL/system.c.o
 .text.check_mode
                0x1000c01c       0x30 CMakeFiles/grblhal_robot_arm.dir/GRBL/system.c.o
 .text.enter_sleep
                0x1000c04c       0x34 CMakeFiles/grblhal_robot_arm.dir/GRBL/system.c.o
 .text.help_rtc
                0x1000c080       0x2c CMakeFiles/grblhal_robot_arm.dir/GRBL/system.c.o
                0x1000c080                help_rtc
 .text.help_homing
                0x1000c0ac       0x3c CMakeFiles/grblhal_robot_arm.dir/GRBL/system.c.o
                0x1000c0ac                help_homing
 .text.jog      0x1000c0e8       0x20 CMakeFiles/grblhal_robot_arm.dir/GRBL/system.c.o
 .text.help_spindle
                0x1000c108       0x50 CMakeFiles/grblhal_robot_arm.dir/GRBL/system.c.o
                0x1000c108                help_spindle
 .text.disable_lock
                0x1000c158       0x94 CMakeFiles/grblhal_robot_arm.dir/GRBL/system.c.o
 .text.system_execute_startup.part.0
                0x1000c1ec       0x5c CMakeFiles/grblhal_robot_arm.dir/GRBL/system.c.o
 .text.go_home.isra.0
                0x1000c248       0xf0 CMakeFiles/grblhal_robot_arm.dir/GRBL/system.c.o
 .text.home     0x1000c338        0x8 CMakeFiles/grblhal_robot_arm.dir/GRBL/system.c.o
 .text.home_x   0x1000c340        0x8 CMakeFiles/grblhal_robot_arm.dir/GRBL/system.c.o
 .text.home_y   0x1000c348        0x8 CMakeFiles/grblhal_robot_arm.dir/GRBL/system.c.o
 .text.home_z   0x1000c350        0x8 CMakeFiles/grblhal_robot_arm.dir/GRBL/system.c.o
 .text.output_setting_description
                0x1000c358       0x5c CMakeFiles/grblhal_robot_arm.dir/GRBL/system.c.o
 .text.output_all_settings
                0x1000c3b4       0x6c CMakeFiles/grblhal_robot_arm.dir/GRBL/system.c.o
 .text.output_ngc_parameters
                0x1000c420       0x5c CMakeFiles/grblhal_robot_arm.dir/GRBL/system.c.o
 .text.output_parser_state
                0x1000c47c       0x28 CMakeFiles/grblhal_robot_arm.dir/GRBL/system.c.o
 .text.output_settings
                0x1000c4a4       0x6c CMakeFiles/grblhal_robot_arm.dir/GRBL/system.c.o
 .text.set_tool_reference
                0x1000c510       0x5c CMakeFiles/grblhal_robot_arm.dir/GRBL/system.c.o
 .text.system_init_switches
                0x1000c56c       0x34 CMakeFiles/grblhal_robot_arm.dir/GRBL/system.c.o
                0x1000c56c                system_init_switches
 .text.control_interrupt_handler
                0x1000c5a0      0x1ac CMakeFiles/grblhal_robot_arm.dir/GRBL/system.c.o
                0x1000c5a0                control_interrupt_handler
 .text.system_execute_startup
                0x1000c74c       0x14 CMakeFiles/grblhal_robot_arm.dir/GRBL/system.c.o
                0x1000c74c                system_execute_startup
 .text.system_register_commands
                0x1000c760       0x10 CMakeFiles/grblhal_robot_arm.dir/GRBL/system.c.o
                0x1000c760                system_register_commands
 .text._system_output_help
                0x1000c770       0xac CMakeFiles/grblhal_robot_arm.dir/GRBL/system.c.o
                0x1000c770                _system_output_help
 .text.system_command_help
                0x1000c81c       0x28 CMakeFiles/grblhal_robot_arm.dir/GRBL/system.c.o
                0x1000c81c                system_command_help
 .text.system_execute_line
                0x1000c844      0x210 CMakeFiles/grblhal_robot_arm.dir/GRBL/system.c.o
                0x1000c844                system_execute_line
 .text.system_clear_tlo_reference
                0x1000ca54       0x64 CMakeFiles/grblhal_robot_arm.dir/GRBL/system.c.o
                0x1000ca54                system_clear_tlo_reference
 .text.system_flag_wco_change
                0x1000cab8       0x40 CMakeFiles/grblhal_robot_arm.dir/GRBL/system.c.o
                0x1000cab8                system_flag_wco_change
 .text.system_convert_array_steps_to_mpos
                0x1000caf8       0x2c CMakeFiles/grblhal_robot_arm.dir/GRBL/system.c.o
                0x1000caf8                system_convert_array_steps_to_mpos
 .text.system_xy_at_fixture
                0x1000cb24       0x94 CMakeFiles/grblhal_robot_arm.dir/GRBL/system.c.o
                0x1000cb24                system_xy_at_fixture
 .text.system_raise_alarm
                0x1000cbb8       0x84 CMakeFiles/grblhal_robot_arm.dir/GRBL/system.c.o
                0x1000cbb8                system_raise_alarm
 .text.system_get_rt_report_flags
                0x1000cc3c        0xc CMakeFiles/grblhal_robot_arm.dir/GRBL/system.c.o
                0x1000cc3c                system_get_rt_report_flags
 .text.system_add_rt_report
                0x1000cc48       0x68 CMakeFiles/grblhal_robot_arm.dir/GRBL/system.c.o
                0x1000cc48                system_add_rt_report
 .text.report_init_message
                0x1000ccb0       0x24 CMakeFiles/grblhal_robot_arm.dir/GRBL/report.c.o
 .text.report_help_message
                0x1000ccd4       0x14 CMakeFiles/grblhal_robot_arm.dir/GRBL/report.c.o
 .text.cmp_settings
                0x1000cce8        0xc CMakeFiles/grblhal_robot_arm.dir/GRBL/report.c.o
 .text.write_quoted
                0x1000ccf4       0x38 CMakeFiles/grblhal_robot_arm.dir/GRBL/report.c.o
 .text.cmp_alarms
                0x1000cd2c        0xc CMakeFiles/grblhal_robot_arm.dir/GRBL/report.c.o
 .text.cmp_errors
                0x1000cd38        0xc CMakeFiles/grblhal_robot_arm.dir/GRBL/report.c.o
 .text.cmp_setting_group_id
                0x1000cd44        0xc CMakeFiles/grblhal_robot_arm.dir/GRBL/report.c.o
 .text.count_pins
                0x1000cd50        0x8 CMakeFiles/grblhal_robot_arm.dir/GRBL/report.c.o
 .text.cmp_pins
                0x1000cd58        0x8 CMakeFiles/grblhal_robot_arm.dir/GRBL/report.c.o
 .text.get_rate_value_mm
                0x1000cd60       0x10 CMakeFiles/grblhal_robot_arm.dir/GRBL/report.c.o
 .text.get_rate_value_inch
                0x1000cd70       0x1c CMakeFiles/grblhal_robot_arm.dir/GRBL/report.c.o
 .text.print_uito2a
                0x1000cd8c       0x34 CMakeFiles/grblhal_robot_arm.dir/GRBL/report.c.o
 .text.report_spindle
                0x1000cdc0      0x1b0 CMakeFiles/grblhal_robot_arm.dir/GRBL/report.c.o
 .text.get_axis_values_mm
                0x1000cf70       0x80 CMakeFiles/grblhal_robot_arm.dir/GRBL/report.c.o
 .text.get_axis_values_inches
                0x1000cff0       0xa0 CMakeFiles/grblhal_robot_arm.dir/GRBL/report.c.o
 .text.get_axis_value_mm
                0x1000d090       0x18 CMakeFiles/grblhal_robot_arm.dir/GRBL/report.c.o
 .text.get_axis_value_inches
                0x1000d0a8       0x2c CMakeFiles/grblhal_robot_arm.dir/GRBL/report.c.o
 .text.get_pins
                0x1000d0d4       0x48 CMakeFiles/grblhal_robot_arm.dir/GRBL/report.c.o
 .text.appendbuf
                0x1000d11c       0x40 CMakeFiles/grblhal_robot_arm.dir/GRBL/report.c.o
 .text.report_alarm_message
                0x1000d15c       0x34 CMakeFiles/grblhal_robot_arm.dir/GRBL/report.c.o
 .text.report_bitfield
                0x1000d190       0xd4 CMakeFiles/grblhal_robot_arm.dir/GRBL/report.c.o
 .text.cmp_setting_group_name
                0x1000d264        0xc CMakeFiles/grblhal_robot_arm.dir/GRBL/report.c.o
 .text.write_name
                0x1000d270       0x54 CMakeFiles/grblhal_robot_arm.dir/GRBL/report.c.o
 .text.report_settings_detail
                0x1000d2c4      0x5f4 CMakeFiles/grblhal_robot_arm.dir/GRBL/report.c.o
 .text.print_unsorted
                0x1000d8b8       0x34 CMakeFiles/grblhal_robot_arm.dir/GRBL/report.c.o
 .text.print_sorted
                0x1000d8ec       0x28 CMakeFiles/grblhal_robot_arm.dir/GRBL/report.c.o
 .text.print_settings_details
                0x1000d914      0x1a8 CMakeFiles/grblhal_robot_arm.dir/GRBL/report.c.o
 .text.report_group_settings
                0x1000dabc       0xa0 CMakeFiles/grblhal_robot_arm.dir/GRBL/report.c.o
 .text.report_pin_info
                0x1000db5c       0x6c CMakeFiles/grblhal_robot_arm.dir/GRBL/report.c.o
 .text.report_setting
                0x1000dbc8       0x58 CMakeFiles/grblhal_robot_arm.dir/GRBL/report.c.o
 .text.print_setting
                0x1000dc20       0x44 CMakeFiles/grblhal_robot_arm.dir/GRBL/report.c.o
 .text.report_status_message
                0x1000dc64       0x40 CMakeFiles/grblhal_robot_arm.dir/GRBL/report.c.o
 .text.print_setting_group.part.0
                0x1000dca4       0x84 CMakeFiles/grblhal_robot_arm.dir/GRBL/report.c.o
 .text.report_message.part.0
                0x1000dd28       0x68 CMakeFiles/grblhal_robot_arm.dir/GRBL/report.c.o
 .text.report_pin
                0x1000dd90       0x50 CMakeFiles/grblhal_robot_arm.dir/GRBL/report.c.o
 .text.report_feedback_message
                0x1000dde0       0x44 CMakeFiles/grblhal_robot_arm.dir/GRBL/report.c.o
 .text.add_limits.isra.0
                0x1000de24       0xb0 CMakeFiles/grblhal_robot_arm.dir/GRBL/report.c.o
 .text.print_alarm
                0x1000ded4       0xac CMakeFiles/grblhal_robot_arm.dir/GRBL/report.c.o
 .text.print_error
                0x1000df80       0xac CMakeFiles/grblhal_robot_arm.dir/GRBL/report.c.o
 .text.report_init
                0x1000e02c       0x54 CMakeFiles/grblhal_robot_arm.dir/GRBL/report.c.o
                0x1000e02c                report_init
 .text.report_message
                0x1000e080       0x24 CMakeFiles/grblhal_robot_arm.dir/GRBL/report.c.o
                0x1000e080                report_message
 .text.report_plain
                0x1000e0a4       0x38 CMakeFiles/grblhal_robot_arm.dir/GRBL/report.c.o
                0x1000e0a4                report_plain
 .text.report_warning
                0x1000e0dc       0x20 CMakeFiles/grblhal_robot_arm.dir/GRBL/report.c.o
                0x1000e0dc                report_warning
 .text.report_plugin
                0x1000e0fc       0x44 CMakeFiles/grblhal_robot_arm.dir/GRBL/report.c.o
                0x1000e0fc                report_plugin
 .text.report_grbl_setting
                0x1000e140       0x28 CMakeFiles/grblhal_robot_arm.dir/GRBL/report.c.o
                0x1000e140                report_grbl_setting
 .text.report_grbl_settings
                0x1000e168      0x180 CMakeFiles/grblhal_robot_arm.dir/GRBL/report.c.o
                0x1000e168                report_grbl_settings
 .text.report_probe_parameters
                0x1000e2e8       0x64 CMakeFiles/grblhal_robot_arm.dir/GRBL/report.c.o
                0x1000e2e8                report_probe_parameters
 .text.report_home_position
                0x1000e34c       0x58 CMakeFiles/grblhal_robot_arm.dir/GRBL/report.c.o
                0x1000e34c                report_home_position
 .text.report_tool_offsets
                0x1000e3a4       0x3c CMakeFiles/grblhal_robot_arm.dir/GRBL/report.c.o
                0x1000e3a4                report_tool_offsets
 .text.report_ngc_parameter
                0x1000e3e0       0x70 CMakeFiles/grblhal_robot_arm.dir/GRBL/report.c.o
                0x1000e3e0                report_ngc_parameter
 .text.report_named_ngc_parameter
                0x1000e450       0x6c CMakeFiles/grblhal_robot_arm.dir/GRBL/report.c.o
                0x1000e450                report_named_ngc_parameter
 .text.report_ngc_parameters
                0x1000e4bc      0x224 CMakeFiles/grblhal_robot_arm.dir/GRBL/report.c.o
                0x1000e4bc                report_ngc_parameters
 .text.report_gcode_modes
                0x1000e6e0      0x470 CMakeFiles/grblhal_robot_arm.dir/GRBL/report.c.o
                0x1000e6e0                report_gcode_modes
 .text.report_startup_line
                0x1000eb50       0x40 CMakeFiles/grblhal_robot_arm.dir/GRBL/report.c.o
                0x1000eb50                report_startup_line
 .text.report_execute_startup_message
                0x1000eb90       0x3c CMakeFiles/grblhal_robot_arm.dir/GRBL/report.c.o
                0x1000eb90                report_execute_startup_message
 .text.report_build_info
                0x1000ebcc      0x718 CMakeFiles/grblhal_robot_arm.dir/GRBL/report.c.o
                0x1000ebcc                report_build_info
 .text.report_realtime_status
                0x1000f2e4      0xb60 CMakeFiles/grblhal_robot_arm.dir/GRBL/report.c.o
                0x1000f2e4                report_realtime_status
 .text.report_settings_details
                0x1000fe44       0x54 CMakeFiles/grblhal_robot_arm.dir/GRBL/report.c.o
                0x1000fe44                report_settings_details
 .text.report_setting_description
                0x1000fe98       0xc4 CMakeFiles/grblhal_robot_arm.dir/GRBL/report.c.o
                0x1000fe98                report_setting_description
 .text.report_alarm_details
                0x1000ff5c       0xbc CMakeFiles/grblhal_robot_arm.dir/GRBL/report.c.o
                0x1000ff5c                report_alarm_details
 .text.report_error_details
                0x10010018       0xbc CMakeFiles/grblhal_robot_arm.dir/GRBL/report.c.o
                0x10010018                report_error_details
 .text.report_setting_group_details
                0x100100d4       0xfc CMakeFiles/grblhal_robot_arm.dir/GRBL/report.c.o
                0x100100d4                report_setting_group_details
 .text.report_help
                0x100101d0       0xd0 CMakeFiles/grblhal_robot_arm.dir/GRBL/report.c.o
                0x100101d0                report_help
 .text.report_last_signals_event
                0x100102a0       0x90 CMakeFiles/grblhal_robot_arm.dir/GRBL/report.c.o
                0x100102a0                report_last_signals_event
 .text.report_current_limit_state
                0x10010330       0x48 CMakeFiles/grblhal_robot_arm.dir/GRBL/report.c.o
                0x10010330                report_current_limit_state
 .text.report_current_home_signal_state
                0x10010378       0xb4 CMakeFiles/grblhal_robot_arm.dir/GRBL/report.c.o
                0x10010378                report_current_home_signal_state
 .text.report_spindle_data
                0x1001042c       0xa8 CMakeFiles/grblhal_robot_arm.dir/GRBL/report.c.o
                0x1001042c                report_spindle_data
 .text.report_pins
                0x100104d4       0x90 CMakeFiles/grblhal_robot_arm.dir/GRBL/report.c.o
                0x100104d4                report_pins
 .text.report_pin_states
                0x10010564        0x4 CMakeFiles/grblhal_robot_arm.dir/GRBL/report.c.o
                0x10010564                report_pin_states
 .text.report_time
                0x10010568       0x80 CMakeFiles/grblhal_robot_arm.dir/GRBL/report.c.o
                0x10010568                report_time
 .text.report_spindles
                0x100105e8       0x34 CMakeFiles/grblhal_robot_arm.dir/GRBL/report.c.o
                0x100105e8                report_spindles
 .text.report_stepper_status
                0x1001061c      0x13c CMakeFiles/grblhal_robot_arm.dir/GRBL/report.c.o
                0x1001061c                report_stepper_status
 .text.report_pid_log
                0x10010758        0xc CMakeFiles/grblhal_robot_arm.dir/GRBL/report.c.o
                0x10010758                report_pid_log
 .text.report_init_fns
                0x10010764       0x2c CMakeFiles/grblhal_robot_arm.dir/GRBL/report.c.o
                0x10010764                report_init_fns
 .text.uitoa    0x10010790       0x48 CMakeFiles/grblhal_robot_arm.dir/GRBL/nuts_bolts.c.o
                0x10010790                uitoa
 .text.ftoa     0x100107d8      0x11c CMakeFiles/grblhal_robot_arm.dir/GRBL/nuts_bolts.c.o
                0x100107d8                ftoa
 .text.trim_float
                0x100108f4       0x34 CMakeFiles/grblhal_robot_arm.dir/GRBL/nuts_bolts.c.o
                0x100108f4                trim_float
 .text.read_uint
                0x10010928       0xb0 CMakeFiles/grblhal_robot_arm.dir/GRBL/nuts_bolts.c.o
                0x10010928                read_uint
 .text.read_float
                0x100109d8       0xf4 CMakeFiles/grblhal_robot_arm.dir/GRBL/nuts_bolts.c.o
                0x100109d8                read_float
 .text.isintf   0x10010acc       0x38 CMakeFiles/grblhal_robot_arm.dir/GRBL/nuts_bolts.c.o
                0x10010acc                isintf
 .text.delay_sec
                0x10010b04       0x50 CMakeFiles/grblhal_robot_arm.dir/GRBL/nuts_bolts.c.o
                0x10010b04                delay_sec
 .text.convert_delta_vector_to_unit_vector
                0x10010b54       0x74 CMakeFiles/grblhal_robot_arm.dir/GRBL/nuts_bolts.c.o
                0x10010b54                convert_delta_vector_to_unit_vector
 .text.get_datetime
                0x10010bc8      0x39c CMakeFiles/grblhal_robot_arm.dir/GRBL/nuts_bolts.c.o
                0x10010bc8                get_datetime
 .text.bit_count
                0x10010f64       0x14 CMakeFiles/grblhal_robot_arm.dir/GRBL/nuts_bolts.c.o
                0x10010f64                bit_count
 .text.dummy_handler
                0x10010f78        0x4 CMakeFiles/grblhal_robot_arm.dir/GRBL/nuts_bolts.c.o
                0x10010f78                dummy_handler
 .text.check_travel_limits
                0x10010f7c       0x64 CMakeFiles/grblhal_robot_arm.dir/GRBL/machine_limits.c.o
 .text.check_arc_travel_limits
                0x10010fe0      0x50c CMakeFiles/grblhal_robot_arm.dir/GRBL/machine_limits.c.o
 .text.limits_pull_off
                0x100114ec      0x168 CMakeFiles/grblhal_robot_arm.dir/GRBL/machine_limits.c.o
 .text.get_homing_rate
                0x10011654       0x3c CMakeFiles/grblhal_robot_arm.dir/GRBL/machine_limits.c.o
 .text.apply_travel_limits
                0x10011690      0x1c4 CMakeFiles/grblhal_robot_arm.dir/GRBL/machine_limits.c.o
 .text.limit_signals_merge
                0x10011854       0x18 CMakeFiles/grblhal_robot_arm.dir/GRBL/machine_limits.c.o
                0x10011854                limit_signals_merge
 .text.limit_interrupt_handler
                0x1001186c       0x40 CMakeFiles/grblhal_robot_arm.dir/GRBL/machine_limits.c.o
                0x1001186c                limit_interrupt_handler
 .text.limits_set_work_envelope
                0x100118ac       0xc8 CMakeFiles/grblhal_robot_arm.dir/GRBL/machine_limits.c.o
                0x100118ac                limits_set_work_envelope
 .text.limits_set_machine_positions
                0x10011974       0xb4 CMakeFiles/grblhal_robot_arm.dir/GRBL/machine_limits.c.o
                0x10011974                limits_set_machine_positions
 .text.homing_cycle
                0x10011a28      0x524 CMakeFiles/grblhal_robot_arm.dir/GRBL/machine_limits.c.o
 .text.limits_homing_pulloff
                0x10011f4c       0x20 CMakeFiles/grblhal_robot_arm.dir/GRBL/machine_limits.c.o
                0x10011f4c                limits_homing_pulloff
 .text.limits_go_home
                0x10011f6c      0x154 CMakeFiles/grblhal_robot_arm.dir/GRBL/machine_limits.c.o
                0x10011f6c                limits_go_home
 .text.limits_soft_check
                0x100120c0       0x7c CMakeFiles/grblhal_robot_arm.dir/GRBL/machine_limits.c.o
                0x100120c0                limits_soft_check
 .text.limits_set_homing_axes
                0x1001213c       0x2c CMakeFiles/grblhal_robot_arm.dir/GRBL/machine_limits.c.o
                0x1001213c                limits_set_homing_axes
 .text.limits_homing_required
                0x10012168       0x3c CMakeFiles/grblhal_robot_arm.dir/GRBL/machine_limits.c.o
                0x10012168                limits_homing_required
 .text.limits_init
                0x100121a4       0x40 CMakeFiles/grblhal_robot_arm.dir/GRBL/machine_limits.c.o
                0x100121a4                limits_init
 .text.enqueue_feed_override
                0x100121e4       0x20 CMakeFiles/grblhal_robot_arm.dir/GRBL/override.c.o
                0x100121e4                enqueue_feed_override
 .text.get_feed_override
                0x10012204       0x20 CMakeFiles/grblhal_robot_arm.dir/GRBL/override.c.o
                0x10012204                get_feed_override
 .text.enqueue_spindle_override
                0x10012224       0x20 CMakeFiles/grblhal_robot_arm.dir/GRBL/override.c.o
                0x10012224                enqueue_spindle_override
 .text.get_spindle_override
                0x10012244       0x20 CMakeFiles/grblhal_robot_arm.dir/GRBL/override.c.o
                0x10012244                get_spindle_override
 .text.enqueue_coolant_override
                0x10012264       0x20 CMakeFiles/grblhal_robot_arm.dir/GRBL/override.c.o
                0x10012264                enqueue_coolant_override
 .text.get_coolant_override
                0x10012284       0x20 CMakeFiles/grblhal_robot_arm.dir/GRBL/override.c.o
                0x10012284                get_coolant_override
 .text.flush_override_buffers
                0x100122a4       0x24 CMakeFiles/grblhal_robot_arm.dir/GRBL/override.c.o
                0x100122a4                flush_override_buffers
 .text.state_noop
                0x100122c8        0x4 CMakeFiles/grblhal_robot_arm.dir/GRBL/state_machine.c.o
 .text.state_spindle_restore
                0x100122cc       0x30 CMakeFiles/grblhal_robot_arm.dir/GRBL/state_machine.c.o
 .text.initiate_hold
                0x100122fc      0x198 CMakeFiles/grblhal_robot_arm.dir/GRBL/state_machine.c.o
 .text.state_await_restart_retract
                0x10012494       0x38 CMakeFiles/grblhal_robot_arm.dir/GRBL/state_machine.c.o
 .text.state_await_waypoint_retract
                0x100124cc       0xc0 CMakeFiles/grblhal_robot_arm.dir/GRBL/state_machine.c.o
 .text.restart_retract
                0x1001258c       0x5c CMakeFiles/grblhal_robot_arm.dir/GRBL/state_machine.c.o
 .text.state_restore
                0x100125e8      0x154 CMakeFiles/grblhal_robot_arm.dir/GRBL/state_machine.c.o
 .text.state_door_reopened
                0x1001273c       0x20 CMakeFiles/grblhal_robot_arm.dir/GRBL/state_machine.c.o
                0x1001273c                state_door_reopened
 .text.state_get
                0x1001275c        0xc CMakeFiles/grblhal_robot_arm.dir/GRBL/state_machine.c.o
                0x1001275c                state_get
 .text.state_set
                0x10012768      0x3d0 CMakeFiles/grblhal_robot_arm.dir/GRBL/state_machine.c.o
                0x10012768                state_set
 .text.state_idle
                0x10012b38       0x48 CMakeFiles/grblhal_robot_arm.dir/GRBL/state_machine.c.o
 .text.state_update
                0x10012b80       0x2c CMakeFiles/grblhal_robot_arm.dir/GRBL/state_machine.c.o
                0x10012b80                state_update
 .text.state_await_resume
                0x10012bac      0x228 CMakeFiles/grblhal_robot_arm.dir/GRBL/state_machine.c.o
 .text.state_await_resumed
                0x10012dd4       0x48 CMakeFiles/grblhal_robot_arm.dir/GRBL/state_machine.c.o
 .text.state_await_toolchanged
                0x10012e1c       0x64 CMakeFiles/grblhal_robot_arm.dir/GRBL/state_machine.c.o
 .text.state_cycle
                0x10012e80       0x74 CMakeFiles/grblhal_robot_arm.dir/GRBL/state_machine.c.o
 .text.state_await_motion_cancel
                0x10012ef4       0x80 CMakeFiles/grblhal_robot_arm.dir/GRBL/state_machine.c.o
 .text.state_await_hold.part.0
                0x10012f74      0x1d4 CMakeFiles/grblhal_robot_arm.dir/GRBL/state_machine.c.o
 .text.state_await_hold
                0x10013148        0xc CMakeFiles/grblhal_robot_arm.dir/GRBL/state_machine.c.o
 .text.state_suspend_manager
                0x10013154       0xe8 CMakeFiles/grblhal_robot_arm.dir/GRBL/state_machine.c.o
                0x10013154                state_suspend_manager
 .text.xbar_fn_to_axismask
                0x1001323c       0x70 CMakeFiles/grblhal_robot_arm.dir/GRBL/crossbar.c.o
                0x1001323c                xbar_fn_to_axismask
 .text.xbar_set_homing_source
                0x100132ac       0x58 CMakeFiles/grblhal_robot_arm.dir/GRBL/crossbar.c.o
                0x100132ac                xbar_set_homing_source
 .text.xbar_get_homing_source
                0x10013304       0x10 CMakeFiles/grblhal_robot_arm.dir/GRBL/crossbar.c.o
                0x10013304                xbar_get_homing_source
 .text.xbar_get_homing_source_from_cycle
                0x10013314       0x5c CMakeFiles/grblhal_robot_arm.dir/GRBL/crossbar.c.o
                0x10013314                xbar_get_homing_source_from_cycle
 .text.xbar_fn_to_pinname
                0x10013370       0x44 CMakeFiles/grblhal_robot_arm.dir/GRBL/crossbar.c.o
                0x10013370                xbar_fn_to_pinname
 .text.stream_get_null
                0x100133b4        0x8 CMakeFiles/grblhal_robot_arm.dir/GRBL/stream.c.o
                0x100133b4                stream_get_null
 .text.stream_connected
                0x100133bc        0x4 CMakeFiles/grblhal_robot_arm.dir/GRBL/stream.c.o
                0x100133bc                stream_connected
 .text.is_not_connected
                0x100133c0        0x4 CMakeFiles/grblhal_robot_arm.dir/GRBL/stream.c.o
 .text.stream_write_all
                0x100133c4       0x20 CMakeFiles/grblhal_robot_arm.dir/GRBL/stream.c.o
 .text.null_rx_free
                0x100133e4        0x8 CMakeFiles/grblhal_robot_arm.dir/GRBL/stream.c.o
 .text.null_count
                0x100133ec        0x4 CMakeFiles/grblhal_robot_arm.dir/GRBL/stream.c.o
 .text.null_put_c
                0x100133f0        0x4 CMakeFiles/grblhal_robot_arm.dir/GRBL/stream.c.o
 .text.null_write_string
                0x100133f4        0x4 CMakeFiles/grblhal_robot_arm.dir/GRBL/stream.c.o
 .text.null_write
                0x100133f8        0x4 CMakeFiles/grblhal_robot_arm.dir/GRBL/stream.c.o
 .text.null_suspend_disable
                0x100133fc        0x4 CMakeFiles/grblhal_robot_arm.dir/GRBL/stream.c.o
 .text.null_set_baudrate
                0x10013400        0x4 CMakeFiles/grblhal_robot_arm.dir/GRBL/stream.c.o
 .text.null_enqueue_rt_command
                0x10013404        0xc CMakeFiles/grblhal_robot_arm.dir/GRBL/stream.c.o
 .text.null_set_rt_handler
                0x10013410       0x10 CMakeFiles/grblhal_robot_arm.dir/GRBL/stream.c.o
 .text.stream_null_init
                0x10013420        0x8 CMakeFiles/grblhal_robot_arm.dir/GRBL/stream.c.o
                0x10013420                stream_null_init
 .text.await_toolchange_ack
                0x10013428       0x60 CMakeFiles/grblhal_robot_arm.dir/GRBL/stream.c.o
 .text.report_mpg_mode
                0x10013488        0x8 CMakeFiles/grblhal_robot_arm.dir/GRBL/stream.c.o
 .text.add_connection
                0x10013490       0x68 CMakeFiles/grblhal_robot_arm.dir/GRBL/stream.c.o
 .text.connection_is_up
                0x100134f8       0x40 CMakeFiles/grblhal_robot_arm.dir/GRBL/stream.c.o
 .text.stream_register_streams
                0x10013538       0x14 CMakeFiles/grblhal_robot_arm.dir/GRBL/stream.c.o
                0x10013538                stream_register_streams
 .text.stream_tx_blocking
                0x1001354c       0x28 CMakeFiles/grblhal_robot_arm.dir/GRBL/stream.c.o
                0x1001354c                stream_tx_blocking
 .text.stream_rx_suspend
                0x10013574       0x78 CMakeFiles/grblhal_robot_arm.dir/GRBL/stream.c.o
                0x10013574                stream_rx_suspend
 .text.stream_enqueue_realtime_command
                0x100135ec       0x48 CMakeFiles/grblhal_robot_arm.dir/GRBL/stream.c.o
                0x100135ec                stream_enqueue_realtime_command
 .text.stream_set_description
                0x10013634       0x44 CMakeFiles/grblhal_robot_arm.dir/GRBL/stream.c.o
                0x10013634                stream_set_description
 .text.stream_mpg_enable
                0x10013678      0x148 CMakeFiles/grblhal_robot_arm.dir/GRBL/stream.c.o
                0x10013678                stream_mpg_enable
 .text.stream_select
                0x100137c0      0x258 CMakeFiles/grblhal_robot_arm.dir/GRBL/stream.c.o
 .text.stream_connect
                0x10013a18       0x24 CMakeFiles/grblhal_robot_arm.dir/GRBL/stream.c.o
                0x10013a18                stream_connect
 .text.stream_mpg_set_mode
                0x10013a3c        0xc CMakeFiles/grblhal_robot_arm.dir/GRBL/stream.c.o
                0x10013a3c                stream_mpg_set_mode
 .text.coolant_restore
                0x10013a48       0x5c CMakeFiles/grblhal_robot_arm.dir/GRBL/coolant_control.c.o
                0x10013a48                coolant_restore
 .text.coolant_set_state
                0x10013aa4       0x58 CMakeFiles/grblhal_robot_arm.dir/GRBL/coolant_control.c.o
                0x10013aa4                coolant_set_state
 .text.coolant_set_state_synced
                0x10013afc       0x20 CMakeFiles/grblhal_robot_arm.dir/GRBL/coolant_control.c.o
                0x10013afc                coolant_set_state_synced
 .text.null_set_state
                0x10013b1c        0x4 CMakeFiles/grblhal_robot_arm.dir/GRBL/spindle_control.c.o
 .text.null_get_state
                0x10013b20        0x8 CMakeFiles/grblhal_robot_arm.dir/GRBL/spindle_control.c.o
 .text.null_update_pwm
                0x10013b28        0x4 CMakeFiles/grblhal_robot_arm.dir/GRBL/spindle_control.c.o
 .text.null_get_pwm
                0x10013b2c        0x4 CMakeFiles/grblhal_robot_arm.dir/GRBL/spindle_control.c.o
 .text.null_update_rpm
                0x10013b30        0x4 CMakeFiles/grblhal_robot_arm.dir/GRBL/spindle_control.c.o
 .text.compute_dummy_pwm_value
                0x10013b34        0x4 CMakeFiles/grblhal_robot_arm.dir/GRBL/spindle_control.c.o
 .text.set_laser_overdrive
                0x10013b38       0x2c CMakeFiles/grblhal_robot_arm.dir/GRBL/spindle_control.c.o
 .text.spindle_compute_pwm_value
                0x10013b64       0xe4 CMakeFiles/grblhal_robot_arm.dir/GRBL/spindle_control.c.o
 .text.spindle_activate.constprop.0
                0x10013c48      0x15c CMakeFiles/grblhal_robot_arm.dir/GRBL/spindle_control.c.o
 .text.spindle_register
                0x10013da4       0xb0 CMakeFiles/grblhal_robot_arm.dir/GRBL/spindle_control.c.o
                0x10013da4                spindle_register
 .text.spindle_get_hal
                0x10013e54       0x50 CMakeFiles/grblhal_robot_arm.dir/GRBL/spindle_control.c.o
                0x10013e54                spindle_get_hal
 .text.spindle_get_default
                0x10013ea4       0x18 CMakeFiles/grblhal_robot_arm.dir/GRBL/spindle_control.c.o
                0x10013ea4                spindle_get_default
 .text.spindle_get_caps
                0x10013ebc       0x40 CMakeFiles/grblhal_robot_arm.dir/GRBL/spindle_control.c.o
                0x10013ebc                spindle_get_caps
 .text.spindle_update_caps
                0x10013efc       0x94 CMakeFiles/grblhal_robot_arm.dir/GRBL/spindle_control.c.o
                0x10013efc                spindle_update_caps
 .text.spindle_get_id
                0x10013f90       0x28 CMakeFiles/grblhal_robot_arm.dir/GRBL/spindle_control.c.o
                0x10013f90                spindle_get_id
 .text.spindle_is_enabled
                0x10013fb8       0x18 CMakeFiles/grblhal_robot_arm.dir/GRBL/spindle_control.c.o
                0x10013fb8                spindle_is_enabled
 .text.spindle_get
                0x10013fd0       0x1c CMakeFiles/grblhal_robot_arm.dir/GRBL/spindle_control.c.o
                0x10013fd0                spindle_get
 .text.spindle_add_null
                0x10013fec       0x34 CMakeFiles/grblhal_robot_arm.dir/GRBL/spindle_control.c.o
                0x10013fec                spindle_add_null
 .text.spindle_select
                0x10014020       0x38 CMakeFiles/grblhal_robot_arm.dir/GRBL/spindle_control.c.o
                0x10014020                spindle_select
 .text.spindle_enumerate_spindles
                0x10014058       0xac CMakeFiles/grblhal_robot_arm.dir/GRBL/spindle_control.c.o
                0x10014058                spindle_enumerate_spindles
 .text.spindle_get_count
                0x10014104       0x44 CMakeFiles/grblhal_robot_arm.dir/GRBL/spindle_control.c.o
                0x10014104                spindle_get_count
 .text.spindle_set_override
                0x10014148      0x104 CMakeFiles/grblhal_robot_arm.dir/GRBL/spindle_control.c.o
                0x10014148                spindle_set_override
 .text.spindle_set_state
                0x1001424c      0x100 CMakeFiles/grblhal_robot_arm.dir/GRBL/spindle_control.c.o
                0x1001424c                spindle_set_state
 .text.spindle_set_state_wait
                0x1001434c       0xb8 CMakeFiles/grblhal_robot_arm.dir/GRBL/spindle_control.c.o
 .text.spindle_set_state_synced
                0x10014404       0x34 CMakeFiles/grblhal_robot_arm.dir/GRBL/spindle_control.c.o
                0x10014404                spindle_set_state_synced
 .text.spindle_restore
                0x10014438       0x4c CMakeFiles/grblhal_robot_arm.dir/GRBL/spindle_control.c.o
                0x10014438                spindle_restore
 .text.spindle_set_rpm
                0x10014484       0x6c CMakeFiles/grblhal_robot_arm.dir/GRBL/spindle_control.c.o
                0x10014484                spindle_set_rpm
 .text.spindle_all_off
                0x100144f0       0x30 CMakeFiles/grblhal_robot_arm.dir/GRBL/spindle_control.c.o
                0x100144f0                spindle_all_off
 .text.spindle_is_on
                0x10014520       0x1c CMakeFiles/grblhal_robot_arm.dir/GRBL/spindle_control.c.o
                0x10014520                spindle_is_on
 .text.spindle_precompute_pwm_values
                0x1001453c      0x1a8 CMakeFiles/grblhal_robot_arm.dir/GRBL/spindle_control.c.o
                0x1001453c                spindle_precompute_pwm_values
 .text.modbus_crc16x
                0x100146e4       0x3c CMakeFiles/grblhal_robot_arm.dir/GRBL/crc.c.o
                0x100146e4                modbus_crc16x
 .text.ram_get_byte
                0x10014720        0xc CMakeFiles/grblhal_robot_arm.dir/GRBL/nvs_buffer.c.o
 .text.ram_put_byte
                0x1001472c       0x3c CMakeFiles/grblhal_robot_arm.dir/GRBL/nvs_buffer.c.o
 .text.memcpy_from_ram
                0x10014768       0xa0 CMakeFiles/grblhal_robot_arm.dir/GRBL/nvs_buffer.c.o
 .text.nvs_buffer_sync_physical.part.0
                0x10014808      0x1a8 CMakeFiles/grblhal_robot_arm.dir/GRBL/nvs_buffer.c.o
 .text.memcpy_to_ram
                0x100149b0      0x238 CMakeFiles/grblhal_robot_arm.dir/GRBL/nvs_buffer.c.o
 .text.nvs_buffer_alloc
                0x10014be8       0x64 CMakeFiles/grblhal_robot_arm.dir/GRBL/nvs_buffer.c.o
                0x10014be8                nvs_buffer_alloc
 .text.nvs_buffer_free
                0x10014c4c       0x28 CMakeFiles/grblhal_robot_arm.dir/GRBL/nvs_buffer.c.o
                0x10014c4c                nvs_buffer_free
 .text.nvs_buffer_init
                0x10014c74      0x14c CMakeFiles/grblhal_robot_arm.dir/GRBL/nvs_buffer.c.o
                0x10014c74                nvs_buffer_init
 .text.nvs_buffer_sync_physical
                0x10014dc0       0x10 CMakeFiles/grblhal_robot_arm.dir/GRBL/nvs_buffer.c.o
                0x10014dc0                nvs_buffer_sync_physical
 .text.nvs_buffer_get_physical
                0x10014dd0       0x1c CMakeFiles/grblhal_robot_arm.dir/GRBL/nvs_buffer.c.o
                0x10014dd0                nvs_buffer_get_physical
 .text.probe_result
                0x10014dec       0x14 CMakeFiles/grblhal_robot_arm.dir/GRBL/ngc_params.c.o
 .text.m66_result
                0x10014e00       0x18 CMakeFiles/grblhal_robot_arm.dir/GRBL/ngc_params.c.o
 .text.tool_number
                0x10014e18       0x1c CMakeFiles/grblhal_robot_arm.dir/GRBL/ngc_params.c.o
 .text.tool_offset
                0x10014e34       0x2c CMakeFiles/grblhal_robot_arm.dir/GRBL/ngc_params.c.o
 .text.coord_system
                0x10014e60       0x20 CMakeFiles/grblhal_robot_arm.dir/GRBL/ngc_params.c.o
 .text.g92_offset_applied
                0x10014e80       0x18 CMakeFiles/grblhal_robot_arm.dir/GRBL/ngc_params.c.o
 .text.g92_offset
                0x10014e98       0x2c CMakeFiles/grblhal_robot_arm.dir/GRBL/ngc_params.c.o
 .text.debug_output
                0x10014ec4       0x1c CMakeFiles/grblhal_robot_arm.dir/GRBL/ngc_params.c.o
 .text.coord_system_offset
                0x10014ee0       0x50 CMakeFiles/grblhal_robot_arm.dir/GRBL/ngc_params.c.o
 .text.g30_home
                0x10014f30       0x3c CMakeFiles/grblhal_robot_arm.dir/GRBL/ngc_params.c.o
 .text.g28_home
                0x10014f6c       0x3c CMakeFiles/grblhal_robot_arm.dir/GRBL/ngc_params.c.o
 .text.probe_coord
                0x10014fa8       0xc0 CMakeFiles/grblhal_robot_arm.dir/GRBL/ngc_params.c.o
 .text.scaling_factors
                0x10015068       0x30 CMakeFiles/grblhal_robot_arm.dir/GRBL/ngc_params.c.o
 .text.work_position
                0x10015098       0x7c CMakeFiles/grblhal_robot_arm.dir/GRBL/ngc_params.c.o
 .text.ngc_param_get
                0x10015114       0x84 CMakeFiles/grblhal_robot_arm.dir/GRBL/ngc_params.c.o
                0x10015114                ngc_param_get
 .text.ngc_param_set
                0x10015198       0x9c CMakeFiles/grblhal_robot_arm.dir/GRBL/ngc_params.c.o
                0x10015198                ngc_param_set
 .text.ngc_named_param_get_by_id
                0x10015234      0x46c CMakeFiles/grblhal_robot_arm.dir/GRBL/ngc_params.c.o
                0x10015234                ngc_named_param_get_by_id
 .text.ngc_named_param_get
                0x100156a0       0xcc CMakeFiles/grblhal_robot_arm.dir/GRBL/ngc_params.c.o
                0x100156a0                ngc_named_param_get
 .text.ngc_named_param_set
                0x1001576c      0x10c CMakeFiles/grblhal_robot_arm.dir/GRBL/ngc_params.c.o
                0x1001576c                ngc_named_param_set
 .text.onMacroExecute
                0x10015878      0x31c CMakeFiles/grblhal_robot_arm.dir/GRBL/ngc_params.c.o
 .text.ngc_modal_state_save
                0x10015b94       0x78 CMakeFiles/grblhal_robot_arm.dir/GRBL/ngc_params.c.o
                0x10015b94                ngc_modal_state_save
 .text.ngc_modal_state_invalidate
                0x10015c0c       0x3c CMakeFiles/grblhal_robot_arm.dir/GRBL/ngc_params.c.o
                0x10015c0c                ngc_modal_state_invalidate
 .text.ngc_modal_state_restore
                0x10015c48       0x2c CMakeFiles/grblhal_robot_arm.dir/GRBL/ngc_params.c.o
                0x10015c48                ngc_modal_state_restore
 .text.ngc_call_push
                0x10015c74       0x3c CMakeFiles/grblhal_robot_arm.dir/GRBL/ngc_params.c.o
                0x10015c74                ngc_call_push
 .text.ngc_call_pop
                0x10015cb0       0xf4 CMakeFiles/grblhal_robot_arm.dir/GRBL/ngc_params.c.o
                0x10015cb0                ngc_call_pop
 .text.ngc_call_level
                0x10015da4        0xc CMakeFiles/grblhal_robot_arm.dir/GRBL/ngc_params.c.o
                0x10015da4                ngc_call_level
 .text.ngc_float_decimals
                0x10015db0       0x14 CMakeFiles/grblhal_robot_arm.dir/GRBL/ngc_params.c.o
                0x10015db0                ngc_float_decimals
 .text.ngc_params_init
                0x10015dc4       0x68 CMakeFiles/grblhal_robot_arm.dir/GRBL/ngc_params.c.o
                0x10015dc4                ngc_params_init
 .text.matchhere
                0x10015e2c       0x6c CMakeFiles/grblhal_robot_arm.dir/GRBL/regex.c.o
                0x10015e2c                matchhere
 .text.fall_asleep
                0x10015e98        0xc CMakeFiles/grblhal_robot_arm.dir/GRBL/sleep.c.o
 .text.sleep_execute
                0x10015ea4       0x88 CMakeFiles/grblhal_robot_arm.dir/GRBL/sleep.c.o
 .text.sleep_check
                0x10015f2c       0x7c CMakeFiles/grblhal_robot_arm.dir/GRBL/sleep.c.o
                0x10015f2c                sleep_check
 .text.change_completed
                0x10015fa8       0xd4 CMakeFiles/grblhal_robot_arm.dir/GRBL/tool_change.c.o
 .text.execute_warning
                0x1001607c        0xc CMakeFiles/grblhal_robot_arm.dir/GRBL/tool_change.c.o
 .text.on_toolchange_ack
                0x10016088       0x30 CMakeFiles/grblhal_robot_arm.dir/GRBL/tool_change.c.o
 .text.reset    0x100160b8       0x6c CMakeFiles/grblhal_robot_arm.dir/GRBL/tool_change.c.o
 .text.onToolSelect
                0x10016124       0x44 CMakeFiles/grblhal_robot_arm.dir/GRBL/tool_change.c.o
 .text.onHomingComplete
                0x10016168       0x28 CMakeFiles/grblhal_robot_arm.dir/GRBL/tool_change.c.o
 .text.trap_stream_cycle_start
                0x10016190       0x94 CMakeFiles/grblhal_robot_arm.dir/GRBL/tool_change.c.o
 .text.trap_control_cycle_start
                0x10016224       0x90 CMakeFiles/grblhal_robot_arm.dir/GRBL/tool_change.c.o
 .text.go_linear_home
                0x100162b4       0x54 CMakeFiles/grblhal_robot_arm.dir/GRBL/tool_change.c.o
 .text.go_toolsetter
                0x10016308       0xa0 CMakeFiles/grblhal_robot_arm.dir/GRBL/tool_change.c.o
 .text.execute_return_from_g30
                0x100163a8       0xa4 CMakeFiles/grblhal_robot_arm.dir/GRBL/tool_change.c.o
 .text.restore  0x1001644c      0x180 CMakeFiles/grblhal_robot_arm.dir/GRBL/tool_change.c.o
 .text.tool_change
                0x100165cc      0x260 CMakeFiles/grblhal_robot_arm.dir/GRBL/tool_change.c.o
 .text.onWcoSaved
                0x1001682c       0x38 CMakeFiles/grblhal_robot_arm.dir/GRBL/tool_change.c.o
 .text.onProbeCompleted
                0x10016864       0x40 CMakeFiles/grblhal_robot_arm.dir/GRBL/tool_change.c.o
 .text.execute_restore
                0x100168a4       0x44 CMakeFiles/grblhal_robot_arm.dir/GRBL/tool_change.c.o
 .text.set_probe_target.constprop.0
                0x100168e8       0x7c CMakeFiles/grblhal_robot_arm.dir/GRBL/tool_change.c.o
 .text.execute_probe
                0x10016964      0x234 CMakeFiles/grblhal_robot_arm.dir/GRBL/tool_change.c.o
 .text.tc_init  0x10016b98       0xc0 CMakeFiles/grblhal_robot_arm.dir/GRBL/tool_change.c.o
                0x10016b98                tc_init
 .text.tc_probe_workpiece
                0x10016c58      0x1ac CMakeFiles/grblhal_robot_arm.dir/GRBL/tool_change.c.o
                0x10016c58                tc_probe_workpiece
 .text.errors_get_details
                0x10016e04        0x8 CMakeFiles/grblhal_robot_arm.dir/GRBL/errors.c.o
                0x10016e04                errors_get_details
 .text.alarms_get_details
                0x10016e0c        0x8 CMakeFiles/grblhal_robot_arm.dir/GRBL/alarms.c.o
                0x10016e0c                alarms_get_details
 .text.message_get
                0x10016e14       0x28 CMakeFiles/grblhal_robot_arm.dir/GRBL/messages.c.o
                0x10016e14                message_get
 .text.memcpy_from_flash
                0x10016e3c       0x1c CMakeFiles/grblhal_robot_arm.dir/GRBL/flash.c.o
                0x10016e3c                memcpy_from_flash
 .text.memcpy_to_flash
                0x10016e58       0x5c CMakeFiles/grblhal_robot_arm.dir/GRBL/flash.c.o
                0x10016e58                memcpy_to_flash
 .text.canbus_enabled
                0x10016eb4        0x4 CMakeFiles/grblhal_robot_arm.dir/GRBL/canbus.c.o
                0x10016eb4                canbus_enabled
 .text.delay_callback
                0x10016eb8        0xc CMakeFiles/grblhal_robot_arm.dir/driver.c.o
 .text.stepperEnable
                0x10016ec4       0x18 CMakeFiles/grblhal_robot_arm.dir/driver.c.o
 .text.limitsGetState
                0x10016edc       0x30 CMakeFiles/grblhal_robot_arm.dir/driver.c.o
 .text.spindleSetState
                0x10016f0c       0x10 CMakeFiles/grblhal_robot_arm.dir/driver.c.o
 .text.spindleGetPWM
                0x10016f1c        0x8 CMakeFiles/grblhal_robot_arm.dir/driver.c.o
 .text.spindleGetState
                0x10016f24       0x10 CMakeFiles/grblhal_robot_arm.dir/driver.c.o
 .text.coolantSetState
                0x10016f34        0x4 CMakeFiles/grblhal_robot_arm.dir/driver.c.o
 .text.coolantGetState
                0x10016f38       0x10 CMakeFiles/grblhal_robot_arm.dir/driver.c.o
 .text.bitsSetAtomic
                0x10016f48        0xc CMakeFiles/grblhal_robot_arm.dir/driver.c.o
 .text.bitsClearAtomic
                0x10016f54       0x14 CMakeFiles/grblhal_robot_arm.dir/driver.c.o
 .text.valueSetAtomic
                0x10016f68        0xc CMakeFiles/grblhal_robot_arm.dir/driver.c.o
 .text.getElapsedTicks
                0x10016f74        0xc CMakeFiles/grblhal_robot_arm.dir/driver.c.o
 .text.enumeratePins
                0x10016f80       0xdc CMakeFiles/grblhal_robot_arm.dir/driver.c.o
 .text.setPeriphPinDescription
                0x1001705c       0x3c CMakeFiles/grblhal_robot_arm.dir/driver.c.o
                0x1001705c                setPeriphPinDescription
 .text.get_free_mem
                0x10017098       0x20 CMakeFiles/grblhal_robot_arm.dir/driver.c.o
                0x10017098                get_free_mem
 .text.user_mcode_check
                0x100170b8       0x20 CMakeFiles/grblhal_robot_arm.dir/driver.c.o
 .text.registerPeriphPin
                0x100170d8       0x44 CMakeFiles/grblhal_robot_arm.dir/driver.c.o
                0x100170d8                registerPeriphPin
 .text.enter_uf2
                0x1001711c       0x24 CMakeFiles/grblhal_robot_arm.dir/driver.c.o
                0x1001711c                enter_uf2
 .text.getElapsedMicros
                0x10017140        0x4 CMakeFiles/grblhal_robot_arm.dir/driver.c.o
 .text.driver_setup
                0x10017144       0xc0 CMakeFiles/grblhal_robot_arm.dir/driver.c.o
 .text.motor_iterator
                0x10017204       0x28 CMakeFiles/grblhal_robot_arm.dir/driver.c.o
 .text.stepperGoIdle
                0x1001722c       0x44 CMakeFiles/grblhal_robot_arm.dir/driver.c.o
 .text.onReportOptions
                0x10017270       0x14 CMakeFiles/grblhal_robot_arm.dir/driver.c.o
 .text.stepperWakeUp
                0x10017284       0x88 CMakeFiles/grblhal_robot_arm.dir/driver.c.o
 .text.driver_delay
                0x1001730c       0x98 CMakeFiles/grblhal_robot_arm.dir/driver.c.o
 .text.spindleConfig
                0x100173a4       0xd4 CMakeFiles/grblhal_robot_arm.dir/driver.c.o
                0x100173a4                spindleConfig
 .text.spindleSetStateVariable
                0x10017478       0x84 CMakeFiles/grblhal_robot_arm.dir/driver.c.o
 .text.pinEnableIRQ
                0x100174fc       0x58 CMakeFiles/grblhal_robot_arm.dir/driver.c.o
                0x100174fc                pinEnableIRQ
 .text.settings_changed
                0x10017554      0x3b0 CMakeFiles/grblhal_robot_arm.dir/driver.c.o
                0x10017554                settings_changed
 .text.limitsEnable
                0x10017904       0x94 CMakeFiles/grblhal_robot_arm.dir/driver.c.o
 .text.pin_debounce
                0x10017998       0x90 CMakeFiles/grblhal_robot_arm.dir/driver.c.o
                0x10017998                pin_debounce
 .text.robot_arm_io_init
                0x10017a28       0x48 CMakeFiles/grblhal_robot_arm.dir/driver.c.o
                0x10017a28                robot_arm_io_init
 .text.driver_init
                0x10017a70      0x4e4 CMakeFiles/grblhal_robot_arm.dir/driver.c.o
                0x10017a70                driver_init
 .text.servo_set_position
                0x10017f54       0x7c CMakeFiles/grblhal_robot_arm.dir/driver.c.o
                0x10017f54                servo_set_position
 .text.pwm_output_set
                0x10017fd0       0xe0 CMakeFiles/grblhal_robot_arm.dir/driver.c.o
                0x10017fd0                pwm_output_set
 .text.pwm_output_disable
                0x100180b0       0x38 CMakeFiles/grblhal_robot_arm.dir/driver.c.o
                0x100180b0                pwm_output_disable
 .text.get_limit_state
                0x100180e8       0x40 CMakeFiles/grblhal_robot_arm.dir/driver.c.o
                0x100180e8                get_limit_state
 .text.get_safety_door_state
                0x10018128        0x4 CMakeFiles/grblhal_robot_arm.dir/driver.c.o
                0x10018128                get_safety_door_state
 .text.get_emergency_stop_state
                0x1001812c        0x4 CMakeFiles/grblhal_robot_arm.dir/driver.c.o
                0x1001812c                get_emergency_stop_state
 .text.get_cycle_start_state
                0x10018130        0x4 CMakeFiles/grblhal_robot_arm.dir/driver.c.o
                0x10018130                get_cycle_start_state
 .text.get_feed_hold_state
                0x10018134        0x4 CMakeFiles/grblhal_robot_arm.dir/driver.c.o
                0x10018134                get_feed_hold_state
 .text.serialRxCount
                0x10018138       0x1c CMakeFiles/grblhal_robot_arm.dir/serial.c.o
 .text.serialRxFree
                0x10018154       0x24 CMakeFiles/grblhal_robot_arm.dir/serial.c.o
 .text.serialGetC
                0x10018178       0x24 CMakeFiles/grblhal_robot_arm.dir/serial.c.o
 .text.serialTxFlush
                0x1001819c       0x18 CMakeFiles/grblhal_robot_arm.dir/serial.c.o
 .text.serialRxFlush
                0x100181b4       0x2c CMakeFiles/grblhal_robot_arm.dir/serial.c.o
 .text.serialPutC
                0x100181e0       0x54 CMakeFiles/grblhal_robot_arm.dir/serial.c.o
 .text.serialWriteS
                0x10018234       0x18 CMakeFiles/grblhal_robot_arm.dir/serial.c.o
 .text.serialWrite
                0x1001824c       0x20 CMakeFiles/grblhal_robot_arm.dir/serial.c.o
 .text.serialTxCount
                0x1001826c       0x2c CMakeFiles/grblhal_robot_arm.dir/serial.c.o
 .text.serialDisable
                0x10018298       0x18 CMakeFiles/grblhal_robot_arm.dir/serial.c.o
 .text.serialEnqueueRtCommand
                0x100182b0        0xc CMakeFiles/grblhal_robot_arm.dir/serial.c.o
 .text.serialSetRtHandler
                0x100182bc       0x10 CMakeFiles/grblhal_robot_arm.dir/serial.c.o
 .text.uart_interrupt_handler
                0x100182cc       0xa0 CMakeFiles/grblhal_robot_arm.dir/serial.c.o
 .text.serialSetFormat
                0x1001836c       0x2c CMakeFiles/grblhal_robot_arm.dir/serial.c.o
 .text.serialSetBaudRate
                0x10018398       0x14 CMakeFiles/grblhal_robot_arm.dir/serial.c.o
 .text.serialSuspendInput
                0x100183ac        0xc CMakeFiles/grblhal_robot_arm.dir/serial.c.o
 .text.serialInit
                0x100183b8       0x94 CMakeFiles/grblhal_robot_arm.dir/serial.c.o
 .text.serialRegisterStreams
                0x1001844c       0x30 CMakeFiles/grblhal_robot_arm.dir/serial.c.o
                0x1001844c                serialRegisterStreams
 .text.usb_serialRxCount
                0x1001847c       0x1c CMakeFiles/grblhal_robot_arm.dir/usb_serial.c.o
 .text.usb_serialRxFree
                0x10018498       0x20 CMakeFiles/grblhal_robot_arm.dir/usb_serial.c.o
 .text.usb_serialRxFlush
                0x100184b8        0xc CMakeFiles/grblhal_robot_arm.dir/usb_serial.c.o
 .text.usb_serialRxCancel
                0x100184c4       0x20 CMakeFiles/grblhal_robot_arm.dir/usb_serial.c.o
 .text.usb_serialGetC
                0x100184e4       0x24 CMakeFiles/grblhal_robot_arm.dir/usb_serial.c.o
 .text.usbEnqueueRtCommand
                0x10018508        0xc CMakeFiles/grblhal_robot_arm.dir/usb_serial.c.o
 .text.usb_serialSetRtHandler
                0x10018514       0x10 CMakeFiles/grblhal_robot_arm.dir/usb_serial.c.o
 .text.timer_task
                0x10018524       0x10 CMakeFiles/grblhal_robot_arm.dir/usb_serial.c.o
 .text.usb_serialSuspendInput
                0x10018534        0xc CMakeFiles/grblhal_robot_arm.dir/usb_serial.c.o
 .text.usb_is_connected
                0x10018540        0x8 CMakeFiles/grblhal_robot_arm.dir/usb_serial.c.o
 .text.low_priority_worker_irq
                0x10018548       0x28 CMakeFiles/grblhal_robot_arm.dir/usb_serial.c.o
 .text.usb_out_chars
                0x10018570       0xf4 CMakeFiles/grblhal_robot_arm.dir/usb_serial.c.o
 .text.usb_serialPutC
                0x10018664       0x18 CMakeFiles/grblhal_robot_arm.dir/usb_serial.c.o
 .text.execute_realtime
                0x1001867c      0x13c CMakeFiles/grblhal_robot_arm.dir/usb_serial.c.o
 .text._usb_write
                0x100187b8       0x5c CMakeFiles/grblhal_robot_arm.dir/usb_serial.c.o
                0x100187b8                _usb_write
 .text.usb_serialWrite
                0x10018814       0x24 CMakeFiles/grblhal_robot_arm.dir/usb_serial.c.o
 .text.usb_serialWriteS
                0x10018838       0x64 CMakeFiles/grblhal_robot_arm.dir/usb_serial.c.o
 .text.usb_serialInit
                0x1001889c       0x9c CMakeFiles/grblhal_robot_arm.dir/usb_serial.c.o
                0x1001889c                usb_serialInit
 .text.panic    0x10018938       0x30 CMakeFiles/grblhal_robot_arm.dir/pico-sdk/src/rp2_common/pico_platform_panic/panic.c.o
                0x10018938                panic
 .text.first_per_core_initializer
                0x10018968        0x4 CMakeFiles/grblhal_robot_arm.dir/pico-sdk/src/rp2_common/pico_runtime/runtime.c.o
 .text.hard_assertion_failure
                0x1001896c        0xc CMakeFiles/grblhal_robot_arm.dir/pico-sdk/src/rp2_common/pico_runtime/runtime.c.o
                0x1001896c                hard_assertion_failure
 .text.runtime_run_initializers
                0x10018978       0x20 CMakeFiles/grblhal_robot_arm.dir/pico-sdk/src/rp2_common/pico_runtime/runtime.c.o
                0x10018978                runtime_run_initializers
 .text.runtime_init_early_resets
                0x10018998       0x34 CMakeFiles/grblhal_robot_arm.dir/pico-sdk/src/rp2_common/pico_runtime_init/runtime_init.c.o
                0x10018998                runtime_init_early_resets
 .text.runtime_init_usb_power_down
                0x100189cc       0x1c CMakeFiles/grblhal_robot_arm.dir/pico-sdk/src/rp2_common/pico_runtime_init/runtime_init.c.o
                0x100189cc                runtime_init_usb_power_down
 .text.runtime_init_per_core_enable_coprocessors
                0x100189e8       0x1c CMakeFiles/grblhal_robot_arm.dir/pico-sdk/src/rp2_common/pico_runtime_init/runtime_init.c.o
                0x100189e8                runtime_init_per_core_enable_coprocessors
 .text.runtime_init_post_clock_resets
                0x10018a04       0x20 CMakeFiles/grblhal_robot_arm.dir/pico-sdk/src/rp2_common/pico_runtime_init/runtime_init.c.o
                0x10018a04                runtime_init_post_clock_resets
 .text.runtime_init_bootrom_reset
                0x10018a24       0x14 CMakeFiles/grblhal_robot_arm.dir/pico-sdk/src/rp2_common/pico_runtime_init/runtime_init.c.o
                0x10018a24                runtime_init_bootrom_reset
 .text.runtime_init_per_core_bootrom_reset
                0x10018a38       0x14 CMakeFiles/grblhal_robot_arm.dir/pico-sdk/src/rp2_common/pico_runtime_init/runtime_init.c.o
                0x10018a38                runtime_init_per_core_bootrom_reset
 .text.runtime_init_spin_locks_reset
                0x10018a4c        0x4 CMakeFiles/grblhal_robot_arm.dir/pico-sdk/src/rp2_common/pico_runtime_init/runtime_init.c.o
                0x10018a4c                runtime_init_spin_locks_reset
 .text.runtime_init_install_ram_vector_table
                0x10018a50       0x4c CMakeFiles/grblhal_robot_arm.dir/pico-sdk/src/rp2_common/pico_runtime_init/runtime_init.c.o
                0x10018a50                runtime_init_install_ram_vector_table
 .text.runtime_init_clocks
                0x10018a9c       0xdc CMakeFiles/grblhal_robot_arm.dir/pico-sdk/src/rp2_common/pico_runtime_init/runtime_init_clocks.c.o
                0x10018a9c                runtime_init_clocks
 .text.clock_configure_internal
                0x10018b78       0xcc CMakeFiles/grblhal_robot_arm.dir/pico-sdk/src/rp2_common/hardware_clocks/clocks.c.o
 .text.clock_configure_undivided
                0x10018c44       0x14 CMakeFiles/grblhal_robot_arm.dir/pico-sdk/src/rp2_common/hardware_clocks/clocks.c.o
                0x10018c44                clock_configure_undivided
 .text.clock_get_hz
                0x10018c58        0xc CMakeFiles/grblhal_robot_arm.dir/pico-sdk/src/rp2_common/hardware_clocks/clocks.c.o
                0x10018c58                clock_get_hz
 .text.hw_claim_lock
                0x10018c64       0x24 CMakeFiles/grblhal_robot_arm.dir/pico-sdk/src/common/hardware_claim/claim.c.o
                0x10018c64                hw_claim_lock
 .text.hw_claim_unlock
                0x10018c88       0x14 CMakeFiles/grblhal_robot_arm.dir/pico-sdk/src/common/hardware_claim/claim.c.o
                0x10018c88                hw_claim_unlock
 .text.hw_claim_or_assert
                0x10018c9c       0x58 CMakeFiles/grblhal_robot_arm.dir/pico-sdk/src/common/hardware_claim/claim.c.o
                0x10018c9c                hw_claim_or_assert
 .text.hw_claim_unused_from_range
                0x10018cf4       0x80 CMakeFiles/grblhal_robot_arm.dir/pico-sdk/src/common/hardware_claim/claim.c.o
                0x10018cf4                hw_claim_unused_from_range
 .text.next_striped_spin_lock_num
                0x10018d74       0x18 CMakeFiles/grblhal_robot_arm.dir/pico-sdk/src/rp2_common/hardware_sync/sync.c.o
                0x10018d74                next_striped_spin_lock_num
 .text.spin_lock_claim_unused
                0x10018d8c       0x20 CMakeFiles/grblhal_robot_arm.dir/pico-sdk/src/rp2_common/hardware_sync/sync.c.o
                0x10018d8c                spin_lock_claim_unused
 .text.spinlock_set_extexclall
                0x10018dac       0x10 CMakeFiles/grblhal_robot_arm.dir/pico-sdk/src/rp2_common/hardware_sync_spin_lock/sync_spin_lock.c.o
 .text.spin_locks_reset
                0x10018dbc       0x18 CMakeFiles/grblhal_robot_arm.dir/pico-sdk/src/rp2_common/hardware_sync_spin_lock/sync_spin_lock.c.o
                0x10018dbc                spin_locks_reset
 .text.gpio_default_irq_handler
                0x10018dd4       0x8c CMakeFiles/grblhal_robot_arm.dir/pico-sdk/src/rp2_common/hardware_gpio/gpio.c.o
 .text.gpio_set_function
                0x10018e60       0x3c CMakeFiles/grblhal_robot_arm.dir/pico-sdk/src/rp2_common/hardware_gpio/gpio.c.o
                0x10018e60                gpio_set_function
 .text.gpio_get_function
                0x10018e9c       0x14 CMakeFiles/grblhal_robot_arm.dir/pico-sdk/src/rp2_common/hardware_gpio/gpio.c.o
                0x10018e9c                gpio_get_function
 .text.gpio_set_pulls
                0x10018eb0       0x28 CMakeFiles/grblhal_robot_arm.dir/pico-sdk/src/rp2_common/hardware_gpio/gpio.c.o
                0x10018eb0                gpio_set_pulls
 .text.gpio_set_inover
                0x10018ed8       0x20 CMakeFiles/grblhal_robot_arm.dir/pico-sdk/src/rp2_common/hardware_gpio/gpio.c.o
                0x10018ed8                gpio_set_inover
 .text.gpio_set_outover
                0x10018ef8       0x20 CMakeFiles/grblhal_robot_arm.dir/pico-sdk/src/rp2_common/hardware_gpio/gpio.c.o
                0x10018ef8                gpio_set_outover
 .text.gpio_set_irq_enabled
                0x10018f18       0x48 CMakeFiles/grblhal_robot_arm.dir/pico-sdk/src/rp2_common/hardware_gpio/gpio.c.o
                0x10018f18                gpio_set_irq_enabled