Archive member included to satisfy reference by file (symbol)

/Applications/ArmGNUToolchain/14.3.rel1/arm-none-eabi/bin/../lib/gcc/arm-none-eabi/14.3.1/../../../../arm-none-eabi/lib/thumb/v8-m.main+fp/softfp/libm.a(libm_a-wf_sqrt.o)
                              CMakeFiles/grblhal_robot_arm.dir/GRBL/gcode.c.o (sqrtf)
/Applications/ArmGNUToolchain/14.3.rel1/arm-none-eabi/bin/../lib/gcc/arm-none-eabi/14.3.1/../../../../arm-none-eabi/lib/thumb/v8-m.main+fp/softfp/libm.a(libm_a-ef_sqrt.o)
                              /Applications/ArmGNUToolchain/14.3.rel1/arm-none-eabi/bin/../lib/gcc/arm-none-eabi/14.3.1/../../../../arm-none-eabi/lib/thumb/v8-m.main+fp/softfp/libm.a(libm_a-wf_sqrt.o) (__ieee754_sqrtf)
/Applications/ArmGNUToolchain/14.3.rel1/arm-none-eabi/bin/../lib/gcc/arm-none-eabi/14.3.1/../../../../arm-none-eabi/lib/thumb/v8-m.main+fp/softfp/libm.a(libm_a-sf_lround.o)
                              CMakeFiles/grblhal_robot_arm.dir/GRBL/motion_control.c.o (lroundf)
/Applications/ArmGNUToolchain/14.3.rel1/arm-none-eabi/bin/../lib/gcc/arm-none-eabi/14.3.1/thumb/v8-m.main+fp/softfp/libgcc.a(_arm_addsubdf3.o)
                              CMakeFiles/grblhal_robot_arm.dir/GRBL/motion_control.c.o (__aeabi_f2d)
/Applications/ArmGNUToolchain/14.3.rel1/arm-none-eabi/bin/../lib/gcc/arm-none-eabi/14.3.1/thumb/v8-m.main+fp/softfp/libgcc.a(_aeabi_ldivmod.o)
                              CMakeFiles/grblhal_robot_arm.dir/pico-sdk/src/common/pico_time/time.c.o (__aeabi_ldivmod)
/Applications/ArmGNUToolchain/14.3.rel1/arm-none-eabi/bin/../lib/gcc/arm-none-eabi/14.3.1/thumb/v8-m.main+fp/softfp/libgcc.a(_aeabi_uldivmod.o)
                              CMakeFiles/grblhal_robot_arm.dir/GRBL/stepper2.c.o (__aeabi_uldivmod)
/Applications/ArmGNUToolchain/14.3.rel1/arm-none-eabi/bin/../lib/gcc/arm-none-eabi/14.3.1/thumb/v8-m.main+fp/softfp/libgcc.a(_udivmoddi4.o)
                              /Applications/ArmGNUToolchain/14.3.rel1/arm-none-eabi/bin/../lib/gcc/arm-none-eabi/14.3.1/thumb/v8-m.main+fp/softfp/libgcc.a(_aeabi_ldivmod.o) (__udivmoddi4)
/Applications/ArmGNUToolchain/14.3.rel1/arm-none-eabi/bin/../lib/gcc/arm-none-eabi/14.3.1/thumb/v8-m.main+fp/softfp/libgcc.a(_dvmd_tls.o)
                              /Applications/ArmGNUToolchain/14.3.rel1/arm-none-eabi/bin/../lib/gcc/arm-none-eabi/14.3.1/thumb/v8-m.main+fp/softfp/libgcc.a(_aeabi_ldivmod.o) (__aeabi_ldiv0)
/Applications/ArmGNUToolchain/14.3.rel1/arm-none-eabi/bin/../lib/gcc/arm-none-eabi/14.3.1/../../../../arm-none-eabi/lib/thumb/v8-m.main+fp/softfp/libg.a(libc_a-atoi.o)
                              CMakeFiles/grblhal_robot_arm.dir/GRBL/strutils.c.o (atoi)
/Applications/ArmGNUToolchain/14.3.rel1/arm-none-eabi/bin/../lib/gcc/arm-none-eabi/14.3.1/../../../../arm-none-eabi/lib/thumb/v8-m.main+fp/softfp/libg.a(libc_a-calloc.o)
                              CMakeFiles/grblhal_robot_arm.dir/pico-sdk/src/rp2_common/pico_malloc/malloc.c.o (calloc)
/Applications/ArmGNUToolchain/14.3.rel1/arm-none-eabi/bin/../lib/gcc/arm-none-eabi/14.3.1/../../../../arm-none-eabi/lib/thumb/v8-m.main+fp/softfp/libg.a(libc_a-callocr.o)
                              /Applications/ArmGNUToolchain/14.3.rel1/arm-none-eabi/bin/../lib/gcc/arm-none-eabi/14.3.1/../../../../arm-none-eabi/lib/thumb/v8-m.main+fp/softfp/libg.a(libc_a-calloc.o) (_calloc_r)
/Applications/ArmGNUToolchain/14.3.rel1/arm-none-eabi/bin/../lib/gcc/arm-none-eabi/14.3.1/../../../../arm-none-eabi/lib/thumb/v8-m.main+fp/softfp/libg.a(libc_a-qsort.o)
                              CMakeFiles/grblhal_robot_arm.dir/GRBL/report.c.o (qsort)
/Applications/ArmGNUToolchain/14.3.rel1/arm-none-eabi/bin/../lib/gcc/arm-none-eabi/14.3.1/../../../../arm-none-eabi/lib/thumb/v8-m.main+fp/softfp/libg.a(libc_a-malloc.o)
                              CMakeFiles/grblhal_robot_arm.dir/pico-sdk/src/rp2_common/pico_malloc/malloc.c.o (malloc)
/Applications/ArmGNUToolchain/14.3.rel1/arm-none-eabi/bin/../lib/gcc/arm-none-eabi/14.3.1/../../../../arm-none-eabi/lib/thumb/v8-m.main+fp/softfp/libg.a(libc_a-mallocr.o)
                              /Applications/ArmGNUToolchain/14.3.rel1/arm-none-eabi/bin/../lib/gcc/arm-none-eabi/14.3.1/../../../../arm-none-eabi/lib/thumb/v8-m.main+fp/softfp/libg.a(libc_a-callocr.o) (_malloc_r)
/Applications/ArmGNUToolchain/14.3.rel1/arm-none-eabi/bin/../lib/gcc/arm-none-eabi/14.3.1/../../../../arm-none-eabi/lib/thumb/v8-m.main+fp/softfp/libg.a(libc_a-mlock.o)
                              /Applications/ArmGNUToolchain/14.3.rel1/arm-none-eabi/bin/../lib/gcc/arm-none-eabi/14.3.1/../../../../arm-none-eabi/lib/thumb/v8-m.main+fp/softfp/libg.a(libc_a-mallocr.o) (__malloc_lock)
/Applications/ArmGNUToolchain/14.3.rel1/arm-none-eabi/bin/../lib/gcc/arm-none-eabi/14.3.1/../../../../arm-none-eabi/lib/thumb/v8-m.main+fp/softfp/libg.a(libc_a-realloc.o)
                              CMakeFiles/grblhal_robot_arm.dir/pico-sdk/src/rp2_common/pico_malloc/malloc.c.o (realloc)
[...]
Memory Configuration

Name             Origin             Length             Attributes
FLASH            0x10000000         0x00400000         xr
RAM              0x20000000         0x00080000         xrw
SCRATCH_X        0x20080000         0x00001000         xrw
SCRATCH_Y        0x20081000         0x00001000         xrw
*default*        0x00000000         0xffffffff

Linker script and memory map

LOAD /Applications/ArmGNUToolchain/14.3.rel1/arm-none-eabi/bin/../lib/gcc/arm-none-eabi/14.3.1/thumb/v8-m.main+fp/softfp/crti.o
LOAD /Applications/ArmGNUToolchain/14.3.rel1/arm-none-eabi/bin/../lib/gcc/arm-none-eabi/14.3.1/thumb/v8-m.main+fp/softfp/crtbegin.o
LOAD /Applications/ArmGNUToolchain/14.3.rel1/arm-none-eabi/bin/../lib/gcc/arm-none-eabi/14.3.1/../../../../arm-none-eabi/lib/thumb/v8-m.main+fp/softfp/crt0.o

.flash_begin    0x10000000        0x0
                0x10000000                        __flash_binary_start = .

.text           0x10000000    0x1f850
                0x10000000                        __logical_binary_start = .
 *(.vectors)
 .vectors       0x10000000      0x124 CMakeFiles/grblhal_robot_arm.dir/pico-sdk/src/rp2_common/pico_crt0/crt0.S.o
                0x10000000                __VECTOR_TABLE
                0x10000000                __vectors
                0x10000110                __unhandled_user_irq
                0x10000110                isr_irq49
                0x10000110                isr_irq13
                0x10000110                isr_irq43
                0x10000110                isr_irq45
                0x10000110                isr_irq27
                0x10000110                isr_irq32
                0x10000110                isr_irq31
                0x10000110                isr_irq5
                0x10000110                isr_irq11
                0x10000110                isr_irq23
                0x10000110                isr_usagefault
                0x10000110                isr_irq48
                0x10000110                isr_irq35
                0x10000110                isr_irq18
                0x10000110                isr_irq50
                0x10000110                isr_irq9
                0x10000110                isr_irq30
                0x10000110                isr_irq44
                0x10000110                isr_irq29
                0x10000110                isr_irq26
                0x10000110                isr_irq33
                0x10000110                isr_irq3
                0x10000110                isr_irq12
                0x10000110                isr_securefault
                0x10000110                isr_irq40
                0x10000110                isr_irq28
                0x10000110                isr_irq19
                0x10000110                isr_irq36
                0x10000110                isr_irq41
                0x10000110                isr_irq0
                0x10000110                isr_irq6
                0x10000110                isr_memmanage
                0x10000110                isr_irq37
                0x10000110                isr_irq42
                0x10000110                isr_irq22
                0x10000110                isr_irq17
                0x10000110                isr_irq38
                0x10000110                isr_irq14
                0x10000110                __vectors_end
                0x10000110                __default_isrs_start
                0x10000110                isr_irq2
                0x10000110                isr_irq10
                0x10000110                isr_irq8
                0x10000110                isr_debugmonitor
                0x10000110                isr_irq24
                0x10000110                isr_irq46
                0x10000110                isr_irq1
                0x10000110                isr_irq47
                0x10000110                isr_irq51
                0x10000110                isr_irq7
                0x10000110                isr_irq21
                0x10000110                isr_irq39
                0x10000110                isr_irq20
                0x10000110                isr_irq15
                0x10000110                isr_irq25
                0x10000110                isr_irq34
                0x10000110                isr_irq4
                0x10000110                isr_busfault
                0x10000110                isr_irq16
                0x10000116                unhandled_user_irq_num_in_r0
                0x10000118                isr_invalid
                0x1000011a                isr_nmi
                0x1000011c                isr_hardfault
                0x1000011e                isr_svcall
                0x10000120                isr_pendsv
                0x10000124                __default_isrs_end
 *(.binary_info_header)
 .binary_info_header
                0x10000124       0x14 CMakeFiles/grblhal_robot_arm.dir/pico-sdk/src/rp2_common/pico_crt0/crt0.S.o
                0x10000138                        __binary_info_header_end = .
 *(.embedded_block)
 .embedded_block
                0x10000138       0x14 CMakeFiles/grblhal_robot_arm.dir/pico-sdk/src/rp2_common/pico_crt0/crt0.S.o
                0x1000014c                        __embedded_block_end = .
 *(.reset)
 .reset         0x1000014c       0x98 CMakeFiles/grblhal_robot_arm.dir/pico-sdk/src/rp2_common/pico_crt0/crt0.S.o
                0x1000014c                _entry_point
 *(.init)
 .init          0x100001e4        0x4 /Applications/ArmGNUToolchain/14.3.rel1/arm-none-eabi/bin/../lib/gcc/arm-none-eabi/14.3.1/thumb/v8-m.main+fp/softfp/crti.o
                0x100001e4                _init
 SORT_BY_NAME(REVERSE(*libgcc.a:cmse_nonsecure_call.o))()
 *(EXCLUDE_FILE(*libm.a: *libc.a:*lib_a-mem*.o *libgcc.a:) .text*)
 .text.register_tm_clones
                0x100001e8       0x28 /Applications/ArmGNUToolchain/14.3.rel1/arm-none-eabi/bin/../lib/gcc/arm-none-eabi/14.3.1/thumb/v8-m.main+fp/softfp/crtbegin.o
 .text.frame_dummy
                0x10000210       0x24 /Applications/ArmGNUToolchain/14.3.rel1/arm-none-eabi/bin/../lib/gcc/arm-none-eabi/14.3.1/thumb/v8-m.main+fp/softfp/crtbegin.o
 .text.startup.main
                0x10000234        0xc CMakeFiles/grblhal_robot_arm.dir/main.c.o
                0x10000234                main
 .text.dummy_bool_handler
                0x10000240        0x4 CMakeFiles/grblhal_robot_arm.dir/GRBL/grbllib.c.o
                0x10000240                dummy_bool_handler
 .text.dummy_irq_claim
                0x10000244        0x4 CMakeFiles/grblhal_robot_arm.dir/GRBL/grbllib.c.o
 .text.get_homing_status
                0x10000248       0x20 CMakeFiles/grblhal_robot_arm.dir/GRBL/grbllib.c.o
 .text.output_welcome_message
                0x10000268       0x14 CMakeFiles/grblhal_robot_arm.dir/GRBL/grbllib.c.o
 .text.settings_changed
                0x1000027c       0x28 CMakeFiles/grblhal_robot_arm.dir/GRBL/grbllib.c.o
 .text.atc_get_state
                0x100002a4       0x10 CMakeFiles/grblhal_robot_arm.dir/GRBL/grbllib.c.o
 .text.task_execute
                0x100002b4      0x100 CMakeFiles/grblhal_robot_arm.dir/GRBL/grbllib.c.o
 .text.reset_handler
                0x100003b4       0x14 CMakeFiles/grblhal_robot_arm.dir/GRBL/grbllib.c.o
                0x100003b4                reset_handler
 .text.get_homing_status2
                0x100003c8       0x44 CMakeFiles/grblhal_robot_arm.dir/GRBL/grbllib.c.o
 .text.report_driver_error
                0x1000040c       0x64 CMakeFiles/grblhal_robot_arm.dir/GRBL/grbllib.c.o
 .text.onProbeToolsetter
                0x10000470       0x24 CMakeFiles/grblhal_robot_arm.dir/GRBL/grbllib.c.o
 .text.tool_changed
                0x10000494       0x24 CMakeFiles/grblhal_robot_arm.dir/GRBL/grbllib.c.o
 .text.task_add_delayed
                0x100004b8       0x98 CMakeFiles/grblhal_robot_arm.dir/GRBL/grbllib.c.o
                0x100004b8                task_add_delayed
 .text.auto_realtime_report
                0x10000550       0x4c CMakeFiles/grblhal_robot_arm.dir/GRBL/grbllib.c.o
 .text.realtime_report_check
                0x1000059c       0x28 CMakeFiles/grblhal_robot_arm.dir/GRBL/grbllib.c.o
 .text.task_delete
                0x100005c4       0x58 CMakeFiles/grblhal_robot_arm.dir/GRBL/grbllib.c.o
                0x100005c4                task_delete
 .text.onLinestateChanged
                0x1000061c       0x3c CMakeFiles/grblhal_robot_arm.dir/GRBL/grbllib.c.o
 .text.task_add_immediate
                0x10000658       0x70 CMakeFiles/grblhal_robot_arm.dir/GRBL/grbllib.c.o
                0x10000658                task_add_immediate
 .text.task_run_on_startup
                0x100006c8       0x9c CMakeFiles/grblhal_robot_arm.dir/GRBL/grbllib.c.o
                0x100006c8                task_run_on_startup
 .text.grbl_enter
                0x10000764      0x4d8 CMakeFiles/grblhal_robot_arm.dir/GRBL/grbllib.c.o
                0x10000764                grbl_enter
 .text.task_execute_on_startup
                0x10000c3c       0x48 CMakeFiles/grblhal_robot_arm.dir/GRBL/grbllib.c.o
                0x10000c3c                task_execute_on_startup
 .text.init_sync_motion
                0x10000c84       0xb0 CMakeFiles/grblhal_robot_arm.dir/GRBL/gcode.c.o
 .text.add_offset
                0x10000d34       0x30 CMakeFiles/grblhal_robot_arm.dir/GRBL/gcode.c.o
 .text.tool_get_pending
                0x10000d64       0x38 CMakeFiles/grblhal_robot_arm.dir/GRBL/gcode.c.o
 .text.set_scaling.constprop.0
                0x10000d9c       0x90 CMakeFiles/grblhal_robot_arm.dir/GRBL/gcode.c.o
 .text.gc_coord_system_to_str
                0x10000e2c       0x58 CMakeFiles/grblhal_robot_arm.dir/GRBL/gcode.c.o
                0x10000e2c                gc_coord_system_to_str
 .text.gc_get_scaling
                0x10000e84        0x8 CMakeFiles/grblhal_robot_arm.dir/GRBL/gcode.c.o
                0x10000e84                gc_get_scaling
 .text.gc_get_g51_state
                0x10000e8c       0x30 CMakeFiles/grblhal_robot_arm.dir/GRBL/gcode.c.o
                0x10000e8c                gc_get_g51_state
 .text.gc_get_offset
                0x10000ebc       0x70 CMakeFiles/grblhal_robot_arm.dir/GRBL/gcode.c.o
                0x10000ebc                gc_get_offset
 .text.gc_set_tool_offset
                0x10000f2c       0xbc CMakeFiles/grblhal_robot_arm.dir/GRBL/gcode.c.o
                0x10000f2c                gc_set_tool_offset
 .text.gc_get_plane_data
                0x10000fe8       0x30 CMakeFiles/grblhal_robot_arm.dir/GRBL/gcode.c.o
                0x10000fe8                gc_get_plane_data
 .text.gc_init  0x10001018      0x1c0 CMakeFiles/grblhal_robot_arm.dir/GRBL/gcode.c.o
                0x10001018                gc_init
 .text.gc_spindle_get
                0x100011d8        0x8 CMakeFiles/grblhal_robot_arm.dir/GRBL/gcode.c.o
                0x100011d8                gc_spindle_get
 .text.gc_spindle_off
                0x100011e0       0x20 CMakeFiles/grblhal_robot_arm.dir/GRBL/gcode.c.o
                0x100011e0                gc_spindle_off
 .text.gc_coolant
                0x10001200       0x20 CMakeFiles/grblhal_robot_arm.dir/GRBL/gcode.c.o
                0x10001200                gc_coolant
 .text.gc_clear_output_commands
                0x10001220       0x18 CMakeFiles/grblhal_robot_arm.dir/GRBL/gcode.c.o
                0x10001220                gc_clear_output_commands
 .text.gc_output_message
                0x10001238       0x38 CMakeFiles/grblhal_robot_arm.dir/GRBL/gcode.c.o
                0x10001238                gc_output_message
 .text.gc_get_g65_arguments
                0x10001270        0xc CMakeFiles/grblhal_robot_arm.dir/GRBL/gcode.c.o
                0x10001270                gc_get_g65_arguments
 .text.gc_modal_state_restore
                0x1000127c       0x88 CMakeFiles/grblhal_robot_arm.dir/GRBL/gcode.c.o
                0x1000127c                gc_modal_state_restore
 .text.gc_normalize_block
                0x10001304      0x184 CMakeFiles/grblhal_robot_arm.dir/GRBL/gcode.c.o
                0x10001304                gc_normalize_block
 .text.gc_execute_block
                0x10001488     0x3c08 CMakeFiles/grblhal_robot_arm.dir/GRBL/gcode.c.o
                0x10001488                gc_execute_block
 .text.mc_line  0x10005090       0x80 CMakeFiles/grblhal_robot_arm.dir/GRBL/motion_control.c.o
                0x10005090                mc_line
 .text.mc_arc   0x10005110      0x574 CMakeFiles/grblhal_robot_arm.dir/GRBL/motion_control.c.o
                0x10005110                mc_arc
 .text.mc_cubic_b_spline
                0x10005684      0x2a4 CMakeFiles/grblhal_robot_arm.dir/GRBL/motion_control.c.o
                0x10005684                mc_cubic_b_spline
 .text.mc_canned_drill
                0x10005928      0x224 CMakeFiles/grblhal_robot_arm.dir/GRBL/motion_control.c.o
                0x10005928                mc_canned_drill
 .text.mc_thread
                0x10005b4c      0x2e4 CMakeFiles/grblhal_robot_arm.dir/GRBL/motion_control.c.o
                0x10005b4c                mc_thread
 .text.mc_jog_execute
                0x10005e30       0x98 CMakeFiles/grblhal_robot_arm.dir/GRBL/motion_control.c.o
                0x10005e30                mc_jog_execute
 .text.mc_dwell
                0x10005ec8       0x20 CMakeFiles/grblhal_robot_arm.dir/GRBL/motion_control.c.o
                0x10005ec8                mc_dwell
 .text.mc_probe_cycle
                0x10005ee8      0x26c CMakeFiles/grblhal_robot_arm.dir/GRBL/motion_control.c.o
                0x10005ee8                mc_probe_cycle
 .text.mc_parking_motion
                0x10006154       0x3c CMakeFiles/grblhal_robot_arm.dir/GRBL/motion_control.c.o
                0x10006154                mc_parking_motion
 .text.mc_override_ctrl_update
                0x10006190       0x18 CMakeFiles/grblhal_robot_arm.dir/GRBL/motion_control.c.o
                0x10006190                mc_override_ctrl_update
 .text.mc_reset
                0x100061a8       0xa4 CMakeFiles/grblhal_robot_arm.dir/GRBL/motion_control.c.o
                0x100061a8                mc_reset
 .text.mc_homing_cycle
                0x1000624c      0x290 CMakeFiles/grblhal_robot_arm.dir/GRBL/motion_control.c.o
                0x1000624c                mc_homing_cycle
 .text.planner_recalculate
                0x100064dc      0x134 CMakeFiles/grblhal_robot_arm.dir/GRBL/planner.c.o
 .text.plan_get_buffer_size
                0x10006610        0xc CMakeFiles/grblhal_robot_arm.dir/GRBL/planner.c.o
                0x10006610                plan_get_buffer_size
 .text.plan_reset
                0x1000661c      0x110 CMakeFiles/grblhal_robot_arm.dir/GRBL/planner.c.o
                0x1000661c                plan_reset
 .text.plan_discard_current_block
                0x1000672c       0x40 CMakeFiles/grblhal_robot_arm.dir/GRBL/planner.c.o
                0x1000672c                plan_discard_current_block
 .text.plan_get_system_motion_block
                0x1000676c        0xc CMakeFiles/grblhal_robot_arm.dir/GRBL/planner.c.o
                0x1000676c                plan_get_system_motion_block
 .text.plan_get_current_block
                0x10006778       0x18 CMakeFiles/grblhal_robot_arm.dir/GRBL/planner.c.o
                0x10006778                plan_get_current_block
 .text.plan_get_exec_block_exit_speed_sqr
                0x10006790       0x1c CMakeFiles/grblhal_robot_arm.dir/GRBL/planner.c.o
                0x10006790                plan_get_exec_block_exit_speed_sqr
 .text.plan_check_full_buffer
                0x100067ac       0x1c CMakeFiles/grblhal_robot_arm.dir/GRBL/planner.c.o
                0x100067ac                plan_check_full_buffer
 .text.plan_compute_profile_nominal_speed
                0x100067c8       0x9c CMakeFiles/grblhal_robot_arm.dir/GRBL/planner.c.o
                0x100067c8                plan_compute_profile_nominal_speed
 .text.plan_buffer_line
                0x10006864      0x408 CMakeFiles/grblhal_robot_arm.dir/GRBL/planner.c.o
                0x10006864                plan_buffer_line
 .text.plan_sync_position
                0x10006c6c       0x14 CMakeFiles/grblhal_robot_arm.dir/GRBL/planner.c.o
                0x10006c6c                plan_sync_position
 .text.plan_get_block_buffer_available
                0x10006c80       0x3c CMakeFiles/grblhal_robot_arm.dir/GRBL/planner.c.o
                0x10006c80                plan_get_block_buffer_available
 .text.plan_cycle_reinitialize
                0x10006cbc       0x30 CMakeFiles/grblhal_robot_arm.dir/GRBL/planner.c.o
                0x10006cbc                plan_cycle_reinitialize
 .text.plan_feed_override
                0x10006cec      0x12c CMakeFiles/grblhal_robot_arm.dir/GRBL/planner.c.o
                0x10006cec                plan_feed_override
 .text.plan_data_init
                0x10006e18       0x44 CMakeFiles/grblhal_robot_arm.dir/GRBL/planner.c.o
                0x10006e18                plan_data_init
 .text.st_deenergize
                0x10006e5c       0x2c CMakeFiles/grblhal_robot_arm.dir/GRBL/stepper.c.o
                0x10006e5c                st_deenergize
 .text.st_wake_up
                0x10006e88       0x48 CMakeFiles/grblhal_robot_arm.dir/GRBL/stepper.c.o
                0x10006e88                st_wake_up
 .text.st_go_idle
                0x10006ed0       0x98 CMakeFiles/grblhal_robot_arm.dir/GRBL/stepper.c.o
                0x10006ed0                st_go_idle
 .text.st_is_stepping
                0x10006f68       0x1c CMakeFiles/grblhal_robot_arm.dir/GRBL/stepper.c.o
                0x10006f68                st_is_stepping
 .text.stepper_driver_interrupt_handler
                0x10006f84      0x268 CMakeFiles/grblhal_robot_arm.dir/GRBL/stepper.c.o
                0x10006f84                stepper_driver_interrupt_handler
 .text.st_reset
                0x100071ec       0xec CMakeFiles/grblhal_robot_arm.dir/GRBL/stepper.c.o
                0x100071ec                st_reset
 .text.st_rpm_changed
                0x100072d8        0xc CMakeFiles/grblhal_robot_arm.dir/GRBL/stepper.c.o
                0x100072d8                st_rpm_changed
 .text.st_update_plan_block_parameters
                0x100072e4       0xa8 CMakeFiles/grblhal_robot_arm.dir/GRBL/stepper.c.o
                0x100072e4                st_update_plan_block_parameters
 .text.st_parking_setup_buffer
                0x1000738c       0x7c CMakeFiles/grblhal_robot_arm.dir/GRBL/stepper.c.o
                0x1000738c                st_parking_setup_buffer
 .text.st_parking_restore_buffer
                0x10007408       0x88 CMakeFiles/grblhal_robot_arm.dir/GRBL/stepper.c.o
                0x10007408                st_parking_restore_buffer
 .text.st_prep_buffer
                0x10007490      0xa14 CMakeFiles/grblhal_robot_arm.dir/GRBL/stepper.c.o
                0x10007490                st_prep_buffer
 .text.st_get_realtime_rate
                0x10007ea4       0x18 CMakeFiles/grblhal_robot_arm.dir/GRBL/stepper.c.o
                0x10007ea4                st_get_realtime_rate
 .text.st_get_offset_id
                0x10007ebc       0x34 CMakeFiles/grblhal_robot_arm.dir/GRBL/stepper.c.o
                0x10007ebc                st_get_offset_id
 .text.protocol_poll_cmd
                0x10007ef0       0xd8 CMakeFiles/grblhal_robot_arm.dir/GRBL/protocol.c.o
 .text.protocol_enqueue_gcode
                0x10007fc8       0x64 CMakeFiles/grblhal_robot_arm.dir/GRBL/protocol.c.o
                0x10007fc8                protocol_enqueue_gcode
 .text.protocol_auto_cycle_start
                0x1000802c       0x30 CMakeFiles/grblhal_robot_arm.dir/GRBL/protocol.c.o
                0x1000802c                protocol_auto_cycle_start
 .text.protocol_exec_rt_system
                0x1000805c      0x5b0 CMakeFiles/grblhal_robot_arm.dir/GRBL/protocol.c.o
                0x1000805c                protocol_exec_rt_system
 .text.protocol_execute_realtime
                0x1000860c       0xe4 CMakeFiles/grblhal_robot_arm.dir/GRBL/protocol.c.o
                0x1000860c                protocol_execute_realtime
 .text.protocol_main_loop
                0x100086f0      0x5b8 CMakeFiles/grblhal_robot_arm.dir/GRBL/protocol.c.o
                0x100086f0                protocol_main_loop
 .text.protocol_buffer_synchronize
                0x10008ca8       0x4c CMakeFiles/grblhal_robot_arm.dir/GRBL/protocol.c.o
                0x10008ca8                protocol_buffer_synchronize
 .text.protocol_enqueue_realtime_command
                0x10008cf4      0x40c CMakeFiles/grblhal_robot_arm.dir/GRBL/protocol.c.o
                0x10008cf4                protocol_enqueue_realtime_command
 .text.group_is_available
                0x10009100        0x4 CMakeFiles/grblhal_robot_arm.dir/GRBL/settings.c.o
 .text.set_pulse_width
                0x10009104       0x10 CMakeFiles/grblhal_robot_arm.dir/GRBL/settings.c.o
 .text.set_probe_invert
                0x10009114       0x60 CMakeFiles/grblhal_robot_arm.dir/GRBL/settings.c.o
 .text.set_ganged_dir_invert
                0x10009174       0x2c CMakeFiles/grblhal_robot_arm.dir/GRBL/settings.c.o
 .text.set_stepper_energize_mask
                0x100091a0       0x24 CMakeFiles/grblhal_robot_arm.dir/GRBL/settings.c.o
 .text.set_report_interval
                0x100091c4       0x20 CMakeFiles/grblhal_robot_arm.dir/GRBL/settings.c.o
 .text.set_report_mask
                0x100091e4       0x10 CMakeFiles/grblhal_robot_arm.dir/GRBL/settings.c.o
 .text.set_pwm_mode
                0x100091f4       0x1c CMakeFiles/grblhal_robot_arm.dir/GRBL/settings.c.o
 .text.set_pwm_options
                0x10009210       0x48 CMakeFiles/grblhal_robot_arm.dir/GRBL/settings.c.o
 .text.get_spindle_ref_id
                0x10009258       0x18 CMakeFiles/grblhal_robot_arm.dir/GRBL/settings.c.o
 .text.set_control_disable_pullup
                0x10009270       0x20 CMakeFiles/grblhal_robot_arm.dir/GRBL/settings.c.o
 .text.set_probe_disable_pullup
                0x10009290       0x40 CMakeFiles/grblhal_robot_arm.dir/GRBL/settings.c.o
 .text.tmp_set_soft_limits
                0x100092d0       0x5c CMakeFiles/grblhal_robot_arm.dir/GRBL/settings.c.o
 .text.set_estop_unlock
                0x1000932c       0x30 CMakeFiles/grblhal_robot_arm.dir/GRBL/settings.c.o
 .text.set_persistent_tool
                0x1000935c       0x1c CMakeFiles/grblhal_robot_arm.dir/GRBL/settings.c.o
 .text.set_hard_limits_enable
                0x10009378       0x64 CMakeFiles/grblhal_robot_arm.dir/GRBL/settings.c.o
 .text.set_jog_soft_limited
                0x100093dc       0x2c CMakeFiles/grblhal_robot_arm.dir/GRBL/settings.c.o
 .text.set_enable_legacy_rt_commands
                0x10009408       0x1c CMakeFiles/grblhal_robot_arm.dir/GRBL/settings.c.o
 .text.set_parking_enable
                0x10009424       0x18 CMakeFiles/grblhal_robot_arm.dir/GRBL/settings.c.o
 .text.set_restore_overrides
                0x1000943c       0x1c CMakeFiles/grblhal_robot_arm.dir/GRBL/settings.c.o
 .text.set_homing_feedrates
                0x10009458       0x40 CMakeFiles/grblhal_robot_arm.dir/GRBL/settings.c.o
 .text.set_sleep_enable
                0x10009498       0x1c CMakeFiles/grblhal_robot_arm.dir/GRBL/settings.c.o
 .text.set_hold_actions
                0x100094b4       0x2c CMakeFiles/grblhal_robot_arm.dir/GRBL/settings.c.o
 .text.set_reset_actions
                0x100094e0       0x34 CMakeFiles/grblhal_robot_arm.dir/GRBL/settings.c.o
 .text.set_g92_disable_persistence
                0x10009514       0x1c CMakeFiles/grblhal_robot_arm.dir/GRBL/settings.c.o
 .text.set_force_initialization_alarm
                0x10009530       0x1c CMakeFiles/grblhal_robot_arm.dir/GRBL/settings.c.o
 .text.set_probe_flags
                0x1000954c       0x88 CMakeFiles/grblhal_robot_arm.dir/GRBL/settings.c.o
 .text.set_tool_change_probing_distance
                0x100095d4       0x1c CMakeFiles/grblhal_robot_arm.dir/GRBL/settings.c.o
 .text.set_toolchange_flags
                0x100095f0       0x48 CMakeFiles/grblhal_robot_arm.dir/GRBL/settings.c.o
 .text.set_float
                0x10009638       0x8c CMakeFiles/grblhal_robot_arm.dir/GRBL/settings.c.o
 .text.settings_get_tool_data
                0x100096c4        0xc CMakeFiles/grblhal_robot_arm.dir/GRBL/settings.c.o
 .text.settings_get_tool_pocket
                0x100096d0        0x4 CMakeFiles/grblhal_robot_arm.dir/GRBL/settings.c.o
 .text.set_encoder_spindle
                0x100096d4       0x38 CMakeFiles/grblhal_robot_arm.dir/GRBL/settings.c.o
 .text.set_default_spindle
                0x1000970c       0x40 CMakeFiles/grblhal_robot_arm.dir/GRBL/settings.c.o
 .text.set_tool_change_mode
                0x1000974c       0x34 CMakeFiles/grblhal_robot_arm.dir/GRBL/settings.c.o
 .text.set_homing_cycle
                0x10009780       0x18 CMakeFiles/grblhal_robot_arm.dir/GRBL/settings.c.o
 .text.set_mode
                0x10009798       0x48 CMakeFiles/grblhal_robot_arm.dir/GRBL/settings.c.o
 .text.set_spindle_invert
                0x100097e0       0x34 CMakeFiles/grblhal_robot_arm.dir/GRBL/settings.c.o
 .text.sanity_check
                0x10009814      0x12c CMakeFiles/grblhal_robot_arm.dir/GRBL/settings.c.o
 .text.set_control_invert
                0x10009940       0x24 CMakeFiles/grblhal_robot_arm.dir/GRBL/settings.c.o
 .text.set_report_inches
                0x10009964       0x28 CMakeFiles/grblhal_robot_arm.dir/GRBL/settings.c.o
 .text.is_setting_available
                0x1000998c      0x3c4 CMakeFiles/grblhal_robot_arm.dir/GRBL/settings.c.o
 .text.get_int  0x10009d50      0x320 CMakeFiles/grblhal_robot_arm.dir/GRBL/settings.c.o
 .text.settings_clear_tool_data
                0x1000a070       0x18 CMakeFiles/grblhal_robot_arm.dir/GRBL/settings.c.o
 .text.validate_value
                0x1000a088       0x8c CMakeFiles/grblhal_robot_arm.dir/GRBL/settings.c.o
 .text.settings_changed_spindle
                0x1000a114       0x60 CMakeFiles/grblhal_robot_arm.dir/GRBL/settings.c.o
 .text.onFileDemarcate
                0x1000a174       0x50 CMakeFiles/grblhal_robot_arm.dir/GRBL/settings.c.o
                0x1000a174                onFileDemarcate
 .text.set_axis_setting
                0x1000a1c4      0x2d0 CMakeFiles/grblhal_robot_arm.dir/GRBL/settings.c.o
 .text.settings_write_global
                0x1000a494       0x54 CMakeFiles/grblhal_robot_arm.dir/GRBL/settings.c.o
                0x1000a494                settings_write_global
 .text.settings_set_tool_data
                0x1000a4e8        0x4 CMakeFiles/grblhal_robot_arm.dir/GRBL/settings.c.o
 .text.set_homing_pulloff
                0x1000a4ec       0x24 CMakeFiles/grblhal_robot_arm.dir/GRBL/settings.c.o
 .text.get_float
                0x1000a510      0x274 CMakeFiles/grblhal_robot_arm.dir/GRBL/settings.c.o
 .text.set_homing_enable
                0x1000a784       0xa0 CMakeFiles/grblhal_robot_arm.dir/GRBL/settings.c.o
 .text.set_soft_limits_enable
                0x1000a824       0x7c CMakeFiles/grblhal_robot_arm.dir/GRBL/settings.c.o
 .text.setting_get_value
                0x1000a8a0      0x110 CMakeFiles/grblhal_robot_arm.dir/GRBL/settings.c.o
                0x1000a8a0                setting_get_value
 .text.setting_get_int_value
                0x1000a9b0       0x58 CMakeFiles/grblhal_robot_arm.dir/GRBL/settings.c.o
                0x1000a9b0                setting_get_int_value
 .text.setting_get_float_value
                0x1000aa08       0x38 CMakeFiles/grblhal_robot_arm.dir/GRBL/settings.c.o
                0x1000aa08                setting_get_float_value
 .text.settings_get_details
                0x1000aa40        0x8 CMakeFiles/grblhal_robot_arm.dir/GRBL/settings.c.o
                0x1000aa40                settings_get_details
 .text.settings_write_build_info
                0x1000aa48       0x2c CMakeFiles/grblhal_robot_arm.dir/GRBL/settings.c.o
                0x1000aa48                settings_write_build_info
 .text.settings_write_startup_line
                0x1000aa74       0x30 CMakeFiles/grblhal_robot_arm.dir/GRBL/settings.c.o
                0x1000aa74                settings_write_startup_line
 .text.settings_read_startup_line
                0x1000aaa4       0x50 CMakeFiles/grblhal_robot_arm.dir/GRBL/settings.c.o
                0x1000aaa4                settings_read_startup_line
 .text.settings_write_coord_data
                0x1000aaf4       0x3c CMakeFiles/grblhal_robot_arm.dir/GRBL/settings.c.o
                0x1000aaf4                settings_write_coord_data
 .text.settings_read_coord_data
                0x1000ab30       0x40 CMakeFiles/grblhal_robot_arm.dir/GRBL/settings.c.o
                0x1000ab30                settings_read_coord_data
 .text.read_global_settings
                0x1000ab70       0x50 CMakeFiles/grblhal_robot_arm.dir/GRBL/settings.c.o
                0x1000ab70                read_global_settings
 .text.settings_restore
                0x1000abc0      0x1ac CMakeFiles/grblhal_robot_arm.dir/GRBL/settings.c.o
                0x1000abc0                settings_restore
 .text.settings_read_build_info
                0x1000ad6c       0x2c CMakeFiles/grblhal_robot_arm.dir/GRBL/settings.c.o
                0x1000ad6c                settings_read_build_info
 .text.settings_is_group_available
                0x1000ad98      0x108 CMakeFiles/grblhal_robot_arm.dir/GRBL/settings.c.o
                0x1000ad98                settings_is_group_available
 .text.is_group_available
                0x1000aea0        0x8 CMakeFiles/grblhal_robot_arm.dir/GRBL/settings.c.o
 .text.settings_normalize_group
                0x1000aea8        0xc CMakeFiles/grblhal_robot_arm.dir/GRBL/settings.c.o
                0x1000aea8                settings_normalize_group
 .text.setting_get_details
                0x1000aeb4      0x19c CMakeFiles/grblhal_robot_arm.dir/GRBL/settings.c.o
                0x1000aeb4                setting_get_details
 .text.settings_iterator
                0x1000b050       0x8c CMakeFiles/grblhal_robot_arm.dir/GRBL/settings.c.o
                0x1000b050                settings_iterator
 .text.setting_get_description
                0x1000b0dc       0x70 CMakeFiles/grblhal_robot_arm.dir/GRBL/settings.c.o
                0x1000b0dc                setting_get_description
 .text.setting_datatype_to_external
                0x1000b14c        0xc CMakeFiles/grblhal_robot_arm.dir/GRBL/settings.c.o
                0x1000b14c                setting_datatype_to_external
 .text.setting_is_list
                0x1000b158       0x10 CMakeFiles/grblhal_robot_arm.dir/GRBL/settings.c.o
                0x1000b158                setting_is_list
 .text.setting_is_integer
                0x1000b168       0x18 CMakeFiles/grblhal_robot_arm.dir/GRBL/settings.c.o
                0x1000b168                setting_is_integer
 .text.setting_remove_elements
                0x1000b180       0xcc CMakeFiles/grblhal_robot_arm.dir/GRBL/settings.c.o
                0x1000b180                setting_remove_elements
 .text.setting_validate_me
                0x1000b24c      0x170 CMakeFiles/grblhal_robot_arm.dir/GRBL/settings.c.o
                0x1000b24c                setting_validate_me
 .text.settings_store_setting
                0x1000b3bc      0x184 CMakeFiles/grblhal_robot_arm.dir/GRBL/settings.c.o
                0x1000b3bc                settings_store_setting
 .text.settings_add_spindle_type
                0x1000b540       0x44 CMakeFiles/grblhal_robot_arm.dir/GRBL/settings.c.o
                0x1000b540                settings_add_spindle_type
 .text.settings_clear
                0x1000b584       0x14 CMakeFiles/grblhal_robot_arm.dir/GRBL/settings.c.o
                0x1000b584                settings_clear
 .text.settings_init
                0x1000b598      0x280 CMakeFiles/grblhal_robot_arm.dir/GRBL/settings.c.o
                0x1000b598                settings_init
 .text.toggle_single_block
                0x1000b818       0x48 CMakeFiles/grblhal_robot_arm.dir/GRBL/system.c.o
 .text.toggle_block_delete
                0x1000b860       0x4c CMakeFiles/grblhal_robot_arm.dir/GRBL/system.c.o
 .text.toggle_optional_stop
                0x1000b8ac       0x4c CMakeFiles/grblhal_robot_arm.dir/GRBL/system.c.o
 .text.help_steppers
                0x1000b8f8       0x18 CMakeFiles/grblhal_robot_arm.dir/GRBL/system.c.o
                0x1000b8f8                help_steppers
 .text.help_pins
                0x1000b910       0x18 CMakeFiles/grblhal_robot_arm.dir/GRBL/system.c.o
                0x1000b910                help_pins
 .text.help_pin_state
                0x1000b928        0x4 CMakeFiles/grblhal_robot_arm.dir/GRBL/system.c.o
                0x1000b928                help_pin_state
 .text.help_switches
                0x1000b92c       0x58 CMakeFiles/grblhal_robot_arm.dir/GRBL/system.c.o
                0x1000b92c                help_switches
 .text.help_rst
                0x1000b984       0x5c CMakeFiles/grblhal_robot_arm.dir/GRBL/system.c.o
                0x1000b984                help_rst
 .text.spindle_reset_data
                0x1000b9e0       0x24 CMakeFiles/grblhal_robot_arm.dir/GRBL/system.c.o
 .text.settings_downgrade
                0x1000ba04       0x3c CMakeFiles/grblhal_robot_arm.dir/GRBL/system.c.o
 .text.rtc_action
                0x1000ba40       0x3c CMakeFiles/grblhal_robot_arm.dir/GRBL/system.c.o
 .text.pin_state
                0x1000ba7c        0x4 CMakeFiles/grblhal_robot_arm.dir/GRBL/system.c.o
 .text.enumerate_pins
                0x1000ba80        0x4 CMakeFiles/grblhal_robot_arm.dir/GRBL/system.c.o
 .text.enumerate_alarms_grblformatted
                0x1000ba84        0x8 CMakeFiles/grblhal_robot_arm.dir/GRBL/system.c.o
 .text.enumerate_alarms
                0x1000ba8c        0x8 CMakeFiles/grblhal_robot_arm.dir/GRBL/system.c.o
 .text.enumerate_errors_grblformatted
                0x1000ba94        0x8 CMakeFiles/grblhal_robot_arm.dir/GRBL/system.c.o
 .text.enumerate_errors
                0x1000ba9c        0x8 CMakeFiles/grblhal_robot_arm.dir/GRBL/system.c.o
 .text.enumerate_groups
                0x1000baa4        0x8 CMakeFiles/grblhal_robot_arm.dir/GRBL/system.c.o
 .text.enumerate_all
                0x1000baac       0x28 CMakeFiles/grblhal_robot_arm.dir/GRBL/system.c.o
 .text.enumerate_settings_halformatted
                0x1000bad4        0xc CMakeFiles/grblhal_robot_arm.dir/GRBL/system.c.o
 .text.enumerate_settings_grblformatted
                0x1000bae0        0xc CMakeFiles/grblhal_robot_arm.dir/GRBL/system.c.o
 .text.enumerate_settings
                0x1000baec        0xc CMakeFiles/grblhal_robot_arm.dir/GRBL/system.c.o
 .text.set_startup_line
                0x1000baf8       0x9c CMakeFiles/grblhal_robot_arm.dir/GRBL/system.c.o
 .text.set_startup_line1
                0x1000bb94        0x8 CMakeFiles/grblhal_robot_arm.dir/GRBL/system.c.o
 .text.set_startup_line0
                0x1000bb9c        0x8 CMakeFiles/grblhal_robot_arm.dir/GRBL/system.c.o
 .text.output_startup_lines
                0x1000bba4       0x5c CMakeFiles/grblhal_robot_arm.dir/GRBL/system.c.o
 .text.settings_reset
                0x1000bc00       0x60 CMakeFiles/grblhal_robot_arm.dir/GRBL/system.c.o
 .text.output_all_build_info
                0x1000bc60       0x1c CMakeFiles/grblhal_robot_arm.dir/GRBL/system.c.o
 .text.build_info
                0x1000bc7c       0x44 CMakeFiles/grblhal_robot_arm.dir/GRBL/system.c.o
 .text.tool_probe_workpiece
                0x1000bcc0        0x4 CMakeFiles/grblhal_robot_arm.dir/GRBL/system.c.o
 .text.enumerate_spindles_mr
                0x1000bcc4        0x8 CMakeFiles/grblhal_robot_arm.dir/GRBL/system.c.o
 .text.enumerate_spindles
                0x1000bccc        0x8 CMakeFiles/grblhal_robot_arm.dir/GRBL/system.c.o
 .text.output_help
                0x1000bcd4        0x8 CMakeFiles/grblhal_robot_arm.dir/GRBL/system.c.o
 .text.check_mode
                0x1000bcdc       0x30 CMakeFiles/grblhal_robot_arm.dir/GRBL/system.c.o
 .text.enter_sleep
                0x1000bd0c       0x34 CMakeFiles/grblhal_robot_arm.dir/GRBL/system.c.o
 .text.help_rtc
                0x1000bd40       0x2c CMakeFiles/grblhal_robot_arm.dir/GRBL/system.c.o
                0x1000bd40                help_rtc
 .text.help_homing
                0x1000bd6c       0x3c CMakeFiles/grblhal_robot_arm.dir/GRBL/system.c.o
                0x1000bd6c                help_homing
 .text.jog      0x1000bda8       0x20 CMakeFiles/grblhal_robot_arm.dir/GRBL/system.c.o
 .text.help_spindle
                0x1000bdc8       0x50 CMakeFiles/grblhal_robot_arm.dir/GRBL/system.c.o
                0x1000bdc8                help_spindle
 .text.disable_lock
                0x1000be18       0x94 CMakeFiles/grblhal_robot_arm.dir/GRBL/system.c.o
 .text.system_execute_startup.part.0
                0x1000beac       0x5c CMakeFiles/grblhal_robot_arm.dir/GRBL/system.c.o
 .text.go_home.isra.0
                0x1000bf08       0xf0 CMakeFiles/grblhal_robot_arm.dir/GRBL/system.c.o
 .text.home     0x1000bff8        0x8 CMakeFiles/grblhal_robot_arm.dir/GRBL/system.c.o
 .text.home_x   0x1000c000        0x8 CMakeFiles/grblhal_robot_arm.dir/GRBL/system.c.o
 .text.home_y   0x1000c008        0x8 CMakeFiles/grblhal_robot_arm.dir/GRBL/system.c.o
 .text.home_z   0x1000c010        0x8 CMakeFiles/grblhal_robot_arm.dir/GRBL/system.c.o
 .text.output_setting_description
                0x1000c018       0x5c CMakeFiles/grblhal_robot_arm.dir/GRBL/system.c.o
 .text.output_all_settings
                0x1000c074       0x6c CMakeFiles/grblhal_robot_arm.dir/GRBL/system.c.o
 .text.output_ngc_parameters
                0x1000c0e0       0x5c CMakeFiles/grblhal_robot_arm.dir/GRBL/system.c.o
 .text.output_parser_state
                0x1000c13c       0x28 CMakeFiles/grblhal_robot_arm.dir/GRBL/system.c.o
 .text.output_settings
                0x1000c164       0x6c CMakeFiles/grblhal_robot_arm.dir/GRBL/system.c.o
 .text.set_tool_reference
                0x1000c1d0       0x5c CMakeFiles/grblhal_robot_arm.dir/GRBL/system.c.o
 .text.system_init_switches
                0x1000c22c       0x34 CMakeFiles/grblhal_robot_arm.dir/GRBL/system.c.o
                0x1000c22c                system_init_switches
 .text.control_interrupt_handler
                0x1000c260      0x1ac CMakeFiles/grblhal_robot_arm.dir/GRBL/system.c.o
                0x1000c260                control_interrupt_handler
 .text.system_execute_startup
                0x1000c40c       0x14 CMakeFiles/grblhal_robot_arm.dir/GRBL/system.c.o
                0x1000c40c                system_execute_startup
 .text.system_register_commands
                0x1000c420       0x10 CMakeFiles/grblhal_robot_arm.dir/GRBL/system.c.o
                0x1000c420                system_register_commands
 .text._system_output_help
                0x1000c430       0xac CMakeFiles/grblhal_robot_arm.dir/GRBL/system.c.o
                0x1000c430                _system_output_help
 .text.system_command_help
                0x1000c4dc       0x28 CMakeFiles/grblhal_robot_arm.dir/GRBL/system.c.o
                0x1000c4dc                system_command_help
 .text.system_execute_line
                0x1000c504      0x210 CMakeFiles/grblhal_robot_arm.dir/GRBL/system.c.o
                0x1000c504                system_execute_line
 .text.system_clear_tlo_reference
                0x1000c714       0x64 CMakeFiles/grblhal_robot_arm.dir/GRBL/system.c.o
                0x1000c714                system_clear_tlo_reference
 .text.system_flag_wco_change
                0x1000c778       0x40 CMakeFiles/grblhal_robot_arm.dir/GRBL/system.c.o
                0x1000c778                system_flag_wco_change
 .text.system_convert_array_steps_to_mpos
                0x1000c7b8       0x2c CMakeFiles/grblhal_robot_arm.dir/GRBL/system.c.o
                0x1000c7b8                system_convert_array_steps_to_mpos
 .text.system_xy_at_fixture
                0x1000c7e4       0x94 CMakeFiles/grblhal_robot_arm.dir/GRBL/system.c.o
                0x1000c7e4                system_xy_at_fixture
 .text.system_raise_alarm
                0x1000c878       0x84 CMakeFiles/grblhal_robot_arm.dir/GRBL/system.c.o
                0x1000c878                system_raise_alarm
 .text.system_get_rt_report_flags
                0x1000c8fc        0xc CMakeFiles/grblhal_robot_arm.dir/GRBL/system.c.o
                0x1000c8fc                system_get_rt_report_flags
 .text.system_add_rt_report
                0x1000c908       0x68 CMakeFiles/grblhal_robot_arm.dir/GRBL/system.c.o
                0x1000c908                system_add_rt_report
 .text.report_init_message
                0x1000c970       0x24 CMakeFiles/grblhal_robot_arm.dir/GRBL/report.c.o
 .text.report_help_message
                0x1000c994       0x14 CMakeFiles/grblhal_robot_arm.dir/GRBL/report.c.o
 .text.cmp_settings
                0x1000c9a8        0xc CMakeFiles/grblhal_robot_arm.dir/GRBL/report.c.o
 .text.write_quoted
                0x1000c9b4       0x38 CMakeFiles/grblhal_robot_arm.dir/GRBL/report.c.o
 .text.cmp_alarms
                0x1000c9ec        0xc CMakeFiles/grblhal_robot_arm.dir/GRBL/report.c.o
 .text.cmp_errors
                0x1000c9f8        0xc CMakeFiles/grblhal_robot_arm.dir/GRBL/report.c.o
 .text.cmp_setting_group_id
                0x1000ca04        0xc CMakeFiles/grblhal_robot_arm.dir/GRBL/report.c.o
 .text.count_pins
                0x1000ca10        0x8 CMakeFiles/grblhal_robot_arm.dir/GRBL/report.c.o
 .text.cmp_pins
                0x1000ca18        0x8 CMakeFiles/grblhal_robot_arm.dir/GRBL/report.c.o
 .text.get_rate_value_mm
                0x1000ca20       0x10 CMakeFiles/grblhal_robot_arm.dir/GRBL/report.c.o
 .text.get_rate_value_inch
                0x1000ca30       0x1c CMakeFiles/grblhal_robot_arm.dir/GRBL/report.c.o
 .text.print_uito2a
                0x1000ca4c       0x34 CMakeFiles/grblhal_robot_arm.dir/GRBL/report.c.o
 .text.report_spindle
                0x1000ca80      0x1b0 CMakeFiles/grblhal_robot_arm.dir/GRBL/report.c.o
 .text.get_axis_values_mm
                0x1000cc30       0x80 CMakeFiles/grblhal_robot_arm.dir/GRBL/report.c.o
 .text.get_axis_values_inches
                0x1000ccb0       0xa0 CMakeFiles/grblhal_robot_arm.dir/GRBL/report.c.o
 .text.get_axis_value_mm
                0x1000cd50       0x18 CMakeFiles/grblhal_robot_arm.dir/GRBL/report.c.o
 .text.get_axis_value_inches
                0x1000cd68       0x2c CMakeFiles/grblhal_robot_arm.dir/GRBL/report.c.o
 .text.get_pins
                0x1000cd94       0x48 CMakeFiles/grblhal_robot_arm.dir/GRBL/report.c.o
 .text.appendbuf
                0x1000cddc       0x40 CMakeFiles/grblhal_robot_arm.dir/GRBL/report.c.o
 .text.report_alarm_message
                0x1000ce1c       0x34 CMakeFiles/grblhal_robot_arm.dir/GRBL/report.c.o
 .text.report_bitfield
                0x1000ce50       0xd4 CMakeFiles/grblhal_robot_arm.dir/GRBL/report.c.o
 .text.cmp_setting_group_name
                0x1000cf24        0xc CMakeFiles/grblhal_robot_arm.dir/GRBL/report.c.o
 .text.write_name
                0x1000cf30       0x54 CMakeFiles/grblhal_robot_arm.dir/GRBL/report.c.o
 .text.report_settings_detail
                0x1000cf84      0x5f4 CMakeFiles/grblhal_robot_arm.dir/GRBL/report.c.o
 .text.print_unsorted
                0x1000d578       0x34 CMakeFiles/grblhal_robot_arm.dir/GRBL/report.c.o
 .text.print_sorted
                0x1000d5ac       0x28 CMakeFiles/grblhal_robot_arm.dir/GRBL/report.c.o
 .text.print_settings_details
                0x1000d5d4      0x1a8 CMakeFiles/grblhal_robot_arm.dir/GRBL/report.c.o
 .text.report_group_settings
                0x1000d77c       0xa0 CMakeFiles/grblhal_robot_arm.dir/GRBL/report.c.o
 .text.report_pin_info
                0x1000d81c       0x6c CMakeFiles/grblhal_robot_arm.dir/GRBL/report.c.o
 .text.report_setting
                0x1000d888       0x58 CMakeFiles/grblhal_robot_arm.dir/GRBL/report.c.o
 .text.print_setting
                0x1000d8e0       0x44 CMakeFiles/grblhal_robot_arm.dir/GRBL/report.c.o
 .text.report_status_message
                0x1000d924       0x40 CMakeFiles/grblhal_robot_arm.dir/GRBL/report.c.o
 .text.print_setting_group.part.0
                0x1000d964       0x84 CMakeFiles/grblhal_robot_arm.dir/GRBL/report.c.o
 .text.report_message.part.0
                0x1000d9e8       0x68 CMakeFiles/grblhal_robot_arm.dir/GRBL/report.c.o
 .text.report_pin
                0x1000da50       0x50 CMakeFiles/grblhal_robot_arm.dir/GRBL/report.c.o
 .text.report_feedback_message
                0x1000daa0       0x44 CMakeFiles/grblhal_robot_arm.dir/GRBL/report.c.o
 .text.add_limits.isra.0
                0x1000dae4       0xb0 CMakeFiles/grblhal_robot_arm.dir/GRBL/report.c.o
 .text.print_alarm
                0x1000db94       0xac CMakeFiles/grblhal_robot_arm.dir/GRBL/report.c.o
 .text.print_error
                0x1000dc40       0xac CMakeFiles/grblhal_robot_arm.dir/GRBL/report.c.o
 .text.report_init
                0x1000dcec       0x54 CMakeFiles/grblhal_robot_arm.dir/GRBL/report.c.o
                0x1000dcec                report_init
 .text.report_message
                0x1000dd40       0x24 CMakeFiles/grblhal_robot_arm.dir/GRBL/report.c.o
                0x1000dd40                report_message
 .text.report_plain
                0x1000dd64       0x38 CMakeFiles/grblhal_robot_arm.dir/GRBL/report.c.o
                0x1000dd64                report_plain
 .text.report_warning
                0x1000dd9c       0x20 CMakeFiles/grblhal_robot_arm.dir/GRBL/report.c.o
                0x1000dd9c                report_warning
 .text.report_plugin
                0x1000ddbc       0x44 CMakeFiles/grblhal_robot_arm.dir/GRBL/report.c.o
                0x1000ddbc                report_plugin
 .text.report_grbl_setting
                0x1000de00       0x28 CMakeFiles/grblhal_robot_arm.dir/GRBL/report.c.o
                0x1000de00                report_grbl_setting
 .text.report_grbl_settings
                0x1000de28      0x180 CMakeFiles/grblhal_robot_arm.dir/GRBL/report.c.o
                0x1000de28                report_grbl_settings
 .text.report_probe_parameters
                0x1000dfa8       0x64 CMakeFiles/grblhal_robot_arm.dir/GRBL/report.c.o
                0x1000dfa8                report_probe_parameters
 .text.report_home_position
                0x1000e00c       0x58 CMakeFiles/grblhal_robot_arm.dir/GRBL/report.c.o
                0x1000e00c                report_home_position
 .text.report_tool_offsets
                0x1000e064       0x3c CMakeFiles/grblhal_robot_arm.dir/GRBL/report.c.o
                0x1000e064                report_tool_offsets
 .text.report_ngc_parameter
                0x1000e0a0       0x70 CMakeFiles/grblhal_robot_arm.dir/GRBL/report.c.o
                0x1000e0a0                report_ngc_parameter
 .text.report_named_ngc_parameter
                0x1000e110       0x6c CMakeFiles/grblhal_robot_arm.dir/GRBL/report.c.o
                0x1000e110                report_named_ngc_parameter
 .text.report_ngc_parameters
                0x1000e17c      0x224 CMakeFiles/grblhal_robot_arm.dir/GRBL/report.c.o
                0x1000e17c                report_ngc_parameters
 .text.report_gcode_modes
                0x1000e3a0      0x470 CMakeFiles/grblhal_robot_arm.dir/GRBL/report.c.o
                0x1000e3a0                report_gcode_modes
 .text.report_startup_line
                0x1000e810       0x40 CMakeFiles/grblhal_robot_arm.dir/GRBL/report.c.o
                0x1000e810                report_startup_line
 .text.report_execute_startup_message
                0x1000e850       0x3c CMakeFiles/grblhal_robot_arm.dir/GRBL/report.c.o
                0x1000e850                report_execute_startup_message
 .text.report_build_info
                0x1000e88c      0x718 CMakeFiles/grblhal_robot_arm.dir/GRBL/report.c.o
                0x1000e88c                report_build_info
 .text.report_realtime_status
                0x1000efa4      0xb60 CMakeFiles/grblhal_robot_arm.dir/GRBL/report.c.o
                0x1000efa4                report_realtime_status
 .text.report_settings_details
                0x1000fb04       0x54 CMakeFiles/grblhal_robot_arm.dir/GRBL/report.c.o
                0x1000fb04                report_settings_details
 .text.report_setting_description
                0x1000fb58       0xc4 CMakeFiles/grblhal_robot_arm.dir/GRBL/report.c.o
                0x1000fb58                report_setting_description
 .text.report_alarm_details
                0x1000fc1c       0xbc CMakeFiles/grblhal_robot_arm.dir/GRBL/report.c.o
                0x1000fc1c                report_alarm_details
 .text.report_error_details
                0x1000fcd8       0xbc CMakeFiles/grblhal_robot_arm.dir/GRBL/report.c.o
                0x1000fcd8                report_error_details
 .text.report_setting_group_details
                0x1000fd94       0xfc CMakeFiles/grblhal_robot_arm.dir/GRBL/report.c.o
                0x1000fd94                report_setting_group_details
 .text.report_help
                0x1000fe90       0xd0 CMakeFiles/grblhal_robot_arm.dir/GRBL/report.c.o
                0x1000fe90                report_help
 .text.report_last_signals_event
                0x1000ff60       0x90 CMakeFiles/grblhal_robot_arm.dir/GRBL/report.c.o
                0x1000ff60                report_last_signals_event
 .text.report_current_limit_state
                0x1000fff0       0x48 CMakeFiles/grblhal_robot_arm.dir/GRBL/report.c.o
                0x1000fff0                report_current_limit_state
 .text.report_current_home_signal_state
                0x10010038       0xb4 CMakeFiles/grblhal_robot_arm.dir/GRBL/report.c.o
                0x10010038                report_current_home_signal_state
 .text.report_spindle_data
                0x100100ec       0xa8 CMakeFiles/grblhal_robot_arm.dir/GRBL/report.c.o
                0x100100ec                report_spindle_data
 .text.report_pins
                0x10010194       0x90 CMakeFiles/grblhal_robot_arm.dir/GRBL/report.c.o
                0x10010194                report_pins
 .text.report_pin_states
                0x10010224        0x4 CMakeFiles/grblhal_robot_arm.dir/GRBL/report.c.o
                0x10010224                report_pin_states
 .text.report_time
                0x10010228       0x80 CMakeFiles/grblhal_robot_arm.dir/GRBL/report.c.o
                0x10010228                report_time
 .text.report_spindles
                0x100102a8       0x34 CMakeFiles/grblhal_robot_arm.dir/GRBL/report.c.o
                0x100102a8                report_spindles
 .text.report_stepper_status
                0x100102dc      0x13c CMakeFiles/grblhal_robot_arm.dir/GRBL/report.c.o
                0x100102dc                report_stepper_status
 .text.report_pid_log
                0x10010418        0xc CMakeFiles/grblhal_robot_arm.dir/GRBL/report.c.o
                0x10010418                report_pid_log
 .text.report_init_fns
                0x10010424       0x2c CMakeFiles/grblhal_robot_arm.dir/GRBL/report.c.o
                0x10010424                report_init_fns
 .text.uitoa    0x10010450       0x48 CMakeFiles/grblhal_robot_arm.dir/GRBL/nuts_bolts.c.o
                0x10010450                uitoa
 .text.ftoa     0x10010498      0x11c CMakeFiles/grblhal_robot_arm.dir/GRBL/nuts_bolts.c.o
                0x10010498                ftoa
 .text.trim_float
                0x100105b4       0x34 CMakeFiles/grblhal_robot_arm.dir/GRBL/nuts_bolts.c.o
                0x100105b4                trim_float
 .text.read_uint
                0x100105e8       0xb0 CMakeFiles/grblhal_robot_arm.dir/GRBL/nuts_bolts.c.o
                0x100105e8                read_uint
 .text.read_float
                0x10010698       0xf4 CMakeFiles/grblhal_robot_arm.dir/GRBL/nuts_bolts.c.o
                0x10010698                read_float
 .text.isintf   0x1001078c       0x38 CMakeFiles/grblhal_robot_arm.dir/GRBL/nuts_bolts.c.o
                0x1001078c                isintf
 .text.delay_sec
                0x100107c4       0x50 CMakeFiles/grblhal_robot_arm.dir/GRBL/nuts_bolts.c.o
                0x100107c4                delay_sec
 .text.convert_delta_vector_to_unit_vector
                0x10010814       0x74 CMakeFiles/grblhal_robot_arm.dir/GRBL/nuts_bolts.c.o
                0x10010814                convert_delta_vector_to_unit_vector
 .text.get_datetime
                0x10010888      0x39c CMakeFiles/grblhal_robot_arm.dir/GRBL/nuts_bolts.c.o
                0x10010888                get_datetime
 .text.bit_count
                0x10010c24       0x14 CMakeFiles/grblhal_robot_arm.dir/GRBL/nuts_bolts.c.o
                0x10010c24                bit_count
 .text.dummy_handler
                0x10010c38        0x4 CMakeFiles/grblhal_robot_arm.dir/GRBL/nuts_bolts.c.o
                0x10010c38                dummy_handler
 .text.check_travel_limits
                0x10010c3c       0x64 CMakeFiles/grblhal_robot_arm.dir/GRBL/machine_limits.c.o
 .text.check_arc_travel_limits
                0x10010ca0      0x50c CMakeFiles/grblhal_robot_arm.dir/GRBL/machine_limits.c.o
 .text.limits_pull_off
                0x100111ac      0x168 CMakeFiles/grblhal_robot_arm.dir/GRBL/machine_limits.c.o
 .text.get_homing_rate
                0x10011314       0x3c CMakeFiles/grblhal_robot_arm.dir/GRBL/machine_limits.c.o
 .text.apply_travel_limits
                0x10011350      0x1c4 CMakeFiles/grblhal_robot_arm.dir/GRBL/machine_limits.c.o
 .text.limit_signals_merge
                0x10011514       0x18 CMakeFiles/grblhal_robot_arm.dir/GRBL/machine_limits.c.o
                0x10011514                limit_signals_merge
 .text.limit_interrupt_handler
                0x1001152c       0x40 CMakeFiles/grblhal_robot_arm.dir/GRBL/machine_limits.c.o
                0x1001152c                limit_interrupt_handler
 .text.limits_set_work_envelope
                0x1001156c       0xc8 CMakeFiles/grblhal_robot_arm.dir/GRBL/machine_limits.c.o
                0x1001156c                limits_set_work_envelope
 .text.limits_set_machine_positions
                0x10011634       0xb4 CMakeFiles/grblhal_robot_arm.dir/GRBL/machine_limits.c.o
                0x10011634                limits_set_machine_positions
 .text.homing_cycle
                0x100116e8      0x524 CMakeFiles/grblhal_robot_arm.dir/GRBL/machine_limits.c.o
 .text.limits_homing_pulloff
                0x10011c0c       0x20 CMakeFiles/grblhal_robot_arm.dir/GRBL/machine_limits.c.o
                0x10011c0c                limits_homing_pulloff
 .text.limits_go_home
                0x10011c2c      0x154 CMakeFiles/grblhal_robot_arm.dir/GRBL/machine_limits.c.o
                0x10011c2c                limits_go_home
 .text.limits_soft_check
                0x10011d80       0x7c CMakeFiles/grblhal_robot_arm.dir/GRBL/machine_limits.c.o
                0x10011d80                limits_soft_check
 .text.limits_set_homing_axes
                0x10011dfc       0x2c CMakeFiles/grblhal_robot_arm.dir/GRBL/machine_limits.c.o
                0x10011dfc                limits_set_homing_axes
 .text.limits_homing_required
                0x10011e28       0x3c CMakeFiles/grblhal_robot_arm.dir/GRBL/machine_limits.c.o
                0x10011e28                limits_homing_required
 .text.limits_init
                0x10011e64       0x40 CMakeFiles/grblhal_robot_arm.dir/GRBL/machine_limits.c.o
                0x10011e64                limits_init
 .text.enqueue_feed_override
                0x10011ea4       0x20 CMakeFiles/grblhal_robot_arm.dir/GRBL/override.c.o
                0x10011ea4                enqueue_feed_override
 .text.get_feed_override
                0x10011ec4       0x20 CMakeFiles/grblhal_robot_arm.dir/GRBL/override.c.o
                0x10011ec4                get_feed_override
 .text.enqueue_spindle_override
                0x10011ee4       0x20 CMakeFiles/grblhal_robot_arm.dir/GRBL/override.c.o
                0x10011ee4                enqueue_spindle_override
 .text.get_spindle_override
                0x10011f04       0x20 CMakeFiles/grblhal_robot_arm.dir/GRBL/override.c.o
                0x10011f04                get_spindle_override
 .text.enqueue_coolant_override
                0x10011f24       0x20 CMakeFiles/grblhal_robot_arm.dir/GRBL/override.c.o
                0x10011f24                enqueue_coolant_override
 .text.get_coolant_override
                0x10011f44       0x20 CMakeFiles/grblhal_robot_arm.dir/GRBL/override.c.o
                0x10011f44                get_coolant_override
 .text.flush_override_buffers
                0x10011f64       0x24 CMakeFiles/grblhal_robot_arm.dir/GRBL/override.c.o
                0x10011f64                flush_override_buffers
 .text.state_noop
                0x10011f88        0x4 CMakeFiles/grblhal_robot_arm.dir/GRBL/state_machine.c.o
 .text.state_spindle_restore
                0x10011f8c       0x30 CMakeFiles/grblhal_robot_arm.dir/GRBL/state_machine.c.o
 .text.initiate_hold
                0x10011fbc      0x198 CMakeFiles/grblhal_robot_arm.dir/GRBL/state_machine.c.o
 .text.state_await_restart_retract
                0x10012154       0x38 CMakeFiles/grblhal_robot_arm.dir/GRBL/state_machine.c.o
 .text.state_await_waypoint_retract
                0x1001218c       0xc0 CMakeFiles/grblhal_robot_arm.dir/GRBL/state_machine.c.o
 .text.restart_retract
                0x1001224c       0x5c CMakeFiles/grblhal_robot_arm.dir/GRBL/state_machine.c.o
 .text.state_restore
                0x100122a8      0x154 CMakeFiles/grblhal_robot_arm.dir/GRBL/state_machine.c.o
 .text.state_door_reopened
                0x100123fc       0x20 CMakeFiles/grblhal_robot_arm.dir/GRBL/state_machine.c.o
                0x100123fc                state_door_reopened
 .text.state_get
                0x1001241c        0xc CMakeFiles/grblhal_robot_arm.dir/GRBL/state_machine.c.o
                0x1001241c                state_get
 .text.state_set
                0x10012428      0x3d0 CMakeFiles/grblhal_robot_arm.dir/GRBL/state_machine.c.o
                0x10012428                state_set
 .text.state_idle
                0x100127f8       0x48 CMakeFiles/grblhal_robot_arm.dir/GRBL/state_machine.c.o
 .text.state_update
                0x10012840       0x2c CMakeFiles/grblhal_robot_arm.dir/GRBL/state_machine.c.o
                0x10012840                state_update
 .text.state_await_resume
                0x1001286c      0x228 CMakeFiles/grblhal_robot_arm.dir/GRBL/state_machine.c.o
 .text.state_await_resumed
                0x10012a94       0x48 CMakeFiles/grblhal_robot_arm.dir/GRBL/state_machine.c.o
 .text.state_await_toolchanged
                0x10012adc       0x64 CMakeFiles/grblhal_robot_arm.dir/GRBL/state_machine.c.o
 .text.state_cycle
                0x10012b40       0x74 CMakeFiles/grblhal_robot_arm.dir/GRBL/state_machine.c.o
 .text.state_await_motion_cancel
                0x10012bb4       0x80 CMakeFiles/grblhal_robot_arm.dir/GRBL/state_machine.c.o
 .text.state_await_hold.part.0
                0x10012c34      0x1d4 CMakeFiles/grblhal_robot_arm.dir/GRBL/state_machine.c.o
 .text.state_await_hold
                0x10012e08        0xc CMakeFiles/grblhal_robot_arm.dir/GRBL/state_machine.c.o
 .text.state_suspend_manager
                0x10012e14       0xe8 CMakeFiles/grblhal_robot_arm.dir/GRBL/state_machine.c.o
                0x10012e14                state_suspend_manager
 .text.xbar_fn_to_axismask
                0x10012efc       0x70 CMakeFiles/grblhal_robot_arm.dir/GRBL/crossbar.c.o
                0x10012efc                xbar_fn_to_axismask
 .text.xbar_set_homing_source
                0x10012f6c       0x58 CMakeFiles/grblhal_robot_arm.dir/GRBL/crossbar.c.o
                0x10012f6c                xbar_set_homing_source
 .text.xbar_get_homing_source
                0x10012fc4       0x10 CMakeFiles/grblhal_robot_arm.dir/GRBL/crossbar.c.o
                0x10012fc4                xbar_get_homing_source
 .text.xbar_get_homing_source_from_cycle
                0x10012fd4       0x5c CMakeFiles/grblhal_robot_arm.dir/GRBL/crossbar.c.o
                0x10012fd4                xbar_get_homing_source_from_cycle
 .text.xbar_fn_to_pinname
                0x10013030       0x44 CMakeFiles/grblhal_robot_arm.dir/GRBL/crossbar.c.o
                0x10013030                xbar_fn_to_pinname
 .text.stream_get_null
                0x10013074        0x8 CMakeFiles/grblhal_robot_arm.dir/GRBL/stream.c.o
                0x10013074                stream_get_null
 .text.stream_connected
                0x1001307c        0x4 CMakeFiles/grblhal_robot_arm.dir/GRBL/stream.c.o
                0x1001307c                stream_connected
 .text.is_not_connected
                0x10013080        0x4 CMakeFiles/grblhal_robot_arm.dir/GRBL/stream.c.o
 .text.stream_write_all
                0x10013084       0x20 CMakeFiles/grblhal_robot_arm.dir/GRBL/stream.c.o
 .text.null_rx_free
                0x100130a4        0x8 CMakeFiles/grblhal_robot_arm.dir/GRBL/stream.c.o
 .text.null_count
                0x100130ac        0x4 CMakeFiles/grblhal_robot_arm.dir/GRBL/stream.c.o
 .text.null_put_c
                0x100130b0        0x4 CMakeFiles/grblhal_robot_arm.dir/GRBL/stream.c.o
 .text.null_write_string
                0x100130b4        0x4 CMakeFiles/grblhal_robot_arm.dir/GRBL/stream.c.o
 .text.null_write
                0x100130b8        0x4 CMakeFiles/grblhal_robot_arm.dir/GRBL/stream.c.o
 .text.null_suspend_disable
                0x100130bc        0x4 CMakeFiles/grblhal_robot_arm.dir/GRBL/stream.c.o
 .text.null_set_baudrate
                0x100130c0        0x4 CMakeFiles/grblhal_robot_arm.dir/GRBL/stream.c.o
 .text.null_enqueue_rt_command
                0x100130c4        0xc CMakeFiles/grblhal_robot_arm.dir/GRBL/stream.c.o
 .text.null_set_rt_handler
                0x100130d0       0x10 CMakeFiles/grblhal_robot_arm.dir/GRBL/stream.c.o
 .text.stream_null_init
                0x100130e0        0x8 CMakeFiles/grblhal_robot_arm.dir/GRBL/stream.c.o
                0x100130e0                stream_null_init
 .text.await_toolchange_ack
                0x100130e8       0x60 CMakeFiles/grblhal_robot_arm.dir/GRBL/stream.c.o
 .text.report_mpg_mode
                0x10013148        0x8 CMakeFiles/grblhal_robot_arm.dir/GRBL/stream.c.o
 .text.add_connection
                0x10013150       0x68 CMakeFiles/grblhal_robot_arm.dir/GRBL/stream.c.o
 .text.connection_is_up
                0x100131b8       0x40 CMakeFiles/grblhal_robot_arm.dir/GRBL/stream.c.o
 .text.stream_register_streams
                0x100131f8       0x14 CMakeFiles/grblhal_robot_arm.dir/GRBL/stream.c.o
                0x100131f8                stream_register_streams
 .text.stream_tx_blocking
                0x1001320c       0x28 CMakeFiles/grblhal_robot_arm.dir/GRBL/stream.c.o
                0x1001320c                stream_tx_blocking
 .text.stream_rx_suspend
                0x10013234       0x78 CMakeFiles/grblhal_robot_arm.dir/GRBL/stream.c.o
                0x10013234                stream_rx_suspend
 .text.stream_enqueue_realtime_command
                0x100132ac       0x48 CMakeFiles/grblhal_robot_arm.dir/GRBL/stream.c.o
                0x100132ac                stream_enqueue_realtime_command
 .text.stream_set_description
                0x100132f4       0x44 CMakeFiles/grblhal_robot_arm.dir/GRBL/stream.c.o
                0x100132f4                stream_set_description
 .text.stream_mpg_enable
                0x10013338      0x148 CMakeFiles/grblhal_robot_arm.dir/GRBL/stream.c.o
                0x10013338                stream_mpg_enable
 .text.stream_select
                0x10013480      0x258 CMakeFiles/grblhal_robot_arm.dir/GRBL/stream.c.o
 .text.stream_connect
                0x100136d8       0x24 CMakeFiles/grblhal_robot_arm.dir/GRBL/stream.c.o
                0x100136d8                stream_connect
 .text.stream_mpg_set_mode
                0x100136fc        0xc CMakeFiles/grblhal_robot_arm.dir/GRBL/stream.c.o
                0x100136fc                stream_mpg_set_mode
 .text.coolant_restore
                0x10013708       0x5c CMakeFiles/grblhal_robot_arm.dir/GRBL/coolant_control.c.o
                0x10013708                coolant_restore
 .text.coolant_set_state
                0x10013764       0x58 CMakeFiles/grblhal_robot_arm.dir/GRBL/coolant_control.c.o
                0x10013764                coolant_set_state
 .text.coolant_set_state_synced
                0x100137bc       0x20 CMakeFiles/grblhal_robot_arm.dir/GRBL/coolant_control.c.o
                0x100137bc                coolant_set_state_synced
 .text.null_set_state
                0x100137dc        0x4 CMakeFiles/grblhal_robot_arm.dir/GRBL/spindle_control.c.o
 .text.null_get_state
                0x100137e0        0x8 CMakeFiles/grblhal_robot_arm.dir/GRBL/spindle_control.c.o
 .text.null_update_pwm
                0x100137e8        0x4 CMakeFiles/grblhal_robot_arm.dir/GRBL/spindle_control.c.o
 .text.null_get_pwm
                0x100137ec        0x4 CMakeFiles/grblhal_robot_arm.dir/GRBL/spindle_control.c.o
 .text.null_update_rpm
                0x100137f0        0x4 CMakeFiles/grblhal_robot_arm.dir/GRBL/spindle_control.c.o
 .text.compute_dummy_pwm_value
                0x100137f4        0x4 CMakeFiles/grblhal_robot_arm.dir/GRBL/spindle_control.c.o
 .text.set_laser_overdrive
                0x100137f8       0x2c CMakeFiles/grblhal_robot_arm.dir/GRBL/spindle_control.c.o
 .text.spindle_compute_pwm_value
                0x10013824       0xe4 CMakeFiles/grblhal_robot_arm.dir/GRBL/spindle_control.c.o
 .text.spindle_activate.constprop.0
                0x10013908      0x15c CMakeFiles/grblhal_robot_arm.dir/GRBL/spindle_control.c.o
 .text.spindle_register
                0x10013a64       0xb0 CMakeFiles/grblhal_robot_arm.dir/GRBL/spindle_control.c.o
                0x10013a64                spindle_register
 .text.spindle_get_hal
                0x10013b14       0x50 CMakeFiles/grblhal_robot_arm.dir/GRBL/spindle_control.c.o
                0x10013b14                spindle_get_hal
 .text.spindle_get_default
                0x10013b64       0x18 CMakeFiles/grblhal_robot_arm.dir/GRBL/spindle_control.c.o
                0x10013b64                spindle_get_default
 .text.spindle_get_caps
                0x10013b7c       0x40 CMakeFiles/grblhal_robot_arm.dir/GRBL/spindle_control.c.o
                0x10013b7c                spindle_get_caps
 .text.spindle_update_caps
                0x10013bbc       0x94 CMakeFiles/grblhal_robot_arm.dir/GRBL/spindle_control.c.o
                0x10013bbc                spindle_update_caps
 .text.spindle_get_id
                0x10013c50       0x28 CMakeFiles/grblhal_robot_arm.dir/GRBL/spindle_control.c.o
                0x10013c50                spindle_get_id
 .text.spindle_is_enabled
                0x10013c78       0x18 CMakeFiles/grblhal_robot_arm.dir/GRBL/spindle_control.c.o
                0x10013c78                spindle_is_enabled
 .text.spindle_get
                0x10013c90       0x1c CMakeFiles/grblhal_robot_arm.dir/GRBL/spindle_control.c.o
                0x10013c90                spindle_get
 .text.spindle_add_null
                0x10013cac       0x34 CMakeFiles/grblhal_robot_arm.dir/GRBL/spindle_control.c.o
                0x10013cac                spindle_add_null
 .text.spindle_select
                0x10013ce0       0x38 CMakeFiles/grblhal_robot_arm.dir/GRBL/spindle_control.c.o
                0x10013ce0                spindle_select
 .text.spindle_enumerate_spindles
                0x10013d18       0xac CMakeFiles/grblhal_robot_arm.dir/GRBL/spindle_control.c.o
                0x10013d18                spindle_enumerate_spindles
 .text.spindle_get_count
                0x10013dc4       0x44 CMakeFiles/grblhal_robot_arm.dir/GRBL/spindle_control.c.o
                0x10013dc4                spindle_get_count
 .text.spindle_set_override
                0x10013e08      0x104 CMakeFiles/grblhal_robot_arm.dir/GRBL/spindle_control.c.o
                0x10013e08                spindle_set_override
 .text.spindle_set_state
                0x10013f0c      0x100 CMakeFiles/grblhal_robot_arm.dir/GRBL/spindle_control.c.o
                0x10013f0c                spindle_set_state
 .text.spindle_set_state_wait
                0x1001400c       0xb8 CMakeFiles/grblhal_robot_arm.dir/GRBL/spindle_control.c.o
 .text.spindle_set_state_synced
                0x100140c4       0x34 CMakeFiles/grblhal_robot_arm.dir/GRBL/spindle_control.c.o
                0x100140c4                spindle_set_state_synced
 .text.spindle_restore
                0x100140f8       0x4c CMakeFiles/grblhal_robot_arm.dir/GRBL/spindle_control.c.o
                0x100140f8                spindle_restore
 .text.spindle_set_rpm
                0x10014144       0x6c CMakeFiles/grblhal_robot_arm.dir/GRBL/spindle_control.c.o
                0x10014144                spindle_set_rpm
 .text.spindle_all_off
                0x100141b0       0x30 CMakeFiles/grblhal_robot_arm.dir/GRBL/spindle_control.c.o
                0x100141b0                spindle_all_off
 .text.spindle_is_on
                0x100141e0       0x1c CMakeFiles/grblhal_robot_arm.dir/GRBL/spindle_control.c.o
                0x100141e0                spindle_is_on
 .text.spindle_precompute_pwm_values
                0x100141fc      0x1a8 CMakeFiles/grblhal_robot_arm.dir/GRBL/spindle_control.c.o
                0x100141fc                spindle_precompute_pwm_values
 .text.modbus_crc16x
                0x100143a4       0x3c CMakeFiles/grblhal_robot_arm.dir/GRBL/crc.c.o
                0x100143a4                modbus_crc16x
 .text.ram_get_byte
                0x100143e0        0xc CMakeFiles/grblhal_robot_arm.dir/GRBL/nvs_buffer.c.o
 .text.ram_put_byte
                0x100143ec       0x3c CMakeFiles/grblhal_robot_arm.dir/GRBL/nvs_buffer.c.o
 .text.memcpy_from_ram
                0x10014428       0xa0 CMakeFiles/grblhal_robot_arm.dir/GRBL/nvs_buffer.c.o
 .text.nvs_buffer_sync_physical.part.0
                0x100144c8      0x1a8 CMakeFiles/grblhal_robot_arm.dir/GRBL/nvs_buffer.c.o
 .text.memcpy_to_ram
                0x10014670      0x238 CMakeFiles/grblhal_robot_arm.dir/GRBL/nvs_buffer.c.o
 .text.nvs_buffer_alloc
                0x100148a8       0x64 CMakeFiles/grblhal_robot_arm.dir/GRBL/nvs_buffer.c.o
                0x100148a8                nvs_buffer_alloc
 .text.nvs_buffer_free
                0x1001490c       0x28 CMakeFiles/grblhal_robot_arm.dir/GRBL/nvs_buffer.c.o
                0x1001490c                nvs_buffer_free
 .text.nvs_buffer_init
                0x10014934      0x14c CMakeFiles/grblhal_robot_arm.dir/GRBL/nvs_buffer.c.o
                0x10014934                nvs_buffer_init
 .text.nvs_buffer_sync_physical
                0x10014a80       0x10 CMakeFiles/grblhal_robot_arm.dir/GRBL/nvs_buffer.c.o
                0x10014a80                nvs_buffer_sync_physical
 .text.nvs_buffer_get_physical
                0x10014a90       0x1c CMakeFiles/grblhal_robot_arm.dir/GRBL/nvs_buffer.c.o
                0x10014a90                nvs_buffer_get_physical
 .text.probe_result
                0x10014aac       0x14 CMakeFiles/grblhal_robot_arm.dir/GRBL/ngc_params.c.o
 .text.m66_result
                0x10014ac0       0x18 CMakeFiles/grblhal_robot_arm.dir/GRBL/ngc_params.c.o
 .text.tool_number
                0x10014ad8       0x1c CMakeFiles/grblhal_robot_arm.dir/GRBL/ngc_params.c.o
 .text.tool_offset
                0x10014af4       0x2c CMakeFiles/grblhal_robot_arm.dir/GRBL/ngc_params.c.o
 .text.coord_system
                0x10014b20       0x20 CMakeFiles/grblhal_robot_arm.dir/GRBL/ngc_params.c.o
 .text.g92_offset_applied
                0x10014b40       0x18 CMakeFiles/grblhal_robot_arm.dir/GRBL/ngc_params.c.o
 .text.g92_offset
                0x10014b58       0x2c CMakeFiles/grblhal_robot_arm.dir/GRBL/ngc_params.c.o
 .text.debug_output
                0x10014b84       0x1c CMakeFiles/grblhal_robot_arm.dir/GRBL/ngc_params.c.o
 .text.coord_system_offset
                0x10014ba0       0x50 CMakeFiles/grblhal_robot_arm.dir/GRBL/ngc_params.c.o
 .text.g30_home
                0x10014bf0       0x3c CMakeFiles/grblhal_robot_arm.dir/GRBL/ngc_params.c.o
 .text.g28_home
                0x10014c2c       0x3c CMakeFiles/grblhal_robot_arm.dir/GRBL/ngc_params.c.o
 .text.probe_coord
                0x10014c68       0xc0 CMakeFiles/grblhal_robot_arm.dir/GRBL/ngc_params.c.o
 .text.scaling_factors
                0x10014d28       0x30 CMakeFiles/grblhal_robot_arm.dir/GRBL/ngc_params.c.o
 .text.work_position
                0x10014d58       0x7c CMakeFiles/grblhal_robot_arm.dir/GRBL/ngc_params.c.o
 .text.ngc_param_get
                0x10014dd4       0x84 CMakeFiles/grblhal_robot_arm.dir/GRBL/ngc_params.c.o
                0x10014dd4                ngc_param_get
 .text.ngc_param_set
                0x10014e58       0x9c CMakeFiles/grblhal_robot_arm.dir/GRBL/ngc_params.c.o
                0x10014e58                ngc_param_set
 .text.ngc_named_param_get_by_id
                0x10014ef4      0x46c CMakeFiles/grblhal_robot_arm.dir/GRBL/ngc_params.c.o
                0x10014ef4                ngc_named_param_get_by_id
 .text.ngc_named_param_get
                0x10015360       0xcc CMakeFiles/grblhal_robot_arm.dir/GRBL/ngc_params.c.o
                0x10015360                ngc_named_param_get
 .text.ngc_named_param_set
                0x1001542c      0x10c CMakeFiles/grblhal_robot_arm.dir/GRBL/ngc_params.c.o
                0x1001542c                ngc_named_param_set
 .text.onMacroExecute
                0x10015538      0x31c CMakeFiles/grblhal_robot_arm.dir/GRBL/ngc_params.c.o
 .text.ngc_modal_state_save
                0x10015854       0x78 CMakeFiles/grblhal_robot_arm.dir/GRBL/ngc_params.c.o
                0x10015854                ngc_modal_state_save
 .text.ngc_modal_state_invalidate
                0x100158cc       0x3c CMakeFiles/grblhal_robot_arm.dir/GRBL/ngc_params.c.o
                0x100158cc                ngc_modal_state_invalidate
 .text.ngc_modal_state_restore
                0x10015908       0x2c CMakeFiles/grblhal_robot_arm.dir/GRBL/ngc_params.c.o
                0x10015908                ngc_modal_state_restore
 .text.ngc_call_push
                0x10015934       0x3c CMakeFiles/grblhal_robot_arm.dir/GRBL/ngc_params.c.o
                0x10015934                ngc_call_push
 .text.ngc_call_pop
                0x10015970       0xf4 CMakeFiles/grblhal_robot_arm.dir/GRBL/ngc_params.c.o
                0x10015970                ngc_call_pop
 .text.ngc_call_level
                0x10015a64        0xc CMakeFiles/grblhal_robot_arm.dir/GRBL/ngc_params.c.o
                0x10015a64                ngc_call_level
 .text.ngc_float_decimals
                0x10015a70       0x14 CMakeFiles/grblhal_robot_arm.dir/GRBL/ngc_params.c.o
                0x10015a70                ngc_float_decimals
 .text.ngc_params_init
                0x10015a84       0x68 CMakeFiles/grblhal_robot_arm.dir/GRBL/ngc_params.c.o
                0x10015a84                ngc_params_init
 .text.matchhere
                0x10015aec       0x6c CMakeFiles/grblhal_robot_arm.dir/GRBL/regex.c.o
                0x10015aec                matchhere
 .text.fall_asleep
                0x10015b58        0xc CMakeFiles/grblhal_robot_arm.dir/GRBL/sleep.c.o
 .text.sleep_execute
                0x10015b64       0x88 CMakeFiles/grblhal_robot_arm.dir/GRBL/sleep.c.o
 .text.sleep_check
                0x10015bec       0x7c CMakeFiles/grblhal_robot_arm.dir/GRBL/sleep.c.o
                0x10015bec                sleep_check
 .text.change_completed
                0x10015c68       0xd4 CMakeFiles/grblhal_robot_arm.dir/GRBL/tool_change.c.o
 .text.execute_warning
                0x10015d3c        0xc CMakeFiles/grblhal_robot_arm.dir/GRBL/tool_change.c.o
 .text.on_toolchange_ack
                0x10015d48       0x30 CMakeFiles/grblhal_robot_arm.dir/GRBL/tool_change.c.o
 .text.reset    0x10015d78       0x6c CMakeFiles/grblhal_robot_arm.dir/GRBL/tool_change.c.o
 .text.onToolSelect
                0x10015de4       0x44 CMakeFiles/grblhal_robot_arm.dir/GRBL/tool_change.c.o
 .text.onHomingComplete
                0x10015e28       0x28 CMakeFiles/grblhal_robot_arm.dir/GRBL/tool_change.c.o
 .text.trap_stream_cycle_start
                0x10015e50       0x94 CMakeFiles/grblhal_robot_arm.dir/GRBL/tool_change.c.o
 .text.trap_control_cycle_start
                0x10015ee4       0x90 CMakeFiles/grblhal_robot_arm.dir/GRBL/tool_change.c.o
 .text.go_linear_home
                0x10015f74       0x54 CMakeFiles/grblhal_robot_arm.dir/GRBL/tool_change.c.o
 .text.go_toolsetter
                0x10015fc8       0xa0 CMakeFiles/grblhal_robot_arm.dir/GRBL/tool_change.c.o
 .text.execute_return_from_g30
                0x10016068       0xa4 CMakeFiles/grblhal_robot_arm.dir/GRBL/tool_change.c.o
 .text.restore  0x1001610c      0x180 CMakeFiles/grblhal_robot_arm.dir/GRBL/tool_change.c.o
 .text.tool_change
                0x1001628c      0x260 CMakeFiles/grblhal_robot_arm.dir/GRBL/tool_change.c.o
 .text.onWcoSaved
                0x100164ec       0x38 CMakeFiles/grblhal_robot_arm.dir/GRBL/tool_change.c.o
 .text.onProbeCompleted
                0x10016524       0x40 CMakeFiles/grblhal_robot_arm.dir/GRBL/tool_change.c.o
 .text.execute_restore
                0x10016564       0x44 CMakeFiles/grblhal_robot_arm.dir/GRBL/tool_change.c.o
 .text.set_probe_target.constprop.0
                0x100165a8       0x7c CMakeFiles/grblhal_robot_arm.dir/GRBL/tool_change.c.o
 .text.execute_probe
                0x10016624      0x234 CMakeFiles/grblhal_robot_arm.dir/GRBL/tool_change.c.o
 .text.tc_init  0x10016858       0xc0 CMakeFiles/grblhal_robot_arm.dir/GRBL/tool_change.c.o
                0x10016858                tc_init
 .text.tc_probe_workpiece
                0x10016918      0x1ac CMakeFiles/grblhal_robot_arm.dir/GRBL/tool_change.c.o
                0x10016918                tc_probe_workpiece
 .text.errors_get_details
                0x10016ac4        0x8 CMakeFiles/grblhal_robot_arm.dir/GRBL/errors.c.o
                0x10016ac4                errors_get_details
 .text.alarms_get_details
                0x10016acc        0x8 CMakeFiles/grblhal_robot_arm.dir/GRBL/alarms.c.o
                0x10016acc                alarms_get_details
 .text.message_get
                0x10016ad4       0x28 CMakeFiles/grblhal_robot_arm.dir/GRBL/messages.c.o
                0x10016ad4                message_get
 .text.memcpy_from_flash
                0x10016afc       0x1c CMakeFiles/grblhal_robot_arm.dir/GRBL/flash.c.o
                0x10016afc                memcpy_from_flash
 .text.memcpy_to_flash
                0x10016b18       0x5c CMakeFiles/grblhal_robot_arm.dir/GRBL/flash.c.o
                0x10016b18                memcpy_to_flash
 .text.canbus_enabled
                0x10016b74        0x4 CMakeFiles/grblhal_robot_arm.dir/GRBL/canbus.c.o
                0x10016b74                canbus_enabled
 .text.delay_callback
                0x10016b78        0xc CMakeFiles/grblhal_robot_arm.dir/driver.c.o
 .text.stepperEnable
                0x10016b84       0x18 CMakeFiles/grblhal_robot_arm.dir/driver.c.o
 .text.limitsGetState
                0x10016b9c       0x30 CMakeFiles/grblhal_robot_arm.dir/driver.c.o
 .text.spindleSetState
                0x10016bcc       0x10 CMakeFiles/grblhal_robot_arm.dir/driver.c.o
 .text.spindleGetPWM
                0x10016bdc        0x8 CMakeFiles/grblhal_robot_arm.dir/driver.c.o
 .text.spindleGetState
                0x10016be4       0x10 CMakeFiles/grblhal_robot_arm.dir/driver.c.o
 .text.coolantSetState
                0x10016bf4        0x4 CMakeFiles/grblhal_robot_arm.dir/driver.c.o
 .text.coolantGetState
                0x10016bf8       0x10 CMakeFiles/grblhal_robot_arm.dir/driver.c.o
 .text.bitsSetAtomic
                0x10016c08        0xc CMakeFiles/grblhal_robot_arm.dir/driver.c.o
 .text.bitsClearAtomic
                0x10016c14       0x14 CMakeFiles/grblhal_robot_arm.dir/driver.c.o
 .text.valueSetAtomic
                0x10016c28        0xc CMakeFiles/grblhal_robot_arm.dir/driver.c.o
 .text.getElapsedTicks
                0x10016c34        0xc CMakeFiles/grblhal_robot_arm.dir/driver.c.o
 .text.enumeratePins
                0x10016c40       0xdc CMakeFiles/grblhal_robot_arm.dir/driver.c.o
 .text.setPeriphPinDescription
                0x10016d1c       0x3c CMakeFiles/grblhal_robot_arm.dir/driver.c.o
                0x10016d1c                setPeriphPinDescription
 .text.get_free_mem
                0x10016d58       0x20 CMakeFiles/grblhal_robot_arm.dir/driver.c.o
                0x10016d58                get_free_mem
 .text.user_mcode_check
                0x10016d78       0x10 CMakeFiles/grblhal_robot_arm.dir/driver.c.o
 .text.registerPeriphPin
                0x10016d88       0x44 CMakeFiles/grblhal_robot_arm.dir/driver.c.o
                0x10016d88                registerPeriphPin
 .text.enter_uf2
                0x10016dcc       0x24 CMakeFiles/grblhal_robot_arm.dir/driver.c.o
                0x10016dcc                enter_uf2
 .text.getElapsedMicros
                0x10016df0        0x4 CMakeFiles/grblhal_robot_arm.dir/driver.c.o
 .text.driver_setup
                0x10016df4       0xc0 CMakeFiles/grblhal_robot_arm.dir/driver.c.o
 .text.motor_iterator
                0x10016eb4       0x28 CMakeFiles/grblhal_robot_arm.dir/driver.c.o
 .text.stepperGoIdle
                0x10016edc       0x44 CMakeFiles/grblhal_robot_arm.dir/driver.c.o
 .text.onReportOptions
                0x10016f20       0x14 CMakeFiles/grblhal_robot_arm.dir/driver.c.o
 .text.stepperWakeUp
                0x10016f34       0x88 CMakeFiles/grblhal_robot_arm.dir/driver.c.o
 .text.driver_delay
                0x10016fbc       0x98 CMakeFiles/grblhal_robot_arm.dir/driver.c.o
 .text.spindleConfig
                0x10017054       0xd4 CMakeFiles/grblhal_robot_arm.dir/driver.c.o
                0x10017054                spindleConfig
 .text.spindleSetStateVariable
                0x10017128       0x84 CMakeFiles/grblhal_robot_arm.dir/driver.c.o
 .text.pinEnableIRQ
                0x100171ac       0x58 CMakeFiles/grblhal_robot_arm.dir/driver.c.o
                0x100171ac                pinEnableIRQ
 .text.settings_changed
                0x10017204      0x3b0 CMakeFiles/grblhal_robot_arm.dir/driver.c.o
                0x10017204                settings_changed
 .text.limitsEnable
                0x100175b4       0x94 CMakeFiles/grblhal_robot_arm.dir/driver.c.o
 .text.pin_debounce
                0x10017648       0x90 CMakeFiles/grblhal_robot_arm.dir/driver.c.o
                0x10017648                pin_debounce
 .text.robot_arm_io_init
                0x100176d8       0x48 CMakeFiles/grblhal_robot_arm.dir/driver.c.o
                0x100176d8                robot_arm_io_init
 .text.driver_init
                0x10017720      0x4e8 CMakeFiles/grblhal_robot_arm.dir/driver.c.o
                0x10017720                driver_init
 .text.serialRxCount
                0x10017c08       0x1c CMakeFiles/grblhal_robot_arm.dir/serial.c.o
 .text.serialRxFree
                0x10017c24       0x24 CMakeFiles/grblhal_robot_arm.dir/serial.c.o
 .text.serialGetC
                0x10017c48       0x24 CMakeFiles/grblhal_robot_arm.dir/serial.c.o
 .text.serialTxFlush
                0x10017c6c       0x18 CMakeFiles/grblhal_robot_arm.dir/serial.c.o
 .text.serialRxFlush
                0x10017c84       0x2c CMakeFiles/grblhal_robot_arm.dir/serial.c.o
 .text.serialPutC
                0x10017cb0       0x54 CMakeFiles/grblhal_robot_arm.dir/serial.c.o
 .text.serialWriteS
                0x10017d04       0x18 CMakeFiles/grblhal_robot_arm.dir/serial.c.o
 .text.serialWrite
                0x10017d1c       0x20 CMakeFiles/grblhal_robot_arm.dir/serial.c.o
 .text.serialTxCount
                0x10017d3c       0x2c CMakeFiles/grblhal_robot_arm.dir/serial.c.o
 .text.serialDisable
                0x10017d68       0x18 CMakeFiles/grblhal_robot_arm.dir/serial.c.o
 .text.serialEnqueueRtCommand
                0x10017d80        0xc CMakeFiles/grblhal_robot_arm.dir/serial.c.o
 .text.serialSetRtHandler
                0x10017d8c       0x10 CMakeFiles/grblhal_robot_arm.dir/serial.c.o
 .text.uart_interrupt_handler
                0x10017d9c       0xa0 CMakeFiles/grblhal_robot_arm.dir/serial.c.o
 .text.serialSetFormat
                0x10017e3c       0x2c CMakeFiles/grblhal_robot_arm.dir/serial.c.o
 .text.serialSetBaudRate
                0x10017e68       0x14 CMakeFiles/grblhal_robot_arm.dir/serial.c.o
 .text.serialSuspendInput
                0x10017e7c        0xc CMakeFiles/grblhal_robot_arm.dir/serial.c.o
 .text.serialInit
                0x10017e88       0x94 CMakeFiles/grblhal_robot_arm.dir/serial.c.o
 .text.serialRegisterStreams
                0x10017f1c       0x30 CMakeFiles/grblhal_robot_arm.dir/serial.c.o
                0x10017f1c                serialRegisterStreams
 .text.usb_serialRxCount
                0x10017f4c       0x1c CMakeFiles/grblhal_robot_arm.dir/usb_serial.c.o
 .text.usb_serialRxFree
                0x10017f68       0x20 CMakeFiles/grblhal_robot_arm.dir/usb_serial.c.o
 .text.usb_serialRxFlush
                0x10017f88        0xc CMakeFiles/grblhal_robot_arm.dir/usb_serial.c.o
 .text.usb_serialRxCancel
                0x10017f94       0x20 CMakeFiles/grblhal_robot_arm.dir/usb_serial.c.o
 .text.usb_serialGetC
                0x10017fb4       0x24 CMakeFiles/grblhal_robot_arm.dir/usb_serial.c.o
 .text.usbEnqueueRtCommand
                0x10017fd8        0xc CMakeFiles/grblhal_robot_arm.dir/usb_serial.c.o
 .text.usb_serialSetRtHandler
                0x10017fe4       0x10 CMakeFiles/grblhal_robot_arm.dir/usb_serial.c.o
 .text.timer_task
                0x10017ff4       0x10 CMakeFiles/grblhal_robot_arm.dir/usb_serial.c.o
 .text.usb_serialSuspendInput
                0x10018004        0xc CMakeFiles/grblhal_robot_arm.dir/usb_serial.c.o
 .text.usb_is_connected
                0x10018010        0x8 CMakeFiles/grblhal_robot_arm.dir/usb_serial.c.o
 .text.low_priority_worker_irq
                0x10018018       0x28 CMakeFiles/grblhal_robot_arm.dir/usb_serial.c.o
 .text.usb_out_chars
                0x10018040       0xf4 CMakeFiles/grblhal_robot_arm.dir/usb_serial.c.o
 .text.usb_serialPutC
                0x10018134       0x18 CMakeFiles/grblhal_robot_arm.dir/usb_serial.c.o
 .text.execute_realtime
                0x1001814c      0x13c CMakeFiles/grblhal_robot_arm.dir/usb_serial.c.o
 .text._usb_write
                0x10018288       0x5c CMakeFiles/grblhal_robot_arm.dir/usb_serial.c.o
                0x10018288                _usb_write
 .text.usb_serialWrite
                0x100182e4       0x24 CMakeFiles/grblhal_robot_arm.dir/usb_serial.c.o
 .text.usb_serialWriteS
                0x10018308       0x64 CMakeFiles/grblhal_robot_arm.dir/usb_serial.c.o
 .text.usb_serialInit
                0x1001836c       0x9c CMakeFiles/grblhal_robot_arm.dir/usb_serial.c.o
                0x1001836c                usb_serialInit
 .text.mcode_check
                0x10018408       0x1c CMakeFiles/grblhal_robot_arm.dir/plugins/pwm_servo_m280.c.o
 .text.onReportOptions
                0x10018424       0x28 CMakeFiles/grblhal_robot_arm.dir/plugins/pwm_servo_m280.c.o
 .text.mcode_validate
                0x1001844c       0xb4 CMakeFiles/grblhal_robot_arm.dir/plugins/pwm_servo_m280.c.o
 .text.pwm_servo_set_angle.part.0.isra.0
                0x10018500       0xc0 CMakeFiles/grblhal_robot_arm.dir/plugins/pwm_servo_m280.c.o
 .text.mcode_execute
                0x100185c0       0xf0 CMakeFiles/grblhal_robot_arm.dir/plugins/pwm_servo_m280.c.o
 .text.pwm_servo_init
                0x100186b0      0x164 CMakeFiles/grblhal_robot_arm.dir/plugins/pwm_servo_m280.c.o
                0x100186b0                pwm_servo_init
 .text.panic    0x10018814       0x30 CMakeFiles/grblhal_robot_arm.dir/pico-sdk/src/rp2_common/pico_platform_panic/panic.c.o
                0x10018814                panic
 .text.first_per_core_initializer
                0x10018844        0x4 CMakeFiles/grblhal_robot_arm.dir/pico-sdk/src/rp2_common/pico_runtime/runtime.c.o
 .text.hard_assertion_failure
                0x10018848        0xc CMakeFiles/grblhal_robot_arm.dir/pico-sdk/src/rp2_common/pico_runtime/runtime.c.o
                0x10018848                hard_assertion_failure
 .text.runtime_run_initializers
                0x10018854       0x20 CMakeFiles/grblhal_robot_arm.dir/pico-sdk/src/rp2_common/pico_runtime/runtime.c.o
                0x10018854                runtime_run_initializers
 .text.runtime_init_early_resets
                0x10018874       0x34 CMakeFiles/grblhal_robot_arm.dir/pico-sdk/src/rp2_common/pico_runtime_init/runtime_init.c.o
                0x10018874                runtime_init_early_resets
 .text.runtime_init_usb_power_down
                0x100188a8       0x1c CMakeFiles/grblhal_robot_arm.dir/pico-sdk/src/rp2_common/pico_runtime_init/runtime_init.c.o
                0x100188a8                runtime_init_usb_power_down
 .text.runtime_init_per_core_enable_coprocessors
                0x100188c4       0x1c CMakeFiles/grblhal_robot_arm.dir/pico-sdk/src/rp2_common/pico_runtime_init/runtime_init.c.o
                0x100188c4                runtime_init_per_core_enable_coprocessors
 .text.runtime_init_post_clock_resets
                0x100188e0       0x20 CMakeFiles/grblhal_robot_arm.dir/pico-sdk/src/rp2_common/pico_runtime_init/runtime_init.c.o
                0x100188e0                runtime_init_post_clock_resets
 .text.runtime_init_bootrom_reset
                0x10018900       0x14 CMakeFiles/grblhal_robot_arm.dir/pico-sdk/src/rp2_common/pico_runtime_init/runtime_init.c.o
                0x10018900                runtime_init_bootrom_reset
 .text.runtime_init_per_core_bootrom_reset
                0x10018914       0x14 CMakeFiles/grblhal_robot_arm.dir/pico-sdk/src/rp2_common/pico_runtime_init/runtime_init.c.o
                0x10018914                runtime_init_per_core_bootrom_reset
 .text.runtime_init_spin_locks_reset
                0x10018928        0x4 CMakeFiles/grblhal_robot_arm.dir/pico-sdk/src/rp2_common/pico_runtime_init/runtime_init.c.o
                0x10018928                runtime_init_spin_locks_reset
 .text.runtime_init_install_ram_vector_table
                0x1001892c       0x4c CMakeFiles/grblhal_robot_arm.dir/pico-sdk/src/rp2_common/pico_runtime_init/runtime_init.c.o
                0x1001892c                runtime_init_install_ram_vector_table
 .text.runtime_init_clocks
                0x10018978       0xdc CMakeFiles/grblhal_robot_arm.dir/pico-sdk/src/rp2_common/pico_runtime_init/runtime_init_clocks.c.o
                0x10018978                runtime_init_clocks
 .text.clock_configure_internal
                0x10018a54       0xcc CMakeFiles/grblhal_robot_arm.dir/pico-sdk/src/rp2_common/hardware_clocks/clocks.c.o
 .text.clock_configure_undivided
                0x10018b20       0x14 CMakeFiles/grblhal_robot_arm.dir/pico-sdk/src/rp2_common/hardware_clocks/clocks.c.o
                0x10018b20                clock_configure_undivided
 .text.clock_get_hz
                0x10018b34        0xc CMakeFiles/grblhal_robot_arm.dir/pico-sdk/src/rp2_common/hardware_clocks/clocks.c.o
                0x10018b34                clock_get_hz
 .text.hw_claim_lock
                0x10018b40       0x24 CMakeFiles/grblhal_robot_arm.dir/pico-sdk/src/common/hardware_claim/claim.c.o
                0x10018b40                hw_claim_lock
 .text.hw_claim_unlock
                0x10018b64       0x14 CMakeFiles/grblhal_robot_arm.dir/pico-sdk/src/common/hardware_claim/claim.c.o
                0x10018b64                hw_claim_unlock
 .text.hw_claim_or_assert
                0x10018b78       0x58 CMakeFiles/grblhal_robot_arm.dir/pico-sdk/src/common/hardware_claim/claim.c.o
                0x10018b78                hw_claim_or_assert
 .text.hw_claim_unused_from_range
                0x10018bd0       0x80 CMakeFiles/grblhal_robot_arm.dir/pico-sdk/src/common/hardware_claim/claim.c.o
                0x10018bd0                hw_claim_unused_from_range
 .text.next_striped_spin_lock_num
                0x10018c50       0x18 CMakeFiles/grblhal_robot_arm.dir/pico-sdk/src/rp2_common/hardware_sync/sync.c.o
                0x10018c50                next_striped_spin_lock_num
 .text.spin_lock_claim_unused
                0x10018c68       0x20 CMakeFiles/grblhal_robot_arm.dir/pico-sdk/src/rp2_common/hardware_sync/sync.c.o
                0x10018c68                spin_lock_claim_unused
 .text.spinlock_set_extexclall
                0x10018c88       0x10 CMakeFiles/grblhal_robot_arm.dir/pico-sdk/src/rp2_common/hardware_sync_spin_lock/sync_spin_lock.c.o
 .text.spin_locks_reset
                0x10018c98       0x18 CMakeFiles/grblhal_robot_arm.dir/pico-sdk/src/rp2_common/hardware_sync_spin_lock/sync_spin_lock.c.o
                0x10018c98                spin_locks_reset
 .text.gpio_default_irq_handler
                0x10018cb0       0x8c CMakeFiles/grblhal_robot_arm.dir/pico-sdk/src/rp2_common/hardware_gpio/gpio.c.o
 .text.gpio_set_function
                0x10018d3c       0x3c CMakeFiles/grblhal_robot_arm.dir/pico-sdk/src/rp2_common/hardware_gpio/gpio.c.o
                0x10018d3c                gpio_set_function
 .text.gpio_get_function
                0x10018d78       0x14 CMakeFiles/grblhal_robot_arm.dir/pico-sdk/src/rp2_common/hardware_gpio/gpio.c.o
                0x10018d78                gpio_get_function
 .text.gpio_set_pulls
                0x10018d8c       0x28 CMakeFiles/grblhal_robot_arm.dir/pico-sdk/src/rp2_common/hardware_gpio/gpio.c.o
                0x10018d8c                gpio_set_pulls
 .text.gpio_set_inover
                0x10018db4       0x20 CMakeFiles/grblhal_robot_arm.dir/pico-sdk/src/rp2_common/hardware_gpio/gpio.c.o
                0x10018db4                gpio_set_inover
 .text.gpio_set_outover
                0x10018dd4       0x20 CMakeFiles/grblhal_robot_arm.dir/pico-sdk/src/rp2_common/hardware_gpio/gpio.c.o
                0x10018dd4                gpio_set_outover
 .text.gpio_set_irq_enabled
                0x10018df4       0x48 CMakeFiles/grblhal_robot_arm.dir/pico-sdk/src/rp2_common/hardware_gpio/gpio.c.o
                0x10018df4                gpio_set_irq_enabled
 .text.gpio_set_irq_callback
                0x10018e3c       0x40 CMakeFiles/grblhal_robot_arm.dir/pico-sdk/src/rp2_common/hardware_gpio/gpio.c.o
                0x10018e3c                gpio_set_irq_callback
 .text.gpio_set_irq_enabled_with_callback
                0x10018e7c       0x5c CMakeFiles/grblhal_robot_arm.dir/pico-sdk/src/rp2_common/hardware_gpio/gpio.c.o
                0x10018e7c                gpio_set_irq_enabled_with_callback
 .text.gpio_init
                0x10018ed8       0x48 CMakeFiles/grblhal_robot_arm.dir/pico-sdk/src/rp2_common/hardware_gpio/gpio.c.o